Archive member included because of file (symbol)

C:\Users\Kelvin\Documents\GitHub\ee2024\Lib_EaBaseBoard\Debug\libLib_EaBaseBoard.a(acc.o)
                              ./src/main.o (acc_init)
C:\Users\Kelvin\Documents\GitHub\ee2024\Lib_EaBaseBoard\Debug\libLib_EaBaseBoard.a(led7seg.o)
                              ./src/main.o (led7seg_init)
C:\Users\Kelvin\Documents\GitHub\ee2024\Lib_EaBaseBoard\Debug\libLib_EaBaseBoard.a(light.o)
                              ./src/main.o (light_init)
C:\Users\Kelvin\Documents\GitHub\ee2024\Lib_EaBaseBoard\Debug\libLib_EaBaseBoard.a(oled.o)
                              ./src/main.o (oled_init)
C:\Users\Kelvin\Documents\GitHub\ee2024\Lib_EaBaseBoard\Debug\libLib_EaBaseBoard.a(pca9532.o)
                              ./src/main.o (pca9532_init)
C:\Users\Kelvin\Documents\GitHub\ee2024\Lib_EaBaseBoard\Debug\libLib_EaBaseBoard.a(rgb.o)
                              ./src/main.o (rgb_init)
C:\Users\Kelvin\Documents\GitHub\ee2024\Lib_EaBaseBoard\Debug\libLib_EaBaseBoard.a(temp.o)
                              ./src/main.o (temp_init)
C:\Users\Kelvin\Documents\GitHub\ee2024\Lib_EaBaseBoard\Debug\libLib_EaBaseBoard.a(font5x7.o)
                              C:\Users\Kelvin\Documents\GitHub\ee2024\Lib_EaBaseBoard\Debug\libLib_EaBaseBoard.a(oled.o) (font5x7)
C:\Users\Kelvin\Documents\GitHub\ee2024\Lib_MCU\Debug\libLib_MCU.a(lpc17xx_gpio.o)
                              ./src/main.o (GPIO_SetDir)
C:\Users\Kelvin\Documents\GitHub\ee2024\Lib_MCU\Debug\libLib_MCU.a(lpc17xx_i2c.o)
                              ./src/main.o (I2C_Init)
C:\Users\Kelvin\Documents\GitHub\ee2024\Lib_MCU\Debug\libLib_MCU.a(lpc17xx_pinsel.o)
                              ./src/main.o (PINSEL_ConfigPin)
C:\Users\Kelvin\Documents\GitHub\ee2024\Lib_MCU\Debug\libLib_MCU.a(lpc17xx_ssp.o)
                              ./src/main.o (SSP_Init)
C:\Users\Kelvin\Documents\GitHub\ee2024\Lib_MCU\Debug\libLib_MCU.a(lpc17xx_timer.o)
                              ./src/main.o (TIM_ClearIntPending)
C:\Users\Kelvin\Documents\GitHub\ee2024\Lib_MCU\Debug\libLib_MCU.a(lpc17xx_uart.o)
                              ./src/main.o (UART_TxCmd)
C:\Users\Kelvin\Documents\GitHub\ee2024\Lib_MCU\Debug\libLib_MCU.a(lpc17xx_clkpwr.o)
                              C:\Users\Kelvin\Documents\GitHub\ee2024\Lib_MCU\Debug\libLib_MCU.a(lpc17xx_i2c.o) (CLKPWR_SetPCLKDiv)
C:\Users\Kelvin\Documents\GitHub\ee2024\Lib_CMSISv1p30_LPC17xx\Debug\libCMSISv1p30_LPC17xx.a(system_LPC17xx.o)
                              ./src/main.o (SystemCoreClock)
c:/nxp/lpcxpresso_6.1.4_194/lpcxpresso/tools/bin/../lib/gcc/arm-none-eabi/4.6.2/armv7-m\libgcc.a(_arm_addsubdf3.o)
                              ./src/main.o (__aeabi_i2d)
c:/nxp/lpcxpresso_6.1.4_194/lpcxpresso/tools/bin/../lib/gcc/arm-none-eabi/4.6.2/armv7-m\libgcc.a(_arm_muldivdf3.o)
                              ./src/main.o (__aeabi_ddiv)
c:/nxp/lpcxpresso_6.1.4_194/lpcxpresso/tools/bin/../lib/gcc/arm-none-eabi/4.6.2/armv7-m\libgcc.a(_aeabi_uldivmod.o)
                              C:\Users\Kelvin\Documents\GitHub\ee2024\Lib_MCU\Debug\libLib_MCU.a(lpc17xx_timer.o) (__aeabi_uldivmod)
c:/nxp/lpcxpresso_6.1.4_194/lpcxpresso/tools/bin/../lib/gcc/arm-none-eabi/4.6.2/armv7-m\libgcc.a(bpabi.o)
                              c:/nxp/lpcxpresso_6.1.4_194/lpcxpresso/tools/bin/../lib/gcc/arm-none-eabi/4.6.2/armv7-m\libgcc.a(_aeabi_uldivmod.o) (__gnu_uldivmod_helper)
c:/nxp/lpcxpresso_6.1.4_194/lpcxpresso/tools/bin/../lib/gcc/arm-none-eabi/4.6.2/armv7-m\libgcc.a(_dvmd_tls.o)
                              c:/nxp/lpcxpresso_6.1.4_194/lpcxpresso/tools/bin/../lib/gcc/arm-none-eabi/4.6.2/armv7-m\libgcc.a(_aeabi_uldivmod.o) (__aeabi_ldiv0)
c:/nxp/lpcxpresso_6.1.4_194/lpcxpresso/tools/bin/../lib/gcc/arm-none-eabi/4.6.2/armv7-m\libgcc.a(_divdi3.o)
                              c:/nxp/lpcxpresso_6.1.4_194/lpcxpresso/tools/bin/../lib/gcc/arm-none-eabi/4.6.2/armv7-m\libgcc.a(bpabi.o) (__divdi3)
c:/nxp/lpcxpresso_6.1.4_194/lpcxpresso/tools/bin/../lib/gcc/arm-none-eabi/4.6.2/armv7-m\libgcc.a(_udivdi3.o)
                              c:/nxp/lpcxpresso_6.1.4_194/lpcxpresso/tools/bin/../lib/gcc/arm-none-eabi/4.6.2/armv7-m\libgcc.a(bpabi.o) (__udivdi3)
c:/nxp/lpcxpresso_6.1.4_194/lpcxpresso/tools/bin/../lib/gcc/arm-none-eabi/4.6.2/../../../../arm-none-eabi/lib/armv7-m\libc.a(lib_a-malloc.o)
                              ./src/main.o (malloc)
c:/nxp/lpcxpresso_6.1.4_194/lpcxpresso/tools/bin/../lib/gcc/arm-none-eabi/4.6.2/../../../../arm-none-eabi/lib/armv7-m\libc.a(lib_a-mallocr.o)
                              c:/nxp/lpcxpresso_6.1.4_194/lpcxpresso/tools/bin/../lib/gcc/arm-none-eabi/4.6.2/../../../../arm-none-eabi/lib/armv7-m\libc.a(lib_a-malloc.o) (_malloc_r)
c:/nxp/lpcxpresso_6.1.4_194/lpcxpresso/tools/bin/../lib/gcc/arm-none-eabi/4.6.2/../../../../arm-none-eabi/lib/armv7-m\libc.a(lib_a-memset.o)
                              C:\Users\Kelvin\Documents\GitHub\ee2024\Lib_EaBaseBoard\Debug\libLib_EaBaseBoard.a(oled.o) (memset)
[...]
Memory Configuration

Name             Origin             Length             Attributes
MFlash512        0x00000000         0x00080000         xr
RamLoc32         0x10000000         0x00008000         xrw
RamAHB32         0x2007c000         0x00008000         xrw
*default*        0x00000000         0xffffffff

Linker script and memory map

LOAD ./src/cr_startup_lpc17.o
LOAD ./src/main.o
LOAD C:\Users\Kelvin\Documents\GitHub\ee2024\Lib_EaBaseBoard\Debug\libLib_EaBaseBoard.a
LOAD C:\Users\Kelvin\Documents\GitHub\ee2024\Lib_MCU\Debug\libLib_MCU.a
LOAD C:\Users\Kelvin\Documents\GitHub\ee2024\Lib_CMSISv1p30_LPC17xx\Debug\libCMSISv1p30_LPC17xx.a
START GROUP
LOAD c:/nxp/lpcxpresso_6.1.4_194/lpcxpresso/tools/bin/../lib/gcc/arm-none-eabi/4.6.2/armv7-m\libgcc.a
LOAD c:/nxp/lpcxpresso_6.1.4_194/lpcxpresso/tools/bin/../lib/gcc/arm-none-eabi/4.6.2/../../../../arm-none-eabi/lib/armv7-m\libc.a
LOAD c:/nxp/lpcxpresso_6.1.4_194/lpcxpresso/tools/bin/../lib/gcc/arm-none-eabi/4.6.2/../../../../arm-none-eabi/lib/armv7-m\libm.a
LOAD c:/nxp/lpcxpresso_6.1.4_194/lpcxpresso/tools/bin/../lib/gcc/arm-none-eabi/4.6.2/../../../../arm-none-eabi/lib/armv7-m\libcr_newlib_semihost.a
END GROUP
                0x00080000                __top_MFlash512 = 0x80000
                0x10008000                __top_RamLoc32 = 0x10008000
                0x20084000                __top_RamAHB32 = 0x20084000

.text           0x00000000     0xc9e8
 FILL mask 0xff
                0x00000000                __vectors_start__ = ABSOLUTE (.)
 *(.isr_vector)
 .isr_vector    0x00000000       0xcc ./src/cr_startup_lpc17.o
                0x00000000                g_pfnVectors
                0x000000cc                . = ALIGN (0x4)
                0x000000cc                __section_table_start = .
                0x000000cc                __data_section_table = .
                0x000000cc        0x4 LONG 0xc9f0 LOADADDR (.data)
                0x000000d0        0x4 LONG 0x10000000 ADDR (.data)
                0x000000d4        0x4 LONG 0x8fc SIZEOF (.data)
                0x000000d8        0x4 LONG 0xc9f0 LOADADDR (.data_RAM2)
                0x000000dc        0x4 LONG 0x2007c000 ADDR (.data_RAM2)
                0x000000e0        0x4 LONG 0x0 SIZEOF (.data_RAM2)
                0x000000e4                __data_section_table_end = .
                0x000000e4                __bss_section_table = .
                0x000000e4        0x4 LONG 0x100008fc ADDR (.bss)
                0x000000e8        0x4 LONG 0x3e8 SIZEOF (.bss)
                0x000000ec        0x4 LONG 0x2007c000 ADDR (.bss_RAM2)
                0x000000f0        0x4 LONG 0x0 SIZEOF (.bss_RAM2)
                0x000000f4                __bss_section_table_end = .
                0x000000f4                __section_table_end = .
 *(.after_vectors*)
 *(.text*)
 .text.ResetISR
                0x000000f4       0x68 ./src/cr_startup_lpc17.o
                0x000000f4                ResetISR
 .text.NMI_Handler
                0x0000015c        0x8 ./src/cr_startup_lpc17.o
                0x0000015c                NMI_Handler
 .text.HardFault_Handler
                0x00000164        0x8 ./src/cr_startup_lpc17.o
                0x00000164                HardFault_Handler
 .text.MemManage_Handler
                0x0000016c        0x8 ./src/cr_startup_lpc17.o
                0x0000016c                MemManage_Handler
 .text.BusFault_Handler
                0x00000174        0x8 ./src/cr_startup_lpc17.o
                0x00000174                BusFault_Handler
 .text.UsageFault_Handler
                0x0000017c        0x8 ./src/cr_startup_lpc17.o
                0x0000017c                UsageFault_Handler
 .text.SVCall_Handler
                0x00000184        0x8 ./src/cr_startup_lpc17.o
                0x00000184                SVCall_Handler
 .text.DebugMon_Handler
                0x0000018c        0x8 ./src/cr_startup_lpc17.o
                0x0000018c                DebugMon_Handler
 .text.PendSV_Handler
                0x00000194        0x8 ./src/cr_startup_lpc17.o
                0x00000194                PendSV_Handler
 .text.IntDefaultHandler
                0x0000019c        0x8 ./src/cr_startup_lpc17.o
                0x0000019c                RIT_IRQHandler
                0x0000019c                I2C0_IRQHandler
                0x0000019c                USBActivity_IRQHandler
                0x0000019c                PWM1_IRQHandler
                0x0000019c                I2C1_IRQHandler
                0x0000019c                EINT2_IRQHandler
                0x0000019c                UART1_IRQHandler
                0x0000019c                CANActivity_IRQHandler
                0x0000019c                UART0_IRQHandler
                0x0000019c                IntDefaultHandler
                0x0000019c                PLL0_IRQHandler
                0x0000019c                CAN_IRQHandler
                0x0000019c                PLL1_IRQHandler
                0x0000019c                SSP0_IRQHandler
                0x0000019c                I2S_IRQHandler
                0x0000019c                I2C2_IRQHandler
                0x0000019c                RTC_IRQHandler
                0x0000019c                TIMER0_IRQHandler
                0x0000019c                SPI_IRQHandler
                0x0000019c                EINT1_IRQHandler
                0x0000019c                UART2_IRQHandler
                0x0000019c                ADC_IRQHandler
                0x0000019c                SSP1_IRQHandler
                0x0000019c                USB_IRQHandler
                0x0000019c                BOD_IRQHandler
                0x0000019c                WDT_IRQHandler
                0x0000019c                QEI_IRQHandler
                0x0000019c                EINT0_IRQHandler
                0x0000019c                DMA_IRQHandler
                0x0000019c                UART3_IRQHandler
                0x0000019c                MCPWM_IRQHandler
                0x0000019c                ENET_IRQHandler
 .text.NVIC_SetPriorityGrouping
                0x000001a4       0x50 ./src/main.o
 .text.NVIC_EnableIRQ
                0x000001f4       0x38 ./src/main.o
 .text.NVIC_DisableIRQ
                0x0000022c       0x3c ./src/main.o
 .text.NVIC_SetPriority
                0x00000268       0x5c ./src/main.o
 .text.NVIC_EncodePriority
                0x000002c4       0x78 ./src/main.o
 .text.SysTick_Config
                0x0000033c       0x64 ./src/main.o
 .text.enq      0x000003a0       0xc8 ./src/main.o
                0x000003a0                enq
 .text.deq      0x00000468       0x64 ./src/main.o
                0x00000468                deq
 .text.i2c_setup
                0x000004cc       0x5c ./src/main.o
 .text.ssp_setup
                0x00000528       0x98 ./src/main.o
 .text.getUsTicks
                0x000005c0       0x18 ./src/main.o
                0x000005c0                getUsTicks
 .text.systick_setup
                0x000005d8       0x28 ./src/main.o
                0x000005d8                systick_setup
 .text.timer_init
                0x00000600       0x68 ./src/main.o
                0x00000600                timer_init
 .text.timers_setup
                0x00000668       0x38 ./src/main.o
                0x00000668                timers_setup
 .text.light_setup
                0x000006a0       0x90 ./src/main.o
                0x000006a0                light_setup
 .text.acc_setup
                0x00000730       0x74 ./src/main.o
                0x00000730                acc_setup
 .text.temp_setup
                0x000007a4       0x14 ./src/main.o
                0x000007a4                temp_setup
 .text.sw3_setup
                0x000007b8       0x5c ./src/main.o
 .text.led7seg_setup
                0x00000814       0x18 ./src/main.o
                0x00000814                led7seg_setup
 .text.oled_setup
                0x0000082c       0x14 ./src/main.o
                0x0000082c                oled_setup
 .text.pca9532_setup
                0x00000840       0x18 ./src/main.o
                0x00000840                pca9532_setup
 .text.rgb_setup
                0x00000858       0x14 ./src/main.o
                0x00000858                rgb_setup
 .text.uart_setup
                0x0000086c       0x74 ./src/main.o
                0x0000086c                uart_setup
 .text.nvic_setup
                0x000008e0       0xc8 ./src/main.o
                0x000008e0                nvic_setup
 .text.init     0x000009a8       0x40 ./src/main.o
                0x000009a8                init
 .text.tickTime
                0x000009e8       0x60 ./src/main.o
                0x000009e8                tickTime
 .text.readAccelerometer
                0x00000a48       0x9c ./src/main.o
                0x00000a48                readAccelerometer
 .text.readLight
                0x00000ae4       0x18 ./src/main.o
                0x00000ae4                readLight
 .text.readTemp
                0x00000afc       0x18 ./src/main.o
                0x00000afc                readTemp
 .text.basicRead
                0x00000b14       0x14 ./src/main.o
                0x00000b14                basicRead
 .text.restrictedRead
                0x00000b28        0xc ./src/main.o
                0x00000b28                restrictedRead
 .text.readSensors
                0x00000b34       0x38 ./src/main.o
                0x00000b34                readSensors
 .text.basicPrint
                0x00000b6c      0x1dc ./src/main.o
                0x00000b6c                basicPrint
 .text.restrictedPrint
                0x00000d48       0xe0 ./src/main.o
                0x00000d48                restrictedPrint
 .text.printResults
                0x00000e28       0x84 ./src/main.o
                0x00000e28                printResults
 .text.switchToBasic
                0x00000eac       0x68 ./src/main.o
                0x00000eac                switchToBasic
 .text.switchToRestricted
                0x00000f14       0x58 ./src/main.o
                0x00000f14                switchToRestricted
 .text.basicUpdate
                0x00000f6c       0x1c ./src/main.o
                0x00000f6c                basicUpdate
 .text.restrictedUpdate
                0x00000f88       0x78 ./src/main.o
                0x00000f88                restrictedUpdate
 .text.updateMode
                0x00001000       0x38 ./src/main.o
                0x00001000                updateMode
 .text.loop     0x00001038       0x74 ./src/main.o
                0x00001038                loop
 .text.main     0x000010ac       0x14 ./src/main.o
                0x000010ac                main
 .text.TIMER1_IRQHandler
                0x000010c0       0x28 ./src/main.o
                0x000010c0                TIMER1_IRQHandler
 .text.TIMER2_IRQHandler
                0x000010e8       0x3c ./src/main.o
                0x000010e8                TIMER2_IRQHandler
 .text.TIMER3_IRQHandler
                0x00001124       0x28 ./src/main.o
                0x00001124                TIMER3_IRQHandler
 .text.EINT3_IRQHandler
                0x0000114c       0xe8 ./src/main.o
                0x0000114c                EINT3_IRQHandler
 .text.SysTick_Handler
                0x00001234       0x24 ./src/main.o
                0x00001234                SysTick_Handler
 .text.check_failed
                0x00001258        0xc ./src/main.o
                0x00001258                check_failed
 .text.I2CRead  0x00001264       0x5c C:\Users\Kelvin\Documents\GitHub\ee2024\Lib_EaBaseBoard\Debug\libLib_EaBaseBoard.a(acc.o)
 .text.I2CWrite
                0x000012c0       0x5c C:\Users\Kelvin\Documents\GitHub\ee2024\Lib_EaBaseBoard\Debug\libLib_EaBaseBoard.a(acc.o)
 .text.getStatus
                0x0000131c       0x3c C:\Users\Kelvin\Documents\GitHub\ee2024\Lib_EaBaseBoard\Debug\libLib_EaBaseBoard.a(acc.o)
 .text.setModeControl
                0x00001358       0x30 C:\Users\Kelvin\Documents\GitHub\ee2024\Lib_EaBaseBoard\Debug\libLib_EaBaseBoard.a(acc.o)
 .text.acc_init
                0x00001388       0x10 C:\Users\Kelvin\Documents\GitHub\ee2024\Lib_EaBaseBoard\Debug\libLib_EaBaseBoard.a(acc.o)
                0x00001388                acc_init
 .text.acc_read
                0x00001398       0xbc C:\Users\Kelvin\Documents\GitHub\ee2024\Lib_EaBaseBoard\Debug\libLib_EaBaseBoard.a(acc.o)
                0x00001398                acc_read
 .text.remap    0x00001454       0x6c C:\Users\Kelvin\Documents\GitHub\ee2024\Lib_EaBaseBoard\Debug\libLib_EaBaseBoard.a(led7seg.o)
 .text.led7seg_init
                0x000014c0       0x24 C:\Users\Kelvin\Documents\GitHub\ee2024\Lib_EaBaseBoard\Debug\libLib_EaBaseBoard.a(led7seg.o)
                0x000014c0                led7seg_init
 .text.led7seg_setChar
                0x000014e4       0x90 C:\Users\Kelvin\Documents\GitHub\ee2024\Lib_EaBaseBoard\Debug\libLib_EaBaseBoard.a(led7seg.o)
                0x000014e4                led7seg_setChar
 .text.I2CRead  0x00001574       0x5c C:\Users\Kelvin\Documents\GitHub\ee2024\Lib_EaBaseBoard\Debug\libLib_EaBaseBoard.a(light.o)
 .text.I2CWrite
                0x000015d0       0x5c C:\Users\Kelvin\Documents\GitHub\ee2024\Lib_EaBaseBoard\Debug\libLib_EaBaseBoard.a(light.o)
 .text.readCommandReg
                0x0000162c       0x3c C:\Users\Kelvin\Documents\GitHub\ee2024\Lib_EaBaseBoard\Debug\libLib_EaBaseBoard.a(light.o)
 .text.readControlReg
                0x00001668       0x3c C:\Users\Kelvin\Documents\GitHub\ee2024\Lib_EaBaseBoard\Debug\libLib_EaBaseBoard.a(light.o)
 .text.light_init
                0x000016a4        0xc C:\Users\Kelvin\Documents\GitHub\ee2024\Lib_EaBaseBoard\Debug\libLib_EaBaseBoard.a(light.o)
                0x000016a4                light_init
 .text.light_enable
                0x000016b0       0x48 C:\Users\Kelvin\Documents\GitHub\ee2024\Lib_EaBaseBoard\Debug\libLib_EaBaseBoard.a(light.o)
                0x000016b0                light_enable
 .text.light_read
                0x000016f8       0x90 C:\Users\Kelvin\Documents\GitHub\ee2024\Lib_EaBaseBoard\Debug\libLib_EaBaseBoard.a(light.o)
                0x000016f8                light_read
 .text.light_setWidth
                0x00001788       0xa4 C:\Users\Kelvin\Documents\GitHub\ee2024\Lib_EaBaseBoard\Debug\libLib_EaBaseBoard.a(light.o)
                0x00001788                light_setWidth
 .text.light_setRange
                0x0000182c       0xac C:\Users\Kelvin\Documents\GitHub\ee2024\Lib_EaBaseBoard\Debug\libLib_EaBaseBoard.a(light.o)
                0x0000182c                light_setRange
 .text.light_setHiThreshold
                0x000018d8       0x58 C:\Users\Kelvin\Documents\GitHub\ee2024\Lib_EaBaseBoard\Debug\libLib_EaBaseBoard.a(light.o)
                0x000018d8                light_setHiThreshold
 .text.light_setLoThreshold
                0x00001930       0x58 C:\Users\Kelvin\Documents\GitHub\ee2024\Lib_EaBaseBoard\Debug\libLib_EaBaseBoard.a(light.o)
                0x00001930                light_setLoThreshold
 .text.light_setIrqInCycles
                0x00001988       0x48 C:\Users\Kelvin\Documents\GitHub\ee2024\Lib_EaBaseBoard\Debug\libLib_EaBaseBoard.a(light.o)
                0x00001988                light_setIrqInCycles
 .text.light_clearIrqStatus
                0x000019d0       0x3c C:\Users\Kelvin\Documents\GitHub\ee2024\Lib_EaBaseBoard\Debug\libLib_EaBaseBoard.a(light.o)
                0x000019d0                light_clearIrqStatus
 .text.writeCommand
                0x00001a0c       0x60 C:\Users\Kelvin\Documents\GitHub\ee2024\Lib_EaBaseBoard\Debug\libLib_EaBaseBoard.a(oled.o)
 .text.writeData
                0x00001a6c       0x60 C:\Users\Kelvin\Documents\GitHub\ee2024\Lib_EaBaseBoard\Debug\libLib_EaBaseBoard.a(oled.o)
 .text.writeDataLen
                0x00001acc       0x8c C:\Users\Kelvin\Documents\GitHub\ee2024\Lib_EaBaseBoard\Debug\libLib_EaBaseBoard.a(oled.o)
 .text.runInitSequence
                0x00001b58      0x118 C:\Users\Kelvin\Documents\GitHub\ee2024\Lib_EaBaseBoard\Debug\libLib_EaBaseBoard.a(oled.o)
 .text.oled_init
                0x00001c70       0x9c C:\Users\Kelvin\Documents\GitHub\ee2024\Lib_EaBaseBoard\Debug\libLib_EaBaseBoard.a(oled.o)
                0x00001c70                oled_init
 .text.oled_putPixel
                0x00001d0c      0x188 C:\Users\Kelvin\Documents\GitHub\ee2024\Lib_EaBaseBoard\Debug\libLib_EaBaseBoard.a(oled.o)
                0x00001d0c                oled_putPixel
 .text.oled_clearScreen
                0x00001e94       0x74 C:\Users\Kelvin\Documents\GitHub\ee2024\Lib_EaBaseBoard\Debug\libLib_EaBaseBoard.a(oled.o)
                0x00001e94                oled_clearScreen
 .text.oled_putChar
                0x00001f08       0xf0 C:\Users\Kelvin\Documents\GitHub\ee2024\Lib_EaBaseBoard\Debug\libLib_EaBaseBoard.a(oled.o)
                0x00001f08                oled_putChar
 .text.oled_putString
                0x00001ff8       0x54 C:\Users\Kelvin\Documents\GitHub\ee2024\Lib_EaBaseBoard\Debug\libLib_EaBaseBoard.a(oled.o)
                0x00001ff8                oled_putString
 .text.I2CWrite
                0x0000204c       0x5c C:\Users\Kelvin\Documents\GitHub\ee2024\Lib_EaBaseBoard\Debug\libLib_EaBaseBoard.a(pca9532.o)
 .text.setLsStates
                0x000020a8       0xc4 C:\Users\Kelvin\Documents\GitHub\ee2024\Lib_EaBaseBoard\Debug\libLib_EaBaseBoard.a(pca9532.o)
 .text.setLeds  0x0000216c       0xa0 C:\Users\Kelvin\Documents\GitHub\ee2024\Lib_EaBaseBoard\Debug\libLib_EaBaseBoard.a(pca9532.o)
 .text.pca9532_init
                0x0000220c        0xc C:\Users\Kelvin\Documents\GitHub\ee2024\Lib_EaBaseBoard\Debug\libLib_EaBaseBoard.a(pca9532.o)
                0x0000220c                pca9532_init
 .text.pca9532_setLeds
                0x00002218       0xa0 C:\Users\Kelvin\Documents\GitHub\ee2024\Lib_EaBaseBoard\Debug\libLib_EaBaseBoard.a(pca9532.o)
                0x00002218                pca9532_setLeds
 .text.rgb_init
                0x000022b8       0x38 C:\Users\Kelvin\Documents\GitHub\ee2024\Lib_EaBaseBoard\Debug\libLib_EaBaseBoard.a(rgb.o)
                0x000022b8                rgb_init
 .text.rgb_setLeds
                0x000022f0       0x80 C:\Users\Kelvin\Documents\GitHub\ee2024\Lib_EaBaseBoard\Debug\libLib_EaBaseBoard.a(rgb.o)
                0x000022f0                rgb_setLeds
 .text.temp_init
                0x00002370       0x2c C:\Users\Kelvin\Documents\GitHub\ee2024\Lib_EaBaseBoard\Debug\libLib_EaBaseBoard.a(temp.o)
                0x00002370                temp_init
 .text.temp_read
                0x0000239c       0xf8 C:\Users\Kelvin\Documents\GitHub\ee2024\Lib_EaBaseBoard\Debug\libLib_EaBaseBoard.a(temp.o)
                0x0000239c                temp_read
 .text.GPIO_GetPointer
                0x00002494       0x7c C:\Users\Kelvin\Documents\GitHub\ee2024\Lib_MCU\Debug\libLib_MCU.a(lpc17xx_gpio.o)
 .text.GPIO_SetDir
                0x00002510       0x54 C:\Users\Kelvin\Documents\GitHub\ee2024\Lib_MCU\Debug\libLib_MCU.a(lpc17xx_gpio.o)
                0x00002510                GPIO_SetDir
 .text.GPIO_SetValue
                0x00002564       0x2c C:\Users\Kelvin\Documents\GitHub\ee2024\Lib_MCU\Debug\libLib_MCU.a(lpc17xx_gpio.o)
                0x00002564                GPIO_SetValue
 .text.GPIO_ClearValue
                0x00002590       0x2c C:\Users\Kelvin\Documents\GitHub\ee2024\Lib_MCU\Debug\libLib_MCU.a(lpc17xx_gpio.o)
                0x00002590                GPIO_ClearValue
 .text.GPIO_ReadValue
                0x000025bc       0x30 C:\Users\Kelvin\Documents\GitHub\ee2024\Lib_MCU\Debug\libLib_MCU.a(lpc17xx_gpio.o)
                0x000025bc                GPIO_ReadValue
 .text.NVIC_EnableIRQ
                0x000025ec       0x38 C:\Users\Kelvin\Documents\GitHub\ee2024\Lib_MCU\Debug\libLib_MCU.a(lpc17xx_i2c.o)
 .text.NVIC_DisableIRQ
                0x00002624       0x3c C:\Users\Kelvin\Documents\GitHub\ee2024\Lib_MCU\Debug\libLib_MCU.a(lpc17xx_i2c.o)
 .text.I2C_getNum
                0x00002660       0x54 C:\Users\Kelvin\Documents\GitHub\ee2024\Lib_MCU\Debug\libLib_MCU.a(lpc17xx_i2c.o)
 .text.I2C_Start
                0x000026b4       0x44 C:\Users\Kelvin\Documents\GitHub\ee2024\Lib_MCU\Debug\libLib_MCU.a(lpc17xx_i2c.o)
 .text.I2C_Stop
                0x000026f8       0x38 C:\Users\Kelvin\Documents\GitHub\ee2024\Lib_MCU\Debug\libLib_MCU.a(lpc17xx_i2c.o)
 .text.I2C_SendByte
                0x00002730       0x50 C:\Users\Kelvin\Documents\GitHub\ee2024\Lib_MCU\Debug\libLib_MCU.a(lpc17xx_i2c.o)
 .text.I2C_GetByte
                0x00002780       0x5c C:\Users\Kelvin\Documents\GitHub\ee2024\Lib_MCU\Debug\libLib_MCU.a(lpc17xx_i2c.o)
 .text.I2C_IntCmd
                0x000027dc       0xa8 C:\Users\Kelvin\Documents\GitHub\ee2024\Lib_MCU\Debug\libLib_MCU.a(lpc17xx_i2c.o)
                0x000027dc                I2C_IntCmd
 .text.I2C_MasterHandler
                0x00002884      0x408 C:\Users\Kelvin\Documents\GitHub\ee2024\Lib_MCU\Debug\libLib_MCU.a(lpc17xx_i2c.o)
                0x00002884                I2C_MasterHandler
 .text.I2C_SetClock
                0x00002c8c       0xc8 C:\Users\Kelvin\Documents\GitHub\ee2024\Lib_MCU\Debug\libLib_MCU.a(lpc17xx_i2c.o)
                0x00002c8c                I2C_SetClock
 .text.I2C_Init
                0x00002d54       0xd8 C:\Users\Kelvin\Documents\GitHub\ee2024\Lib_MCU\Debug\libLib_MCU.a(lpc17xx_i2c.o)
                0x00002d54                I2C_Init
 .text.I2C_Cmd  0x00002e2c       0x84 C:\Users\Kelvin\Documents\GitHub\ee2024\Lib_MCU\Debug\libLib_MCU.a(lpc17xx_i2c.o)
                0x00002e2c                I2C_Cmd
 .text.I2C_MasterTransferData
                0x00002eb0      0x390 C:\Users\Kelvin\Documents\GitHub\ee2024\Lib_MCU\Debug\libLib_MCU.a(lpc17xx_i2c.o)
                0x00002eb0                I2C_MasterTransferData
 .text.PINSEL_SetPinFunc
                0x00003240       0x9c C:\Users\Kelvin\Documents\GitHub\ee2024\Lib_MCU\Debug\libLib_MCU.a(lpc17xx_pinsel.o)
                0x00003240                PINSEL_SetPinFunc
 .text.PINSEL_SetResistorMode
                0x000032dc       0x9c C:\Users\Kelvin\Documents\GitHub\ee2024\Lib_MCU\Debug\libLib_MCU.a(lpc17xx_pinsel.o)
                0x000032dc                PINSEL_SetResistorMode
 .text.PINSEL_SetOpenDrainMode
                0x00003378       0x7c C:\Users\Kelvin\Documents\GitHub\ee2024\Lib_MCU\Debug\libLib_MCU.a(lpc17xx_pinsel.o)
                0x00003378                PINSEL_SetOpenDrainMode
 .text.PINSEL_ConfigPin
                0x000033f4       0x54 C:\Users\Kelvin\Documents\GitHub\ee2024\Lib_MCU\Debug\libLib_MCU.a(lpc17xx_pinsel.o)
                0x000033f4                PINSEL_ConfigPin
 .text.SSP_getNum
                0x00003448       0x40 C:\Users\Kelvin\Documents\GitHub\ee2024\Lib_MCU\Debug\libLib_MCU.a(lpc17xx_ssp.o)
 .text.SSP_IntHandler
                0x00003488      0x338 C:\Users\Kelvin\Documents\GitHub\ee2024\Lib_MCU\Debug\libLib_MCU.a(lpc17xx_ssp.o)
                0x00003488                SSP_IntHandler
 .text.SSP_SetClock
                0x000037c0       0xf8 C:\Users\Kelvin\Documents\GitHub\ee2024\Lib_MCU\Debug\libLib_MCU.a(lpc17xx_ssp.o)
                0x000037c0                SSP_SetClock
 .text.SSP_Init
                0x000038b8      0x10c C:\Users\Kelvin\Documents\GitHub\ee2024\Lib_MCU\Debug\libLib_MCU.a(lpc17xx_ssp.o)
                0x000038b8                SSP_Init
 .text.SSP_ConfigStructInit
                0x000039c4       0x48 C:\Users\Kelvin\Documents\GitHub\ee2024\Lib_MCU\Debug\libLib_MCU.a(lpc17xx_ssp.o)
                0x000039c4                SSP_ConfigStructInit
 .text.SSP_Cmd  0x00003a0c       0x7c C:\Users\Kelvin\Documents\GitHub\ee2024\Lib_MCU\Debug\libLib_MCU.a(lpc17xx_ssp.o)
                0x00003a0c                SSP_Cmd
 .text.SSP_SendData
                0x00003a88       0x48 C:\Users\Kelvin\Documents\GitHub\ee2024\Lib_MCU\Debug\libLib_MCU.a(lpc17xx_ssp.o)
                0x00003a88                SSP_SendData
 .text.SSP_ReceiveData
                0x00003ad0       0x44 C:\Users\Kelvin\Documents\GitHub\ee2024\Lib_MCU\Debug\libLib_MCU.a(lpc17xx_ssp.o)
                0x00003ad0                SSP_ReceiveData
 .text.SSP_ReadWrite
                0x00003b14      0x440 C:\Users\Kelvin\Documents\GitHub\ee2024\Lib_MCU\Debug\libLib_MCU.a(lpc17xx_ssp.o)
                0x00003b14                SSP_ReadWrite
 .text.TIM_GetPClock
                0x00003f54       0x68 C:\Users\Kelvin\Documents\GitHub\ee2024\Lib_MCU\Debug\libLib_MCU.a(lpc17xx_timer.o)
                0x00003f54                TIM_GetPClock
 .text.TIM_ConverUSecToVal
                0x00003fbc       0x64 C:\Users\Kelvin\Documents\GitHub\ee2024\Lib_MCU\Debug\libLib_MCU.a(lpc17xx_timer.o)
                0x00003fbc                TIM_ConverUSecToVal
 .text.TIM_ConverPtrToTimeNum
                0x00004020       0x6c C:\Users\Kelvin\Documents\GitHub\ee2024\Lib_MCU\Debug\libLib_MCU.a(lpc17xx_timer.o)
                0x00004020                TIM_ConverPtrToTimeNum
 .text.TIM_GetIntStatus
                0x0000408c       0xb4 C:\Users\Kelvin\Documents\GitHub\ee2024\Lib_MCU\Debug\libLib_MCU.a(lpc17xx_timer.o)
                0x0000408c                TIM_GetIntStatus
 .text.TIM_ClearIntPending
                0x00004140       0xa0 C:\Users\Kelvin\Documents\GitHub\ee2024\Lib_MCU\Debug\libLib_MCU.a(lpc17xx_timer.o)
                0x00004140                TIM_ClearIntPending
 .text.TIM_Init
                0x000041e0      0x1bc C:\Users\Kelvin\Documents\GitHub\ee2024\Lib_MCU\Debug\libLib_MCU.a(lpc17xx_timer.o)
                0x000041e0                TIM_Init
 .text.TIM_Cmd  0x0000439c       0x78 C:\Users\Kelvin\Documents\GitHub\ee2024\Lib_MCU\Debug\libLib_MCU.a(lpc17xx_timer.o)
                0x0000439c                TIM_Cmd
 .text.TIM_ResetCounter
                0x00004414       0x6c C:\Users\Kelvin\Documents\GitHub\ee2024\Lib_MCU\Debug\libLib_MCU.a(lpc17xx_timer.o)
                0x00004414                TIM_ResetCounter
 .text.TIM_ConfigMatch
                0x00004480      0x19c C:\Users\Kelvin\Documents\GitHub\ee2024\Lib_MCU\Debug\libLib_MCU.a(lpc17xx_timer.o)
                0x00004480                TIM_ConfigMatch
 .text.Timer0_Wait
                0x0000461c       0x8c C:\Users\Kelvin\Documents\GitHub\ee2024\Lib_MCU\Debug\libLib_MCU.a(lpc17xx_timer.o)
                0x0000461c                Timer0_Wait
 .text.uart_set_divisors
                0x000046a8      0x26c C:\Users\Kelvin\Documents\GitHub\ee2024\Lib_MCU\Debug\libLib_MCU.a(lpc17xx_uart.o)
                0x000046a8                uart_set_divisors
 .text.UART_Init
                0x00004914      0x368 C:\Users\Kelvin\Documents\GitHub\ee2024\Lib_MCU\Debug\libLib_MCU.a(lpc17xx_uart.o)
                0x00004914                UART_Init
 .text.UART_SendData
                0x00004c7c       0x78 C:\Users\Kelvin\Documents\GitHub\ee2024\Lib_MCU\Debug\libLib_MCU.a(lpc17xx_uart.o)
                0x00004c7c                UART_SendData
 .text.UART_TxCmd
                0x00004cf4       0xe8 C:\Users\Kelvin\Documents\GitHub\ee2024\Lib_MCU\Debug\libLib_MCU.a(lpc17xx_uart.o)
                0x00004cf4                UART_TxCmd
 .text.UART_Send
                0x00004ddc      0x10c C:\Users\Kelvin\Documents\GitHub\ee2024\Lib_MCU\Debug\libLib_MCU.a(lpc17xx_uart.o)
                0x00004ddc                UART_Send
 .text.CLKPWR_SetPCLKDiv
                0x00004ee8       0xcc C:\Users\Kelvin\Documents\GitHub\ee2024\Lib_MCU\Debug\libLib_MCU.a(lpc17xx_clkpwr.o)
                0x00004ee8                CLKPWR_SetPCLKDiv
 .text.CLKPWR_GetPCLKSEL
                0x00004fb4       0x54 C:\Users\Kelvin\Documents\GitHub\ee2024\Lib_MCU\Debug\libLib_MCU.a(lpc17xx_clkpwr.o)
                0x00004fb4                CLKPWR_GetPCLKSEL
 .text.CLKPWR_GetPCLK
                0x00005008       0x74 C:\Users\Kelvin\Documents\GitHub\ee2024\Lib_MCU\Debug\libLib_MCU.a(lpc17xx_clkpwr.o)
                0x00005008                CLKPWR_GetPCLK
 .text.CLKPWR_ConfigPPWR
                0x0000507c       0x78 C:\Users\Kelvin\Documents\GitHub\ee2024\Lib_MCU\Debug\libLib_MCU.a(lpc17xx_clkpwr.o)
                0x0000507c                CLKPWR_ConfigPPWR
 .text.SystemInit
                0x000050f4      0x22c C:\Users\Kelvin\Documents\GitHub\ee2024\Lib_CMSISv1p30_LPC17xx\Debug\libCMSISv1p30_LPC17xx.a(system_LPC17xx.o)
                0x000050f4                SystemInit
 .text          0x00005320      0x370 c:/nxp/lpcxpresso_6.1.4_194/lpcxpresso/tools/bin/../lib/gcc/arm-none-eabi/4.6.2/armv7-m\libgcc.a(_arm_addsubdf3.o)
                0x00005320                __aeabi_drsub
                0x00005328                __aeabi_dsub
                0x00005328                __subdf3
                0x0000532c                __aeabi_dadd
                0x0000532c                __adddf3
                0x000055a4                __floatunsidf
                0x000055a4                __aeabi_ui2d
                0x000055c4                __floatsidf
                0x000055c4                __aeabi_i2d
                0x000055e8                __aeabi_f2d
                0x000055e8                __extendsfdf2
                0x00005624                __floatundidf
                0x00005624                __aeabi_ul2d
                0x00005634                __floatdidf
                0x00005634                __aeabi_l2d
 .text          0x00005690      0x424 c:/nxp/lpcxpresso_6.1.4_194/lpcxpresso/tools/bin/../lib/gcc/arm-none-eabi/4.6.2/armv7-m\libgcc.a(_arm_muldivdf3.o)
                0x00005690                __aeabi_dmul
                0x00005690                __muldf3
                0x000058e4                __divdf3
                0x000058e4                __aeabi_ddiv
 .text          0x00005ab4       0x2c c:/nxp/lpcxpresso_6.1.4_194/lpcxpresso/tools/bin/../lib/gcc/arm-none-eabi/4.6.2/armv7-m\libgcc.a(_aeabi_uldivmod.o)
                0x00005ab4                __aeabi_uldivmod
 .text          0x00005ae0       0x5c c:/nxp/lpcxpresso_6.1.4_194/lpcxpresso/tools/bin/../lib/gcc/arm-none-eabi/4.6.2/armv7-m\libgcc.a(bpabi.o)
                0x00005ae0                __gnu_ldivmod_helper
                0x00005b10                __gnu_uldivmod_helper
 .text          0x00005b3c        0x4 c:/nxp/lpcxpresso_6.1.4_194/lpcxpresso/tools/bin/../lib/gcc/arm-none-eabi/4.6.2/armv7-m\libgcc.a(_dvmd_tls.o)
                0x00005b3c                __aeabi_idiv0
                0x00005b3c                __aeabi_ldiv0
 .text          0x00005b40      0x2c8 c:/nxp/lpcxpresso_6.1.4_194/lpcxpresso/tools/bin/../lib/gcc/arm-none-eabi/4.6.2/armv7-m\libgcc.a(_divdi3.o)
                0x00005b40                __divdi3
 .text          0x00005e08      0x298 c:/nxp/lpcxpresso_6.1.4_194/lpcxpresso/tools/bin/../lib/gcc/arm-none-eabi/4.6.2/armv7-m\libgcc.a(_udivdi3.o)
                0x00005e08                __udivdi3
 .text.malloc   0x000060a0       0x14 c:/nxp/lpcxpresso_6.1.4_194/lpcxpresso/tools/bin/../lib/gcc/arm-none-eabi/4.6.2/../../../../arm-none-eabi/lib/armv7-m\libc.a(lib_a-malloc.o)
                0x000060a0                malloc
 .text.free     0x000060b4       0x14 c:/nxp/lpcxpresso_6.1.4_194/lpcxpresso/tools/bin/../lib/gcc/arm-none-eabi/4.6.2/../../../../arm-none-eabi/lib/armv7-m\libc.a(lib_a-malloc.o)
                0x000060b4                free
 .text._malloc_r
                0x000060c8      0x528 c:/nxp/lpcxpresso_6.1.4_194/lpcxpresso/tools/bin/../lib/gcc/arm-none-eabi/4.6.2/../../../../arm-none-eabi/lib/armv7-m\libc.a(lib_a-mallocr.o)
                0x000060c8                _malloc_r
 .text.memset   0x000065f0       0x90 c:/nxp/lpcxpresso_6.1.4_194/lpcxpresso/tools/bin/../lib/gcc/arm-none-eabi/4.6.2/../../../../arm-none-eabi/lib/armv7-m\libc.a(lib_a-memset.o)
                0x000065f0                memset
 .text.__malloc_lock
                0x00006680        0x4 c:/nxp/lpcxpresso_6.1.4_194/lpcxpresso/tools/bin/../lib/gcc/arm-none-eabi/4.6.2/../../../../arm-none-eabi/lib/armv7-m\libc.a(lib_a-mlock.o)
                0x00006680                __malloc_lock
 .text.__malloc_unlock
                0x00006684        0x4 c:/nxp/lpcxpresso_6.1.4_194/lpcxpresso/tools/bin/../lib/gcc/arm-none-eabi/4.6.2/../../../../arm-none-eabi/lib/armv7-m\libc.a(lib_a-mlock.o)
                0x00006684                __malloc_unlock
 .text.printf   0x00006688       0x2c c:/nxp/lpcxpresso_6.1.4_194/lpcxpresso/tools/bin/../lib/gcc/arm-none-eabi/4.6.2/../../../../arm-none-eabi/lib/armv7-m\libc.a(lib_a-printf.o)
                0x00006688                printf
 .text._sbrk_r  0x000066b4       0x24 c:/nxp/lpcxpresso_6.1.4_194/lpcxpresso/tools/bin/../lib/gcc/arm-none-eabi/4.6.2/../../../../arm-none-eabi/lib/armv7-m\libc.a(lib_a-sbrkr.o)
                0x000066b4                _sbrk_r
 .text.sprintf  0x000066d8       0x50 c:/nxp/lpcxpresso_6.1.4_194/lpcxpresso/tools/bin/../lib/gcc/arm-none-eabi/4.6.2/../../../../arm-none-eabi/lib/armv7-m\libc.a(lib_a-sprintf.o)
                0x000066d8                sprintf
 .text.strcpy   0x00006728       0xbc c:/nxp/lpcxpresso_6.1.4_194/lpcxpresso/tools/bin/../lib/gcc/arm-none-eabi/4.6.2/../../../../arm-none-eabi/lib/armv7-m\libc.a(lib_a-strcpy.o)
                0x00006728                strcpy
 .text.strlen   0x000067e4       0x60 c:/nxp/lpcxpresso_6.1.4_194/lpcxpresso/tools/bin/../lib/gcc/arm-none-eabi/4.6.2/../../../../arm-none-eabi/lib/armv7-m\libc.a(lib_a-strlen.o)
                0x000067e4                strlen
 .text._svfprintf_r
                0x00006844     0x1408 c:/nxp/lpcxpresso_6.1.4_194/lpcxpresso/tools/bin/../lib/gcc/arm-none-eabi/4.6.2/../../../../arm-none-eabi/lib/armv7-m\libc.a(lib_a-svfprintf.o)
                0x00006844                _svfprintf_r
 .text._vfprintf_r
                0x00007c4c     0x171c c:/nxp/lpcxpresso_6.1.4_194/lpcxpresso/tools/bin/../lib/gcc/arm-none-eabi/4.6.2/../../../../arm-none-eabi/lib/armv7-m\libc.a(lib_a-vfprintf.o)
                0x00007c4c                _vfprintf_r
 .text.__swsetup_r
                0x00009368       0xb8 c:/nxp/lpcxpresso_6.1.4_194/lpcxpresso/tools/bin/../lib/gcc/arm-none-eabi/4.6.2/../../../../arm-none-eabi/lib/armv7-m\libc.a(lib_a-wsetup.o)
                0x00009368                __swsetup_r
 .text.quorem   0x00009420      0x150 c:/nxp/lpcxpresso_6.1.4_194/lpcxpresso/tools/bin/../lib/gcc/arm-none-eabi/4.6.2/../../../../arm-none-eabi/lib/armv7-m\libc.a(lib_a-dtoa.o)
 .text._dtoa_r  0x00009570      0xe60 c:/nxp/lpcxpresso_6.1.4_194/lpcxpresso/tools/bin/../lib/gcc/arm-none-eabi/4.6.2/../../../../arm-none-eabi/lib/armv7-m\libc.a(lib_a-dtoa.o)
                0x00009570                _dtoa_r
 .text._fflush_r
                0x0000a3d0      0x16c c:/nxp/lpcxpresso_6.1.4_194/lpcxpresso/tools/bin/../lib/gcc/arm-none-eabi/4.6.2/../../../../arm-none-eabi/lib/armv7-m\libc.a(lib_a-fflush.o)
                0x0000a3d0                _fflush_r
 .text._cleanup_r
                0x0000a53c        0xc c:/nxp/lpcxpresso_6.1.4_194/lpcxpresso/tools/bin/../lib/gcc/arm-none-eabi/4.6.2/../../../../arm-none-eabi/lib/armv7-m\libc.a(lib_a-findfp.o)
                0x0000a53c                _cleanup_r
 .text.std.isra.0
                0x0000a548       0x50 c:/nxp/lpcxpresso_6.1.4_194/lpcxpresso/tools/bin/../lib/gcc/arm-none-eabi/4.6.2/../../../../arm-none-eabi/lib/armv7-m\libc.a(lib_a-findfp.o)
 .text.__sinit  0x0000a598       0x4c c:/nxp/lpcxpresso_6.1.4_194/lpcxpresso/tools/bin/../lib/gcc/arm-none-eabi/4.6.2/../../../../arm-none-eabi/lib/armv7-m\libc.a(lib_a-findfp.o)
                0x0000a598                __sinit
 .text.__sfp_lock_acquire
                0x0000a5e4        0x4 c:/nxp/lpcxpresso_6.1.4_194/lpcxpresso/tools/bin/../lib/gcc/arm-none-eabi/4.6.2/../../../../arm-none-eabi/lib/armv7-m\libc.a(lib_a-findfp.o)
                0x0000a5e4                __sfp_lock_acquire
 .text.__sfp_lock_release
                0x0000a5e8        0x4 c:/nxp/lpcxpresso_6.1.4_194/lpcxpresso/tools/bin/../lib/gcc/arm-none-eabi/4.6.2/../../../../arm-none-eabi/lib/armv7-m\libc.a(lib_a-findfp.o)
                0x0000a5e8                __sfp_lock_release
 .text._malloc_trim_r
                0x0000a5ec       0xa0 c:/nxp/lpcxpresso_6.1.4_194/lpcxpresso/tools/bin/../lib/gcc/arm-none-eabi/4.6.2/../../../../arm-none-eabi/lib/armv7-m\libc.a(lib_a-freer.o)
                0x0000a5ec                _malloc_trim_r
 .text._free_r  0x0000a68c      0x190 c:/nxp/lpcxpresso_6.1.4_194/lpcxpresso/tools/bin/../lib/gcc/arm-none-eabi/4.6.2/../../../../arm-none-eabi/lib/armv7-m\libc.a(lib_a-freer.o)
                0x0000a68c                _free_r
 .text._fwalk   0x0000a81c       0x54 c:/nxp/lpcxpresso_6.1.4_194/lpcxpresso/tools/bin/../lib/gcc/arm-none-eabi/4.6.2/../../../../arm-none-eabi/lib/armv7-m\libc.a(lib_a-fwalk.o)
                0x0000a81c                _fwalk
 .text.__locale_charset
                0x0000a870        0xc c:/nxp/lpcxpresso_6.1.4_194/lpcxpresso/tools/bin/../lib/gcc/arm-none-eabi/4.6.2/../../../../arm-none-eabi/lib/armv7-m\libc.a(lib_a-locale.o)
                0x0000a870                __locale_charset
 .text.__locale_mb_cur_max
                0x0000a87c        0xc c:/nxp/lpcxpresso_6.1.4_194/lpcxpresso/tools/bin/../lib/gcc/arm-none-eabi/4.6.2/../../../../arm-none-eabi/lib/armv7-m\libc.a(lib_a-locale.o)
                0x0000a87c                __locale_mb_cur_max
 .text._localeconv_r
                0x0000a888        0xc c:/nxp/lpcxpresso_6.1.4_194/lpcxpresso/tools/bin/../lib/gcc/arm-none-eabi/4.6.2/../../../../arm-none-eabi/lib/armv7-m\libc.a(lib_a-locale.o)
                0x0000a888                _localeconv_r
 .text.__smakebuf_r
                0x0000a894       0xe0 c:/nxp/lpcxpresso_6.1.4_194/lpcxpresso/tools/bin/../lib/gcc/arm-none-eabi/4.6.2/../../../../arm-none-eabi/lib/armv7-m\libc.a(lib_a-makebuf.o)
                0x0000a894                __smakebuf_r
 .text.memchr   0x0000a974       0x84 c:/nxp/lpcxpresso_6.1.4_194/lpcxpresso/tools/bin/../lib/gcc/arm-none-eabi/4.6.2/../../../../arm-none-eabi/lib/armv7-m\libc.a(lib_a-memchr.o)
                0x0000a974                memchr
 .text.memcpy   0x0000a9f8       0x84 c:/nxp/lpcxpresso_6.1.4_194/lpcxpresso/tools/bin/../lib/gcc/arm-none-eabi/4.6.2/../../../../arm-none-eabi/lib/armv7-m\libc.a(lib_a-memcpy.o)
                0x0000a9f8                memcpy
 .text._Balloc  0x0000aa7c       0x4c c:/nxp/lpcxpresso_6.1.4_194/lpcxpresso/tools/bin/../lib/gcc/arm-none-eabi/4.6.2/../../../../arm-none-eabi/lib/armv7-m\libc.a(lib_a-mprec.o)
                0x0000aa7c                _Balloc
 .text._Bfree   0x0000aac8       0x14 c:/nxp/lpcxpresso_6.1.4_194/lpcxpresso/tools/bin/../lib/gcc/arm-none-eabi/4.6.2/../../../../arm-none-eabi/lib/armv7-m\libc.a(lib_a-mprec.o)
                0x0000aac8                _Bfree
 .text.__multadd
                0x0000aadc       0x84 c:/nxp/lpcxpresso_6.1.4_194/lpcxpresso/tools/bin/../lib/gcc/arm-none-eabi/4.6.2/../../../../arm-none-eabi/lib/armv7-m\libc.a(lib_a-mprec.o)
                0x0000aadc                __multadd
 .text.__hi0bits
                0x0000ab60       0x3c c:/nxp/lpcxpresso_6.1.4_194/lpcxpresso/tools/bin/../lib/gcc/arm-none-eabi/4.6.2/../../../../arm-none-eabi/lib/armv7-m\libc.a(lib_a-mprec.o)
                0x0000ab60                __hi0bits
 .text.__lo0bits
                0x0000ab9c       0x5c c:/nxp/lpcxpresso_6.1.4_194/lpcxpresso/tools/bin/../lib/gcc/arm-none-eabi/4.6.2/../../../../arm-none-eabi/lib/armv7-m\libc.a(lib_a-mprec.o)
                0x0000ab9c                __lo0bits
 .text.__i2b    0x0000abf8       0x14 c:/nxp/lpcxpresso_6.1.4_194/lpcxpresso/tools/bin/../lib/gcc/arm-none-eabi/4.6.2/../../../../arm-none-eabi/lib/armv7-m\libc.a(lib_a-mprec.o)
                0x0000abf8                __i2b
 .text.__multiply
                0x0000ac0c      0x144 c:/nxp/lpcxpresso_6.1.4_194/lpcxpresso/tools/bin/../lib/gcc/arm-none-eabi/4.6.2/../../../../arm-none-eabi/lib/armv7-m\libc.a(lib_a-mprec.o)
                0x0000ac0c                __multiply
 .text.__pow5mult
                0x0000ad50       0x98 c:/nxp/lpcxpresso_6.1.4_194/lpcxpresso/tools/bin/../lib/gcc/arm-none-eabi/4.6.2/../../../../arm-none-eabi/lib/armv7-m\libc.a(lib_a-mprec.o)
                0x0000ad50                __pow5mult
 .text.__lshift
                0x0000ade8       0xc0 c:/nxp/lpcxpresso_6.1.4_194/lpcxpresso/tools/bin/../lib/gcc/arm-none-eabi/4.6.2/../../../../arm-none-eabi/lib/armv7-m\libc.a(lib_a-mprec.o)
                0x0000ade8                __lshift
 .text.__mcmp   0x0000aea8       0x3c c:/nxp/lpcxpresso_6.1.4_194/lpcxpresso/tools/bin/../lib/gcc/arm-none-eabi/4.6.2/../../../../arm-none-eabi/lib/armv7-m\libc.a(lib_a-mprec.o)
                0x0000aea8                __mcmp
 .text.__mdiff  0x0000aee4       0xd8 c:/nxp/lpcxpresso_6.1.4_194/lpcxpresso/tools/bin/../lib/gcc/arm-none-eabi/4.6.2/../../../../arm-none-eabi/lib/armv7-m\libc.a(lib_a-mprec.o)
                0x0000aee4                __mdiff
 .text.__d2b    0x0000afbc       0xcc c:/nxp/lpcxpresso_6.1.4_194/lpcxpresso/tools/bin/../lib/gcc/arm-none-eabi/4.6.2/../../../../arm-none-eabi/lib/armv7-m\libc.a(lib_a-mprec.o)
                0x0000afbc                __d2b
 .text.__fpclassifyd
                0x0000b088       0x68 c:/nxp/lpcxpresso_6.1.4_194/lpcxpresso/tools/bin/../lib/gcc/arm-none-eabi/4.6.2/../../../../arm-none-eabi/lib/armv7-m\libc.a(lib_a-s_fpclassify.o)
                0x0000b088                __fpclassifyd
 .text.__sread  0x0000b0f0       0x24 c:/nxp/lpcxpresso_6.1.4_194/lpcxpresso/tools/bin/../lib/gcc/arm-none-eabi/4.6.2/../../../../arm-none-eabi/lib/armv7-m\libc.a(lib_a-stdio.o)
                0x0000b0f0                __sread
 .text.__swrite
                0x0000b114       0x40 c:/nxp/lpcxpresso_6.1.4_194/lpcxpresso/tools/bin/../lib/gcc/arm-none-eabi/4.6.2/../../../../arm-none-eabi/lib/armv7-m\libc.a(lib_a-stdio.o)
                0x0000b114                __swrite
 .text.__sseek  0x0000b154       0x24 c:/nxp/lpcxpresso_6.1.4_194/lpcxpresso/tools/bin/../lib/gcc/arm-none-eabi/4.6.2/../../../../arm-none-eabi/lib/armv7-m\libc.a(lib_a-stdio.o)
                0x0000b154                __sseek
 .text.__sclose
                0x0000b178        0x8 c:/nxp/lpcxpresso_6.1.4_194/lpcxpresso/tools/bin/../lib/gcc/arm-none-eabi/4.6.2/../../../../arm-none-eabi/lib/armv7-m\libc.a(lib_a-stdio.o)
                0x0000b178                __sclose
 .text.__ssprint_r
                0x0000b180       0xf8 c:/nxp/lpcxpresso_6.1.4_194/lpcxpresso/tools/bin/../lib/gcc/arm-none-eabi/4.6.2/../../../../arm-none-eabi/lib/armv7-m\libc.a(lib_a-svfiprintf.o)
                0x0000b180                __ssprint_r
 .text.__sprint_r
                0x0000b278       0x80 c:/nxp/lpcxpresso_6.1.4_194/lpcxpresso/tools/bin/../lib/gcc/arm-none-eabi/4.6.2/../../../../arm-none-eabi/lib/armv7-m\libc.a(lib_a-vfiprintf.o)
                0x0000b278                __sprint_r
 .text._write_r
                0x0000b2f8       0x28 c:/nxp/lpcxpresso_6.1.4_194/lpcxpresso/tools/bin/../lib/gcc/arm-none-eabi/4.6.2/../../../../arm-none-eabi/lib/armv7-m\libc.a(lib_a-writer.o)
                0x0000b2f8                _write_r
 .text._calloc_r
                0x0000b320       0x60 c:/nxp/lpcxpresso_6.1.4_194/lpcxpresso/tools/bin/../lib/gcc/arm-none-eabi/4.6.2/../../../../arm-none-eabi/lib/armv7-m\libc.a(lib_a-callocr.o)
                0x0000b320                _calloc_r
 .text._close_r
                0x0000b380       0x24 c:/nxp/lpcxpresso_6.1.4_194/lpcxpresso/tools/bin/../lib/gcc/arm-none-eabi/4.6.2/../../../../arm-none-eabi/lib/armv7-m\libc.a(lib_a-closer.o)
                0x0000b380                _close_r
 .text._fclose_r
                0x0000b3a4       0x90 c:/nxp/lpcxpresso_6.1.4_194/lpcxpresso/tools/bin/../lib/gcc/arm-none-eabi/4.6.2/../../../../arm-none-eabi/lib/armv7-m\libc.a(lib_a-fclose.o)
                0x0000b3a4                _fclose_r
 .text.fclose   0x0000b434       0x14 c:/nxp/lpcxpresso_6.1.4_194/lpcxpresso/tools/bin/../lib/gcc/arm-none-eabi/4.6.2/../../../../arm-none-eabi/lib/armv7-m\libc.a(lib_a-fclose.o)
                0x0000b434                fclose
 .text._fputwc_r
                0x0000b448       0xd0 c:/nxp/lpcxpresso_6.1.4_194/lpcxpresso/tools/bin/../lib/gcc/arm-none-eabi/4.6.2/../../../../arm-none-eabi/lib/armv7-m\libc.a(lib_a-fputwc.o)
                0x0000b448                _fputwc_r
 .text._fstat_r
                0x0000b518       0x28 c:/nxp/lpcxpresso_6.1.4_194/lpcxpresso/tools/bin/../lib/gcc/arm-none-eabi/4.6.2/../../../../arm-none-eabi/lib/armv7-m\libc.a(lib_a-fstatr.o)
                0x0000b518                _fstat_r
 .text.__sfvwrite_r
                0x0000b540      0x2e8 c:/nxp/lpcxpresso_6.1.4_194/lpcxpresso/tools/bin/../lib/gcc/arm-none-eabi/4.6.2/../../../../arm-none-eabi/lib/armv7-m\libc.a(lib_a-fvwrite.o)
                0x0000b540                __sfvwrite_r
 .text._isatty_r
                0x0000b828       0x24 c:/nxp/lpcxpresso_6.1.4_194/lpcxpresso/tools/bin/../lib/gcc/arm-none-eabi/4.6.2/../../../../arm-none-eabi/lib/armv7-m\libc.a(lib_a-isattyr.o)
                0x0000b828                _isatty_r
 .text._lseek_r
                0x0000b84c       0x28 c:/nxp/lpcxpresso_6.1.4_194/lpcxpresso/tools/bin/../lib/gcc/arm-none-eabi/4.6.2/../../../../arm-none-eabi/lib/armv7-m\libc.a(lib_a-lseekr.o)
                0x0000b84c                _lseek_r
 .text.memmove  0x0000b874       0xb0 c:/nxp/lpcxpresso_6.1.4_194/lpcxpresso/tools/bin/../lib/gcc/arm-none-eabi/4.6.2/../../../../arm-none-eabi/lib/armv7-m\libc.a(lib_a-memmove.o)
                0x0000b874                memmove
 .text._read_r  0x0000b924       0x28 c:/nxp/lpcxpresso_6.1.4_194/lpcxpresso/tools/bin/../lib/gcc/arm-none-eabi/4.6.2/../../../../arm-none-eabi/lib/armv7-m\libc.a(lib_a-readr.o)
                0x0000b924                _read_r
 .text._realloc_r
                0x0000b94c      0x3f4 c:/nxp/lpcxpresso_6.1.4_194/lpcxpresso/tools/bin/../lib/gcc/arm-none-eabi/4.6.2/../../../../arm-none-eabi/lib/armv7-m\libc.a(lib_a-reallocr.o)
                0x0000b94c                _realloc_r
 .text.__swbuf_r
                0x0000bd40       0xc0 c:/nxp/lpcxpresso_6.1.4_194/lpcxpresso/tools/bin/../lib/gcc/arm-none-eabi/4.6.2/../../../../arm-none-eabi/lib/armv7-m\libc.a(lib_a-wbuf.o)
                0x0000bd40                __swbuf_r
 .text._wcrtomb_r
                0x0000be00       0x4c c:/nxp/lpcxpresso_6.1.4_194/lpcxpresso/tools/bin/../lib/gcc/arm-none-eabi/4.6.2/../../../../arm-none-eabi/lib/armv7-m\libc.a(lib_a-wcrtomb.o)
                0x0000be00                _wcrtomb_r
 .text.__ascii_wctomb
                0x0000be4c       0x1c c:/nxp/lpcxpresso_6.1.4_194/lpcxpresso/tools/bin/../lib/gcc/arm-none-eabi/4.6.2/../../../../arm-none-eabi/lib/armv7-m\libc.a(lib_a-wctomb_r.o)
                0x0000be4c                __ascii_wctomb
 .text._sbrk    0x0000be68       0x3c c:/nxp/lpcxpresso_6.1.4_194/lpcxpresso/tools/bin/../lib/gcc/arm-none-eabi/4.6.2/../../../../arm-none-eabi/lib/armv7-m\libcr_newlib_semihost.a(_cr_sbrk.o)
                0x0000be68                _sbrk
 .text.do_AngelSWI
                0x0000bea4       0x12 c:/nxp/lpcxpresso_6.1.4_194/lpcxpresso/tools/bin/../lib/gcc/arm-none-eabi/4.6.2/../../../../arm-none-eabi/lib/armv7-m\libcr_newlib_semihost.a(syscalls.o)
 *fill*         0x0000beb6        0x2 00
 .text.initialise_monitor_handles
                0x0000beb8       0x9c c:/nxp/lpcxpresso_6.1.4_194/lpcxpresso/tools/bin/../lib/gcc/arm-none-eabi/4.6.2/../../../../arm-none-eabi/lib/armv7-m\libcr_newlib_semihost.a(syscalls.o)
 .text.findslot
                0x0000bf54       0x2c c:/nxp/lpcxpresso_6.1.4_194/lpcxpresso/tools/bin/../lib/gcc/arm-none-eabi/4.6.2/../../../../arm-none-eabi/lib/armv7-m\libcr_newlib_semihost.a(syscalls.o)
 .text.error    0x0000bf80       0x18 c:/nxp/lpcxpresso_6.1.4_194/lpcxpresso/tools/bin/../lib/gcc/arm-none-eabi/4.6.2/../../../../arm-none-eabi/lib/armv7-m\libcr_newlib_semihost.a(syscalls.o)
 .text.checkerror
                0x0000bf98        0xc c:/nxp/lpcxpresso_6.1.4_194/lpcxpresso/tools/bin/../lib/gcc/arm-none-eabi/4.6.2/../../../../arm-none-eabi/lib/armv7-m\libcr_newlib_semihost.a(syscalls.o)
 .text._swiread
                0x0000bfa4       0x18 c:/nxp/lpcxpresso_6.1.4_194/lpcxpresso/tools/bin/../lib/gcc/arm-none-eabi/4.6.2/../../../../arm-none-eabi/lib/armv7-m\libcr_newlib_semihost.a(syscalls.o)
                0x0000bfa4                _swiread
 .text._read    0x0000bfbc       0x36 c:/nxp/lpcxpresso_6.1.4_194/lpcxpresso/tools/bin/../lib/gcc/arm-none-eabi/4.6.2/../../../../arm-none-eabi/lib/armv7-m\libcr_newlib_semihost.a(syscalls.o)
                0x0000bfbc                _read
 .text._swilseek
                0x0000bff2       0x76 c:/nxp/lpcxpresso_6.1.4_194/lpcxpresso/tools/bin/../lib/gcc/arm-none-eabi/4.6.2/../../../../arm-none-eabi/lib/armv7-m\libcr_newlib_semihost.a(syscalls.o)
                0x0000bff2                _swilseek
 .text._lseek   0x0000c068        0x4 c:/nxp/lpcxpresso_6.1.4_194/lpcxpresso/tools/bin/../lib/gcc/arm-none-eabi/4.6.2/../../../../arm-none-eabi/lib/armv7-m\libcr_newlib_semihost.a(syscalls.o)
                0x0000c068                _lseek
 .text._swiwrite
                0x0000c06c       0x18 c:/nxp/lpcxpresso_6.1.4_194/lpcxpresso/tools/bin/../lib/gcc/arm-none-eabi/4.6.2/../../../../arm-none-eabi/lib/armv7-m\libcr_newlib_semihost.a(syscalls.o)
                0x0000c06c                _swiwrite
 .text._write   0x0000c084       0x46 c:/nxp/lpcxpresso_6.1.4_194/lpcxpresso/tools/bin/../lib/gcc/arm-none-eabi/4.6.2/../../../../arm-none-eabi/lib/armv7-m\libcr_newlib_semihost.a(syscalls.o)
                0x0000c084                _write
 .text._swiclose
                0x0000c0ca       0x14 c:/nxp/lpcxpresso_6.1.4_194/lpcxpresso/tools/bin/../lib/gcc/arm-none-eabi/4.6.2/../../../../arm-none-eabi/lib/armv7-m\libcr_newlib_semihost.a(syscalls.o)
                0x0000c0ca                _swiclose
 *fill*         0x0000c0de        0x2 00
 .text._close   0x0000c0e0       0x48 c:/nxp/lpcxpresso_6.1.4_194/lpcxpresso/tools/bin/../lib/gcc/arm-none-eabi/4.6.2/../../../../arm-none-eabi/lib/armv7-m\libcr_newlib_semihost.a(syscalls.o)
                0x0000c0e0                _close
 .text._swistat
                0x0000c128       0x3e c:/nxp/lpcxpresso_6.1.4_194/lpcxpresso/tools/bin/../lib/gcc/arm-none-eabi/4.6.2/../../../../arm-none-eabi/lib/armv7-m\libcr_newlib_semihost.a(syscalls.o)
                0x0000c128                _swistat
 .text._fstat   0x0000c166       0x1c c:/nxp/lpcxpresso_6.1.4_194/lpcxpresso/tools/bin/../lib/gcc/arm-none-eabi/4.6.2/../../../../arm-none-eabi/lib/armv7-m\libcr_newlib_semihost.a(syscalls.o)
                0x0000c166                _fstat
 .text._isatty  0x0000c182       0x26 c:/nxp/lpcxpresso_6.1.4_194/lpcxpresso/tools/bin/../lib/gcc/arm-none-eabi/4.6.2/../../../../arm-none-eabi/lib/armv7-m\libcr_newlib_semihost.a(syscalls.o)
                0x0000c182                _isatty
 .text.__check_heap_overflow
                0x0000c1a8       0x2c c:/nxp/lpcxpresso_6.1.4_194/lpcxpresso/tools/bin/../lib/gcc/arm-none-eabi/4.6.2/../../../../arm-none-eabi/lib/armv7-m\libcr_newlib_semihost.a(_cr_check_heap.o)
                0x0000c1a8                __check_heap_overflow
 .text          0x0000c1d4      0x110 c:/nxp/lpcxpresso_6.1.4_194/lpcxpresso/tools/bin/../lib/gcc/arm-none-eabi/4.6.2/armv7-m\libgcc.a(_arm_cmpdf2.o)
                0x0000c1d4                __gtdf2
                0x0000c1d4                __gedf2
                0x0000c1dc                __ltdf2
                0x0000c1dc                __ledf2
                0x0000c1e4                __nedf2
                0x0000c1e4                __eqdf2
                0x0000c1e4                __cmpdf2
                0x0000c260                __aeabi_cdrcmple
                0x0000c270                __aeabi_cdcmpeq
                0x0000c270                __aeabi_cdcmple
                0x0000c280                __aeabi_dcmpeq
                0x0000c294                __aeabi_dcmplt
                0x0000c2a8                __aeabi_dcmple
                0x0000c2bc                __aeabi_dcmpge
                0x0000c2d0                __aeabi_dcmpgt
 .text          0x0000c2e4       0x50 c:/nxp/lpcxpresso_6.1.4_194/lpcxpresso/tools/bin/../lib/gcc/arm-none-eabi/4.6.2/armv7-m\libgcc.a(_arm_fixdfsi.o)
                0x0000c2e4                __aeabi_d2iz
                0x0000c2e4                __fixdfsi
 .text.__errno  0x0000c334        0xc c:/nxp/lpcxpresso_6.1.4_194/lpcxpresso/tools/bin/../lib/gcc/arm-none-eabi/4.6.2/../../../../arm-none-eabi/lib/armv7-m\libc.a(lib_a-errno.o)
                0x0000c334                __errno
 *(.rodata .rodata.* .constdata .constdata.*)
 .rodata        0x0000c340      0x198 ./src/main.o
 .rodata        0x0000c4d8        0x8 C:\Users\Kelvin\Documents\GitHub\ee2024\Lib_EaBaseBoard\Debug\libLib_EaBaseBoard.a(oled.o)
 .rodata        0x0000c4e0      0x300 C:\Users\Kelvin\Documents\GitHub\ee2024\Lib_EaBaseBoard\Debug\libLib_EaBaseBoard.a(font5x7.o)
                0x0000c4e0                font5x7
 .rodata        0x0000c7e0       0x18 C:\Users\Kelvin\Documents\GitHub\ee2024\Lib_MCU\Debug\libLib_MCU.a(lpc17xx_i2c.o)
 .rodata        0x0000c7f8       0x18 C:\Users\Kelvin\Documents\GitHub\ee2024\Lib_MCU\Debug\libLib_MCU.a(lpc17xx_ssp.o)
 .rodata        0x0000c810       0x18 C:\Users\Kelvin\Documents\GitHub\ee2024\Lib_MCU\Debug\libLib_MCU.a(lpc17xx_timer.o)
 .rodata        0x0000c828       0x18 C:\Users\Kelvin\Documents\GitHub\ee2024\Lib_MCU\Debug\libLib_MCU.a(lpc17xx_uart.o)
 .rodata.zeroes.6590
                0x0000c840       0x10 c:/nxp/lpcxpresso_6.1.4_194/lpcxpresso/tools/bin/../lib/gcc/arm-none-eabi/4.6.2/../../../../arm-none-eabi/lib/armv7-m\libc.a(lib_a-svfprintf.o)
 .rodata.str1.4
                0x0000c850       0x42 c:/nxp/lpcxpresso_6.1.4_194/lpcxpresso/tools/bin/../lib/gcc/arm-none-eabi/4.6.2/../../../../arm-none-eabi/lib/armv7-m\libc.a(lib_a-svfprintf.o)
                                 0x44 (size before relaxing)
 *fill*         0x0000c892        0x2 00
 .rodata.blanks.6589
                0x0000c894       0x10 c:/nxp/lpcxpresso_6.1.4_194/lpcxpresso/tools/bin/../lib/gcc/arm-none-eabi/4.6.2/../../../../arm-none-eabi/lib/armv7-m\libc.a(lib_a-svfprintf.o)
 .rodata.zeroes.6605
                0x0000c8a4       0x10 c:/nxp/lpcxpresso_6.1.4_194/lpcxpresso/tools/bin/../lib/gcc/arm-none-eabi/4.6.2/../../../../arm-none-eabi/lib/armv7-m\libc.a(lib_a-vfprintf.o)
 .rodata.str1.4
                0x00000000       0x44 c:/nxp/lpcxpresso_6.1.4_194/lpcxpresso/tools/bin/../lib/gcc/arm-none-eabi/4.6.2/../../../../arm-none-eabi/lib/armv7-m\libc.a(lib_a-vfprintf.o)
 .rodata.blanks.6604
                0x0000c8b4       0x10 c:/nxp/lpcxpresso_6.1.4_194/lpcxpresso/tools/bin/../lib/gcc/arm-none-eabi/4.6.2/../../../../arm-none-eabi/lib/armv7-m\libc.a(lib_a-vfprintf.o)
 .rodata.str1.4
                0x0000c8c4       0x10 c:/nxp/lpcxpresso_6.1.4_194/lpcxpresso/tools/bin/../lib/gcc/arm-none-eabi/4.6.2/../../../../arm-none-eabi/lib/armv7-m\libc.a(lib_a-dtoa.o)
                                 0x14 (size before relaxing)
 .rodata.str1.4
                0x0000c8d4        0x2 c:/nxp/lpcxpresso_6.1.4_194/lpcxpresso/tools/bin/../lib/gcc/arm-none-eabi/4.6.2/../../../../arm-none-eabi/lib/armv7-m\libc.a(lib_a-impure.o)
                                  0x4 (size before relaxing)
 *fill*         0x0000c8d6        0x2 00
 .rodata.str1.4
                0x0000c8d8        0xc c:/nxp/lpcxpresso_6.1.4_194/lpcxpresso/tools/bin/../lib/gcc/arm-none-eabi/4.6.2/../../../../arm-none-eabi/lib/armv7-m\libc.a(lib_a-locale.o)
                                 0x14 (size before relaxing)
 *fill*         0x0000c8e4        0x4 00
 .rodata.__mprec_tens
                0x0000c8e8       0xc8 c:/nxp/lpcxpresso_6.1.4_194/lpcxpresso/tools/bin/../lib/gcc/arm-none-eabi/4.6.2/../../../../arm-none-eabi/lib/armv7-m\libc.a(lib_a-mprec.o)
                0x0000c8e8                __mprec_tens
 .rodata.__mprec_bigtens
                0x0000c9b0       0x28 c:/nxp/lpcxpresso_6.1.4_194/lpcxpresso/tools/bin/../lib/gcc/arm-none-eabi/4.6.2/../../../../arm-none-eabi/lib/armv7-m\libc.a(lib_a-mprec.o)
                0x0000c9b0                __mprec_bigtens
 .rodata.p05.5111
                0x0000c9d8        0xc c:/nxp/lpcxpresso_6.1.4_194/lpcxpresso/tools/bin/../lib/gcc/arm-none-eabi/4.6.2/../../../../arm-none-eabi/lib/armv7-m\libc.a(lib_a-mprec.o)
 .rodata.str1.1
                0x0000c9e4        0x4 c:/nxp/lpcxpresso_6.1.4_194/lpcxpresso/tools/bin/../lib/gcc/arm-none-eabi/4.6.2/../../../../arm-none-eabi/lib/armv7-m\libcr_newlib_semihost.a(syscalls.o)
                0x0000c9e8                . = ALIGN (0x4)

.glue_7         0x0000c9e8        0x0
 .glue_7        0x00000000        0x0 linker stubs

.glue_7t        0x0000c9e8        0x0
 .glue_7t       0x00000000        0x0 linker stubs

.vfp11_veneer   0x0000c9e8        0x0
 .vfp11_veneer  0x00000000        0x0 linker stubs

.v4_bx          0x0000c9e8        0x0
 .v4_bx         0x00000000        0x0 linker stubs

.ARM.extab
 *(.ARM.extab* .gnu.linkonce.armextab.*)
                0x0000c9e8                __exidx_start = .

.ARM.exidx      0x0000c9e8        0x8
 *(.ARM.exidx* .gnu.linkonce.armexidx.*)
 .ARM.exidx     0x0000c9e8        0x8 c:/nxp/lpcxpresso_6.1.4_194/lpcxpresso/tools/bin/../lib/gcc/arm-none-eabi/4.6.2/armv7-m\libgcc.a(_divdi3.o)
 .ARM.exidx     0x0000c9f0        0x0 c:/nxp/lpcxpresso_6.1.4_194/lpcxpresso/tools/bin/../lib/gcc/arm-none-eabi/4.6.2/armv7-m\libgcc.a(_udivdi3.o)
                                  0x8 (size before relaxing)
                0x0000c9f0                __exidx_end = .
                0x0000c9f0                _etext = .

.data_RAM2      0x2007c000        0x0 load address 0x0000c9f0
 FILL mask 0xff
 *(.data.$RAM2*)
 *(.data.$RamAHB32*)
                0x2007c000                . = ALIGN (0x4)

.uninit_RESERVED
                0x10000000        0x0
 *(.bss.$RESERVED*)
                0x10000000                . = ALIGN (0x4)
                0x10000000                _end_uninit_RESERVED = .

.data           0x10000000      0x8fc load address 0x0000c9f0
 FILL mask 0xff
                0x10000000                _data = .
 *(vtable)
 *(.data*)
 .data          0x10000000       0x50 C:\Users\Kelvin\Documents\GitHub\ee2024\Lib_EaBaseBoard\Debug\libLib_EaBaseBoard.a(led7seg.o)
 .data          0x10000050        0x8 C:\Users\Kelvin\Documents\GitHub\ee2024\Lib_EaBaseBoard\Debug\libLib_EaBaseBoard.a(light.o)
 .data          0x10000058        0x4 C:\Users\Kelvin\Documents\GitHub\ee2024\Lib_CMSISv1p30_LPC17xx\Debug\libCMSISv1p30_LPC17xx.a(system_LPC17xx.o)
                0x10000058                SystemCoreClock
 .data.__malloc_av_
                0x1000005c      0x408 c:/nxp/lpcxpresso_6.1.4_194/lpcxpresso/tools/bin/../lib/gcc/arm-none-eabi/4.6.2/../../../../arm-none-eabi/lib/armv7-m\libc.a(lib_a-mallocr.o)
                0x1000005c                __malloc_av_
 .data.__malloc_trim_threshold
                0x10000464        0x4 c:/nxp/lpcxpresso_6.1.4_194/lpcxpresso/tools/bin/../lib/gcc/arm-none-eabi/4.6.2/../../../../arm-none-eabi/lib/armv7-m\libc.a(lib_a-mallocr.o)
                0x10000464                __malloc_trim_threshold
 .data.__malloc_sbrk_base
                0x10000468        0x4 c:/nxp/lpcxpresso_6.1.4_194/lpcxpresso/tools/bin/../lib/gcc/arm-none-eabi/4.6.2/../../../../arm-none-eabi/lib/armv7-m\libc.a(lib_a-mallocr.o)
                0x10000468                __malloc_sbrk_base
 *fill*         0x1000046c        0x4 00
 .data.impure_data
                0x10000470      0x428 c:/nxp/lpcxpresso_6.1.4_194/lpcxpresso/tools/bin/../lib/gcc/arm-none-eabi/4.6.2/../../../../arm-none-eabi/lib/armv7-m\libc.a(lib_a-impure.o)
 .data._impure_ptr
                0x10000898        0x4 c:/nxp/lpcxpresso_6.1.4_194/lpcxpresso/tools/bin/../lib/gcc/arm-none-eabi/4.6.2/../../../../arm-none-eabi/lib/armv7-m\libc.a(lib_a-impure.o)
                0x10000898                _impure_ptr
 .data.lconv    0x1000089c       0x38 c:/nxp/lpcxpresso_6.1.4_194/lpcxpresso/tools/bin/../lib/gcc/arm-none-eabi/4.6.2/../../../../arm-none-eabi/lib/armv7-m\libc.a(lib_a-locale.o)
 .data.lc_ctype_charset
                0x100008d4       0x20 c:/nxp/lpcxpresso_6.1.4_194/lpcxpresso/tools/bin/../lib/gcc/arm-none-eabi/4.6.2/../../../../arm-none-eabi/lib/armv7-m\libc.a(lib_a-locale.o)
 .data.__mb_cur_max
                0x100008f4        0x4 c:/nxp/lpcxpresso_6.1.4_194/lpcxpresso/tools/bin/../lib/gcc/arm-none-eabi/4.6.2/../../../../arm-none-eabi/lib/armv7-m\libc.a(lib_a-locale.o)
                0x100008f4                __mb_cur_max
 .data.__wctomb
                0x100008f8        0x4 c:/nxp/lpcxpresso_6.1.4_194/lpcxpresso/tools/bin/../lib/gcc/arm-none-eabi/4.6.2/../../../../arm-none-eabi/lib/armv7-m\libc.a(lib_a-wctomb_r.o)
                0x100008f8                __wctomb
                0x100008fc                . = ALIGN (0x4)
                0x100008fc                _edata = .

.bss_RAM2       0x2007c000        0x0
 *(.bss.$RAM2*)
 *(.bss.$RamAHB32*)
                0x2007c000                . = ALIGN (0x4)

.bss            0x100008fc      0x3e8
                0x100008fc                _bss = .
 *(.bss*)
 .bss           0x100008fc       0x2c ./src/main.o
                0x100008fc                xoff
                0x10000900                yoff
                0x10000904                zoff
                0x10000908                temp
                0x1000090c                light
                0x10000910                usTicks
                0x10000914                x
                0x10000915                y
                0x10000916                z
                0x10000917                mode
                0x10000918                q
 .bss           0x10000928      0x300 C:\Users\Kelvin\Documents\GitHub\ee2024\Lib_EaBaseBoard\Debug\libLib_EaBaseBoard.a(oled.o)
 .bss           0x10000c28        0x6 C:\Users\Kelvin\Documents\GitHub\ee2024\Lib_EaBaseBoard\Debug\libLib_EaBaseBoard.a(pca9532.o)
 *fill*         0x10000c2e        0x2 00
 .bss           0x10000c30        0x4 C:\Users\Kelvin\Documents\GitHub\ee2024\Lib_EaBaseBoard\Debug\libLib_EaBaseBoard.a(temp.o)
 .bss           0x10000c34       0x24 C:\Users\Kelvin\Documents\GitHub\ee2024\Lib_MCU\Debug\libLib_MCU.a(lpc17xx_i2c.o)
 .bss           0x10000c58       0x18 C:\Users\Kelvin\Documents\GitHub\ee2024\Lib_MCU\Debug\libLib_MCU.a(lpc17xx_ssp.o)
 .bss.__malloc_max_total_mem
                0x10000c70        0x4 c:/nxp/lpcxpresso_6.1.4_194/lpcxpresso/tools/bin/../lib/gcc/arm-none-eabi/4.6.2/../../../../arm-none-eabi/lib/armv7-m\libc.a(lib_a-mallocr.o)
                0x10000c70                __malloc_max_total_mem
 .bss.__malloc_max_sbrked_mem
                0x10000c74        0x4 c:/nxp/lpcxpresso_6.1.4_194/lpcxpresso/tools/bin/../lib/gcc/arm-none-eabi/4.6.2/../../../../arm-none-eabi/lib/armv7-m\libc.a(lib_a-mallocr.o)
                0x10000c74                __malloc_max_sbrked_mem
 .bss.__malloc_top_pad
                0x10000c78        0x4 c:/nxp/lpcxpresso_6.1.4_194/lpcxpresso/tools/bin/../lib/gcc/arm-none-eabi/4.6.2/../../../../arm-none-eabi/lib/armv7-m\libc.a(lib_a-mallocr.o)
                0x10000c78                __malloc_top_pad
 .bss.__malloc_current_mallinfo
                0x10000c7c       0x28 c:/nxp/lpcxpresso_6.1.4_194/lpcxpresso/tools/bin/../lib/gcc/arm-none-eabi/4.6.2/../../../../arm-none-eabi/lib/armv7-m\libc.a(lib_a-mallocr.o)
                0x10000c7c                __malloc_current_mallinfo
 .bss.monitor_stdout
                0x10000ca4        0x4 c:/nxp/lpcxpresso_6.1.4_194/lpcxpresso/tools/bin/../lib/gcc/arm-none-eabi/4.6.2/../../../../arm-none-eabi/lib/armv7-m\libcr_newlib_semihost.a(syscalls.o)
 .bss.monitor_stdin
                0x10000ca8        0x4 c:/nxp/lpcxpresso_6.1.4_194/lpcxpresso/tools/bin/../lib/gcc/arm-none-eabi/4.6.2/../../../../arm-none-eabi/lib/armv7-m\libcr_newlib_semihost.a(syscalls.o)
 .bss.initialized.2429
                0x10000cac        0x4 c:/nxp/lpcxpresso_6.1.4_194/lpcxpresso/tools/bin/../lib/gcc/arm-none-eabi/4.6.2/../../../../arm-none-eabi/lib/armv7-m\libcr_newlib_semihost.a(syscalls.o)
 .bss.monitor_stderr
                0x10000cb0        0x4 c:/nxp/lpcxpresso_6.1.4_194/lpcxpresso/tools/bin/../lib/gcc/arm-none-eabi/4.6.2/../../../../arm-none-eabi/lib/armv7-m\libcr_newlib_semihost.a(syscalls.o)
 .bss.openfiles
                0x10000cb4       0x28 c:/nxp/lpcxpresso_6.1.4_194/lpcxpresso/tools/bin/../lib/gcc/arm-none-eabi/4.6.2/../../../../arm-none-eabi/lib/armv7-m\libcr_newlib_semihost.a(syscalls.o)
 *(COMMON)
 COMMON         0x10000cdc        0x4 c:/nxp/lpcxpresso_6.1.4_194/lpcxpresso/tools/bin/../lib/gcc/arm-none-eabi/4.6.2/../../../../arm-none-eabi/lib/armv7-m\libc.a(lib_a-reent.o)
                0x10000cdc                errno
 COMMON         0x10000ce0        0x4 c:/nxp/lpcxpresso_6.1.4_194/lpcxpresso/tools/bin/../lib/gcc/arm-none-eabi/4.6.2/../../../../arm-none-eabi/lib/armv7-m\libcr_newlib_semihost.a(_cr_sbrk.o)
                0x10000ce0                __end_of_heap
                0x10000ce4                . = ALIGN (0x4)
                0x10000ce4                _ebss = .
                0x10000ce4                PROVIDE (end, .)

.noinit_RAM2    0x2007c000        0x0
 *(.noinit.$RAM2*)
 *(.noinit.$RamAHB32*)
                0x2007c000                . = ALIGN (0x4)

.noinit         0x10000ce4        0x0
                0x10000ce4                _noinit = .
 *(.noinit*)
                0x10000ce4                . = ALIGN (0x4)
                0x10000ce4                _end_noinit = .
                0x10000ce4                PROVIDE (_pvHeapStart, .)
                0x10008000                PROVIDE (_vStackTop, (__top_RamLoc32 - 0x0))
OUTPUT(STAR-T-QUEUE.axf elf32-littlearm)

.debug_info     0x00000000     0x969e
 .debug_info    0x00000000      0x209 ./src/cr_startup_lpc17.o
 .debug_info    0x00000209     0x187c ./src/main.o
 .debug_info    0x00001a85      0x53d C:\Users\Kelvin\Documents\GitHub\ee2024\Lib_EaBaseBoard\Debug\libLib_EaBaseBoard.a(acc.o)
 .debug_info    0x00001fc2      0x2ab C:\Users\Kelvin\Documents\GitHub\ee2024\Lib_EaBaseBoard\Debug\libLib_EaBaseBoard.a(led7seg.o)
 .debug_info    0x0000226d      0x763 C:\Users\Kelvin\Documents\GitHub\ee2024\Lib_EaBaseBoard\Debug\libLib_EaBaseBoard.a(light.o)
 .debug_info    0x000029d0      0x97d C:\Users\Kelvin\Documents\GitHub\ee2024\Lib_EaBaseBoard\Debug\libLib_EaBaseBoard.a(oled.o)
 .debug_info    0x0000334d      0x642 C:\Users\Kelvin\Documents\GitHub\ee2024\Lib_EaBaseBoard\Debug\libLib_EaBaseBoard.a(pca9532.o)
 .debug_info    0x0000398f       0xe4 C:\Users\Kelvin\Documents\GitHub\ee2024\Lib_EaBaseBoard\Debug\libLib_EaBaseBoard.a(rgb.o)
 .debug_info    0x00003a73      0x154 C:\Users\Kelvin\Documents\GitHub\ee2024\Lib_EaBaseBoard\Debug\libLib_EaBaseBoard.a(temp.o)
 .debug_info    0x00003bc7       0x65 C:\Users\Kelvin\Documents\GitHub\ee2024\Lib_EaBaseBoard\Debug\libLib_EaBaseBoard.a(font5x7.o)
 .debug_info    0x00003c2c      0xb95 C:\Users\Kelvin\Documents\GitHub\ee2024\Lib_MCU\Debug\libLib_MCU.a(lpc17xx_gpio.o)
 .debug_info    0x000047c1      0xcc3 C:\Users\Kelvin\Documents\GitHub\ee2024\Lib_MCU\Debug\libLib_MCU.a(lpc17xx_i2c.o)
 .debug_info    0x00005484      0x4b1 C:\Users\Kelvin\Documents\GitHub\ee2024\Lib_MCU\Debug\libLib_MCU.a(lpc17xx_pinsel.o)
 .debug_info    0x00005935      0x867 C:\Users\Kelvin\Documents\GitHub\ee2024\Lib_MCU\Debug\libLib_MCU.a(lpc17xx_ssp.o)
 .debug_info    0x0000619c      0x8e4 C:\Users\Kelvin\Documents\GitHub\ee2024\Lib_MCU\Debug\libLib_MCU.a(lpc17xx_timer.o)
 .debug_info    0x00006a80     0x14df C:\Users\Kelvin\Documents\GitHub\ee2024\Lib_MCU\Debug\libLib_MCU.a(lpc17xx_uart.o)
 .debug_info    0x00007f5f      0x641 C:\Users\Kelvin\Documents\GitHub\ee2024\Lib_MCU\Debug\libLib_MCU.a(lpc17xx_clkpwr.o)
 .debug_info    0x000085a0      0x357 C:\Users\Kelvin\Documents\GitHub\ee2024\Lib_CMSISv1p30_LPC17xx\Debug\libCMSISv1p30_LPC17xx.a(system_LPC17xx.o)
 .debug_info    0x000088f7      0x106 c:/nxp/lpcxpresso_6.1.4_194/lpcxpresso/tools/bin/../lib/gcc/arm-none-eabi/4.6.2/../../../../arm-none-eabi/lib/armv7-m\libcr_newlib_semihost.a(_cr_sbrk.o)
 .debug_info    0x000089fd      0xbec c:/nxp/lpcxpresso_6.1.4_194/lpcxpresso/tools/bin/../lib/gcc/arm-none-eabi/4.6.2/../../../../arm-none-eabi/lib/armv7-m\libcr_newlib_semihost.a(syscalls.o)
 .debug_info    0x000095e9       0xb5 c:/nxp/lpcxpresso_6.1.4_194/lpcxpresso/tools/bin/../lib/gcc/arm-none-eabi/4.6.2/../../../../arm-none-eabi/lib/armv7-m\libcr_newlib_semihost.a(_cr_check_heap.o)

.debug_abbrev   0x00000000     0x1e8a
 .debug_abbrev  0x00000000       0xb4 ./src/cr_startup_lpc17.o
 .debug_abbrev  0x000000b4      0x39c ./src/main.o
 .debug_abbrev  0x00000450      0x15c C:\Users\Kelvin\Documents\GitHub\ee2024\Lib_EaBaseBoard\Debug\libLib_EaBaseBoard.a(acc.o)
 .debug_abbrev  0x000005ac      0x16c C:\Users\Kelvin\Documents\GitHub\ee2024\Lib_EaBaseBoard\Debug\libLib_EaBaseBoard.a(led7seg.o)
 .debug_abbrev  0x00000718      0x1bd C:\Users\Kelvin\Documents\GitHub\ee2024\Lib_EaBaseBoard\Debug\libLib_EaBaseBoard.a(light.o)
 .debug_abbrev  0x000008d5      0x1f1 C:\Users\Kelvin\Documents\GitHub\ee2024\Lib_EaBaseBoard\Debug\libLib_EaBaseBoard.a(oled.o)
 .debug_abbrev  0x00000ac6      0x1aa C:\Users\Kelvin\Documents\GitHub\ee2024\Lib_EaBaseBoard\Debug\libLib_EaBaseBoard.a(pca9532.o)
 .debug_abbrev  0x00000c70       0x8e C:\Users\Kelvin\Documents\GitHub\ee2024\Lib_EaBaseBoard\Debug\libLib_EaBaseBoard.a(rgb.o)
 .debug_abbrev  0x00000cfe       0xc2 C:\Users\Kelvin\Documents\GitHub\ee2024\Lib_EaBaseBoard\Debug\libLib_EaBaseBoard.a(temp.o)
 .debug_abbrev  0x00000dc0       0x4b C:\Users\Kelvin\Documents\GitHub\ee2024\Lib_EaBaseBoard\Debug\libLib_EaBaseBoard.a(font5x7.o)
 .debug_abbrev  0x00000e0b      0x185 C:\Users\Kelvin\Documents\GitHub\ee2024\Lib_MCU\Debug\libLib_MCU.a(lpc17xx_gpio.o)
 .debug_abbrev  0x00000f90      0x24a C:\Users\Kelvin\Documents\GitHub\ee2024\Lib_MCU\Debug\libLib_MCU.a(lpc17xx_i2c.o)
 .debug_abbrev  0x000011da      0x10a C:\Users\Kelvin\Documents\GitHub\ee2024\Lib_MCU\Debug\libLib_MCU.a(lpc17xx_pinsel.o)
 .debug_abbrev  0x000012e4      0x1d3 C:\Users\Kelvin\Documents\GitHub\ee2024\Lib_MCU\Debug\libLib_MCU.a(lpc17xx_ssp.o)
 .debug_abbrev  0x000014b7      0x19f C:\Users\Kelvin\Documents\GitHub\ee2024\Lib_MCU\Debug\libLib_MCU.a(lpc17xx_timer.o)
 .debug_abbrev  0x00001656      0x259 C:\Users\Kelvin\Documents\GitHub\ee2024\Lib_MCU\Debug\libLib_MCU.a(lpc17xx_uart.o)
 .debug_abbrev  0x000018af      0x174 C:\Users\Kelvin\Documents\GitHub\ee2024\Lib_MCU\Debug\libLib_MCU.a(lpc17xx_clkpwr.o)
 .debug_abbrev  0x00001a23       0xce C:\Users\Kelvin\Documents\GitHub\ee2024\Lib_CMSISv1p30_LPC17xx\Debug\libCMSISv1p30_LPC17xx.a(system_LPC17xx.o)
 .debug_abbrev  0x00001af1       0xa8 c:/nxp/lpcxpresso_6.1.4_194/lpcxpresso/tools/bin/../lib/gcc/arm-none-eabi/4.6.2/../../../../arm-none-eabi/lib/armv7-m\libcr_newlib_semihost.a(_cr_sbrk.o)
 .debug_abbrev  0x00001b99      0x27f c:/nxp/lpcxpresso_6.1.4_194/lpcxpresso/tools/bin/../lib/gcc/arm-none-eabi/4.6.2/../../../../arm-none-eabi/lib/armv7-m\libcr_newlib_semihost.a(syscalls.o)
 .debug_abbrev  0x00001e18       0x72 c:/nxp/lpcxpresso_6.1.4_194/lpcxpresso/tools/bin/../lib/gcc/arm-none-eabi/4.6.2/../../../../arm-none-eabi/lib/armv7-m\libcr_newlib_semihost.a(_cr_check_heap.o)

.debug_loc      0x00000000     0x409f
 .debug_loc     0x00000000      0x1f0 ./src/cr_startup_lpc17.o
 .debug_loc     0x000001f0      0xa55 ./src/main.o
 .debug_loc     0x00000c45      0x1f0 C:\Users\Kelvin\Documents\GitHub\ee2024\Lib_EaBaseBoard\Debug\libLib_EaBaseBoard.a(acc.o)
 .debug_loc     0x00000e35       0x9c C:\Users\Kelvin\Documents\GitHub\ee2024\Lib_EaBaseBoard\Debug\libLib_EaBaseBoard.a(led7seg.o)
 .debug_loc     0x00000ed1      0x378 C:\Users\Kelvin\Documents\GitHub\ee2024\Lib_EaBaseBoard\Debug\libLib_EaBaseBoard.a(light.o)
 .debug_loc     0x00001249      0x33e C:\Users\Kelvin\Documents\GitHub\ee2024\Lib_EaBaseBoard\Debug\libLib_EaBaseBoard.a(oled.o)
 .debug_loc     0x00001587      0x2d0 C:\Users\Kelvin\Documents\GitHub\ee2024\Lib_EaBaseBoard\Debug\libLib_EaBaseBoard.a(pca9532.o)
 .debug_loc     0x00001857       0x64 C:\Users\Kelvin\Documents\GitHub\ee2024\Lib_EaBaseBoard\Debug\libLib_EaBaseBoard.a(rgb.o)
 .debug_loc     0x000018bb       0x70 C:\Users\Kelvin\Documents\GitHub\ee2024\Lib_EaBaseBoard\Debug\libLib_EaBaseBoard.a(temp.o)
 .debug_loc     0x0000192b      0x4d0 C:\Users\Kelvin\Documents\GitHub\ee2024\Lib_MCU\Debug\libLib_MCU.a(lpc17xx_gpio.o)
 .debug_loc     0x00001dfb      0x4e4 C:\Users\Kelvin\Documents\GitHub\ee2024\Lib_MCU\Debug\libLib_MCU.a(lpc17xx_i2c.o)
 .debug_loc     0x000022df      0x150 C:\Users\Kelvin\Documents\GitHub\ee2024\Lib_MCU\Debug\libLib_MCU.a(lpc17xx_pinsel.o)
 .debug_loc     0x0000242f      0x448 C:\Users\Kelvin\Documents\GitHub\ee2024\Lib_MCU\Debug\libLib_MCU.a(lpc17xx_ssp.o)
 .debug_loc     0x00002877      0x3b8 C:\Users\Kelvin\Documents\GitHub\ee2024\Lib_MCU\Debug\libLib_MCU.a(lpc17xx_timer.o)
 .debug_loc     0x00002c2f      0x77a C:\Users\Kelvin\Documents\GitHub\ee2024\Lib_MCU\Debug\libLib_MCU.a(lpc17xx_uart.o)
 .debug_loc     0x000033a9      0x1bc C:\Users\Kelvin\Documents\GitHub\ee2024\Lib_MCU\Debug\libLib_MCU.a(lpc17xx_clkpwr.o)
 .debug_loc     0x00003565       0x58 C:\Users\Kelvin\Documents\GitHub\ee2024\Lib_CMSISv1p30_LPC17xx\Debug\libCMSISv1p30_LPC17xx.a(system_LPC17xx.o)
 .debug_loc     0x000035bd       0x55 c:/nxp/lpcxpresso_6.1.4_194/lpcxpresso/tools/bin/../lib/gcc/arm-none-eabi/4.6.2/../../../../arm-none-eabi/lib/armv7-m\libcr_newlib_semihost.a(_cr_sbrk.o)
 .debug_loc     0x00003612      0xa64 c:/nxp/lpcxpresso_6.1.4_194/lpcxpresso/tools/bin/../lib/gcc/arm-none-eabi/4.6.2/../../../../arm-none-eabi/lib/armv7-m\libcr_newlib_semihost.a(syscalls.o)
 .debug_loc     0x00004076       0x29 c:/nxp/lpcxpresso_6.1.4_194/lpcxpresso/tools/bin/../lib/gcc/arm-none-eabi/4.6.2/../../../../arm-none-eabi/lib/armv7-m\libcr_newlib_semihost.a(_cr_check_heap.o)

.debug_aranges  0x00000000      0xad8
 .debug_aranges
                0x00000000       0x70 ./src/cr_startup_lpc17.o
 .debug_aranges
                0x00000070      0x1c0 ./src/main.o
 .debug_aranges
                0x00000230       0x60 C:\Users\Kelvin\Documents\GitHub\ee2024\Lib_EaBaseBoard\Debug\libLib_EaBaseBoard.a(acc.o)
 .debug_aranges
                0x00000290       0x30 C:\Users\Kelvin\Documents\GitHub\ee2024\Lib_EaBaseBoard\Debug\libLib_EaBaseBoard.a(led7seg.o)
 .debug_aranges
                0x000002c0       0x98 C:\Users\Kelvin\Documents\GitHub\ee2024\Lib_EaBaseBoard\Debug\libLib_EaBaseBoard.a(light.o)
 .debug_aranges
                0x00000358       0x90 C:\Users\Kelvin\Documents\GitHub\ee2024\Lib_EaBaseBoard\Debug\libLib_EaBaseBoard.a(oled.o)
 .debug_aranges
                0x000003e8       0x80 C:\Users\Kelvin\Documents\GitHub\ee2024\Lib_EaBaseBoard\Debug\libLib_EaBaseBoard.a(pca9532.o)
 .debug_aranges
                0x00000468       0x28 C:\Users\Kelvin\Documents\GitHub\ee2024\Lib_EaBaseBoard\Debug\libLib_EaBaseBoard.a(rgb.o)
 .debug_aranges
                0x00000490       0x28 C:\Users\Kelvin\Documents\GitHub\ee2024\Lib_EaBaseBoard\Debug\libLib_EaBaseBoard.a(temp.o)
 .debug_aranges
                0x000004b8       0xc8 C:\Users\Kelvin\Documents\GitHub\ee2024\Lib_MCU\Debug\libLib_MCU.a(lpc17xx_gpio.o)
 .debug_aranges
                0x00000580       0xd0 C:\Users\Kelvin\Documents\GitHub\ee2024\Lib_MCU\Debug\libLib_MCU.a(lpc17xx_i2c.o)
 .debug_aranges
                0x00000650       0x48 C:\Users\Kelvin\Documents\GitHub\ee2024\Lib_MCU\Debug\libLib_MCU.a(lpc17xx_pinsel.o)
 .debug_aranges
                0x00000698       0xb8 C:\Users\Kelvin\Documents\GitHub\ee2024\Lib_MCU\Debug\libLib_MCU.a(lpc17xx_ssp.o)
 .debug_aranges
                0x00000750       0xa0 C:\Users\Kelvin\Documents\GitHub\ee2024\Lib_MCU\Debug\libLib_MCU.a(lpc17xx_timer.o)
 .debug_aranges
                0x000007f0      0x130 C:\Users\Kelvin\Documents\GitHub\ee2024\Lib_MCU\Debug\libLib_MCU.a(lpc17xx_uart.o)
 .debug_aranges
                0x00000920       0x60 C:\Users\Kelvin\Documents\GitHub\ee2024\Lib_MCU\Debug\libLib_MCU.a(lpc17xx_clkpwr.o)
 .debug_aranges
                0x00000980       0x28 C:\Users\Kelvin\Documents\GitHub\ee2024\Lib_CMSISv1p30_LPC17xx\Debug\libCMSISv1p30_LPC17xx.a(system_LPC17xx.o)
 .debug_aranges
                0x000009a8       0x20 c:/nxp/lpcxpresso_6.1.4_194/lpcxpresso/tools/bin/../lib/gcc/arm-none-eabi/4.6.2/../../../../arm-none-eabi/lib/armv7-m\libcr_newlib_semihost.a(_cr_sbrk.o)
 .debug_aranges
                0x000009c8       0xf0 c:/nxp/lpcxpresso_6.1.4_194/lpcxpresso/tools/bin/../lib/gcc/arm-none-eabi/4.6.2/../../../../arm-none-eabi/lib/armv7-m\libcr_newlib_semihost.a(syscalls.o)
 .debug_aranges
                0x00000ab8       0x20 c:/nxp/lpcxpresso_6.1.4_194/lpcxpresso/tools/bin/../lib/gcc/arm-none-eabi/4.6.2/../../../../arm-none-eabi/lib/armv7-m\libcr_newlib_semihost.a(_cr_check_heap.o)

.debug_ranges   0x00000000      0x9f8
 .debug_ranges  0x00000000       0x60 ./src/cr_startup_lpc17.o
 .debug_ranges  0x00000060      0x1b0 ./src/main.o
 .debug_ranges  0x00000210       0x50 C:\Users\Kelvin\Documents\GitHub\ee2024\Lib_EaBaseBoard\Debug\libLib_EaBaseBoard.a(acc.o)
 .debug_ranges  0x00000260       0x20 C:\Users\Kelvin\Documents\GitHub\ee2024\Lib_EaBaseBoard\Debug\libLib_EaBaseBoard.a(led7seg.o)
 .debug_ranges  0x00000280       0x88 C:\Users\Kelvin\Documents\GitHub\ee2024\Lib_EaBaseBoard\Debug\libLib_EaBaseBoard.a(light.o)
 .debug_ranges  0x00000308       0x80 C:\Users\Kelvin\Documents\GitHub\ee2024\Lib_EaBaseBoard\Debug\libLib_EaBaseBoard.a(oled.o)
 .debug_ranges  0x00000388       0x70 C:\Users\Kelvin\Documents\GitHub\ee2024\Lib_EaBaseBoard\Debug\libLib_EaBaseBoard.a(pca9532.o)
 .debug_ranges  0x000003f8       0x18 C:\Users\Kelvin\Documents\GitHub\ee2024\Lib_EaBaseBoard\Debug\libLib_EaBaseBoard.a(rgb.o)
 .debug_ranges  0x00000410       0x18 C:\Users\Kelvin\Documents\GitHub\ee2024\Lib_EaBaseBoard\Debug\libLib_EaBaseBoard.a(temp.o)
 .debug_ranges  0x00000428       0xb8 C:\Users\Kelvin\Documents\GitHub\ee2024\Lib_MCU\Debug\libLib_MCU.a(lpc17xx_gpio.o)
 .debug_ranges  0x000004e0       0xc0 C:\Users\Kelvin\Documents\GitHub\ee2024\Lib_MCU\Debug\libLib_MCU.a(lpc17xx_i2c.o)
 .debug_ranges  0x000005a0       0x38 C:\Users\Kelvin\Documents\GitHub\ee2024\Lib_MCU\Debug\libLib_MCU.a(lpc17xx_pinsel.o)
 .debug_ranges  0x000005d8       0xa8 C:\Users\Kelvin\Documents\GitHub\ee2024\Lib_MCU\Debug\libLib_MCU.a(lpc17xx_ssp.o)
 .debug_ranges  0x00000680       0x90 C:\Users\Kelvin\Documents\GitHub\ee2024\Lib_MCU\Debug\libLib_MCU.a(lpc17xx_timer.o)
 .debug_ranges  0x00000710      0x120 C:\Users\Kelvin\Documents\GitHub\ee2024\Lib_MCU\Debug\libLib_MCU.a(lpc17xx_uart.o)
 .debug_ranges  0x00000830       0x50 C:\Users\Kelvin\Documents\GitHub\ee2024\Lib_MCU\Debug\libLib_MCU.a(lpc17xx_clkpwr.o)
 .debug_ranges  0x00000880       0x18 C:\Users\Kelvin\Documents\GitHub\ee2024\Lib_CMSISv1p30_LPC17xx\Debug\libCMSISv1p30_LPC17xx.a(system_LPC17xx.o)
 .debug_ranges  0x00000898       0x10 c:/nxp/lpcxpresso_6.1.4_194/lpcxpresso/tools/bin/../lib/gcc/arm-none-eabi/4.6.2/../../../../arm-none-eabi/lib/armv7-m\libcr_newlib_semihost.a(_cr_sbrk.o)
 .debug_ranges  0x000008a8      0x140 c:/nxp/lpcxpresso_6.1.4_194/lpcxpresso/tools/bin/../lib/gcc/arm-none-eabi/4.6.2/../../../../arm-none-eabi/lib/armv7-m\libcr_newlib_semihost.a(syscalls.o)
 .debug_ranges  0x000009e8       0x10 c:/nxp/lpcxpresso_6.1.4_194/lpcxpresso/tools/bin/../lib/gcc/arm-none-eabi/4.6.2/../../../../arm-none-eabi/lib/armv7-m\libcr_newlib_semihost.a(_cr_check_heap.o)

.debug_line     0x00000000     0x70c2
 .debug_line    0x00000000      0x363 ./src/cr_startup_lpc17.o
 .debug_line    0x00000363      0xcb5 ./src/main.o
 .debug_line    0x00001018      0x4d3 C:\Users\Kelvin\Documents\GitHub\ee2024\Lib_EaBaseBoard\Debug\libLib_EaBaseBoard.a(acc.o)
 .debug_line    0x000014eb      0x464 C:\Users\Kelvin\Documents\GitHub\ee2024\Lib_EaBaseBoard\Debug\libLib_EaBaseBoard.a(led7seg.o)
 .debug_line    0x0000194f      0x57f C:\Users\Kelvin\Documents\GitHub\ee2024\Lib_EaBaseBoard\Debug\libLib_EaBaseBoard.a(light.o)
 .debug_line    0x00001ece      0x758 C:\Users\Kelvin\Documents\GitHub\ee2024\Lib_EaBaseBoard\Debug\libLib_EaBaseBoard.a(oled.o)
 .debug_line    0x00002626      0x56a C:\Users\Kelvin\Documents\GitHub\ee2024\Lib_EaBaseBoard\Debug\libLib_EaBaseBoard.a(pca9532.o)
 .debug_line    0x00002b90      0x42b C:\Users\Kelvin\Documents\GitHub\ee2024\Lib_EaBaseBoard\Debug\libLib_EaBaseBoard.a(rgb.o)
 .debug_line    0x00002fbb      0x44b C:\Users\Kelvin\Documents\GitHub\ee2024\Lib_EaBaseBoard\Debug\libLib_EaBaseBoard.a(temp.o)
 .debug_line    0x00003406       0x7d C:\Users\Kelvin\Documents\GitHub\ee2024\Lib_EaBaseBoard\Debug\libLib_EaBaseBoard.a(font5x7.o)
 .debug_line    0x00003483      0x5d4 C:\Users\Kelvin\Documents\GitHub\ee2024\Lib_MCU\Debug\libLib_MCU.a(lpc17xx_gpio.o)
 .debug_line    0x00003a57      0x8ef C:\Users\Kelvin\Documents\GitHub\ee2024\Lib_MCU\Debug\libLib_MCU.a(lpc17xx_i2c.o)
 .debug_line    0x00004346      0x453 C:\Users\Kelvin\Documents\GitHub\ee2024\Lib_MCU\Debug\libLib_MCU.a(lpc17xx_pinsel.o)
 .debug_line    0x00004799      0x822 C:\Users\Kelvin\Documents\GitHub\ee2024\Lib_MCU\Debug\libLib_MCU.a(lpc17xx_ssp.o)
 .debug_line    0x00004fbb      0x780 C:\Users\Kelvin\Documents\GitHub\ee2024\Lib_MCU\Debug\libLib_MCU.a(lpc17xx_timer.o)
 .debug_line    0x0000573b      0xb6e C:\Users\Kelvin\Documents\GitHub\ee2024\Lib_MCU\Debug\libLib_MCU.a(lpc17xx_uart.o)
 .debug_line    0x000062a9      0x4b4 C:\Users\Kelvin\Documents\GitHub\ee2024\Lib_MCU\Debug\libLib_MCU.a(lpc17xx_clkpwr.o)
 .debug_line    0x0000675d      0x402 C:\Users\Kelvin\Documents\GitHub\ee2024\Lib_CMSISv1p30_LPC17xx\Debug\libCMSISv1p30_LPC17xx.a(system_LPC17xx.o)
 .debug_line    0x00006b5f       0xc0 c:/nxp/lpcxpresso_6.1.4_194/lpcxpresso/tools/bin/../lib/gcc/arm-none-eabi/4.6.2/../../../../arm-none-eabi/lib/armv7-m\libcr_newlib_semihost.a(_cr_sbrk.o)
 .debug_line    0x00006c1f      0x44f c:/nxp/lpcxpresso_6.1.4_194/lpcxpresso/tools/bin/../lib/gcc/arm-none-eabi/4.6.2/../../../../arm-none-eabi/lib/armv7-m\libcr_newlib_semihost.a(syscalls.o)
 .debug_line    0x0000706e       0x54 c:/nxp/lpcxpresso_6.1.4_194/lpcxpresso/tools/bin/../lib/gcc/arm-none-eabi/4.6.2/../../../../arm-none-eabi/lib/armv7-m\libcr_newlib_semihost.a(_cr_check_heap.o)

.debug_macinfo  0x00000000    0x9fd60
 .debug_macinfo
                0x00000000     0x2c15 ./src/cr_startup_lpc17.o
 .debug_macinfo
                0x00002c15     0xe32d ./src/main.o
 .debug_macinfo
                0x00010f42     0x8f1b C:\Users\Kelvin\Documents\GitHub\ee2024\Lib_EaBaseBoard\Debug\libLib_EaBaseBoard.a(acc.o)
 .debug_macinfo
                0x00019e5d     0x96a3 C:\Users\Kelvin\Documents\GitHub\ee2024\Lib_EaBaseBoard\Debug\libLib_EaBaseBoard.a(led7seg.o)
 .debug_macinfo
                0x00023500     0x8e3a C:\Users\Kelvin\Documents\GitHub\ee2024\Lib_EaBaseBoard\Debug\libLib_EaBaseBoard.a(light.o)
 .debug_macinfo
                0x0002c33a     0xa143 C:\Users\Kelvin\Documents\GitHub\ee2024\Lib_EaBaseBoard\Debug\libLib_EaBaseBoard.a(oled.o)
 .debug_macinfo
                0x0003647d     0x8e59 C:\Users\Kelvin\Documents\GitHub\ee2024\Lib_EaBaseBoard\Debug\libLib_EaBaseBoard.a(pca9532.o)
 .debug_macinfo
                0x0003f2d6     0x854c C:\Users\Kelvin\Documents\GitHub\ee2024\Lib_EaBaseBoard\Debug\libLib_EaBaseBoard.a(rgb.o)
 .debug_macinfo
                0x00047822     0x85e4 C:\Users\Kelvin\Documents\GitHub\ee2024\Lib_EaBaseBoard\Debug\libLib_EaBaseBoard.a(temp.o)
 .debug_macinfo
                0x0004fe06     0x332a C:\Users\Kelvin\Documents\GitHub\ee2024\Lib_EaBaseBoard\Debug\libLib_EaBaseBoard.a(font5x7.o)
 .debug_macinfo
                0x00053130     0x86b8 C:\Users\Kelvin\Documents\GitHub\ee2024\Lib_MCU\Debug\libLib_MCU.a(lpc17xx_gpio.o)
 .debug_macinfo
                0x0005b7e8     0xa5d8 C:\Users\Kelvin\Documents\GitHub\ee2024\Lib_MCU\Debug\libLib_MCU.a(lpc17xx_i2c.o)
 .debug_macinfo
                0x00065dc0     0x87d3 C:\Users\Kelvin\Documents\GitHub\ee2024\Lib_MCU\Debug\libLib_MCU.a(lpc17xx_pinsel.o)
 .debug_macinfo
                0x0006e593     0xa8d0 C:\Users\Kelvin\Documents\GitHub\ee2024\Lib_MCU\Debug\libLib_MCU.a(lpc17xx_ssp.o)
 .debug_macinfo
                0x00078e63     0xa4cd C:\Users\Kelvin\Documents\GitHub\ee2024\Lib_MCU\Debug\libLib_MCU.a(lpc17xx_timer.o)
 .debug_macinfo
                0x00083330     0xb03f C:\Users\Kelvin\Documents\GitHub\ee2024\Lib_MCU\Debug\libLib_MCU.a(lpc17xx_uart.o)
 .debug_macinfo
                0x0008e36f     0x95f9 C:\Users\Kelvin\Documents\GitHub\ee2024\Lib_MCU\Debug\libLib_MCU.a(lpc17xx_clkpwr.o)
 .debug_macinfo
                0x00097968     0x83f8 C:\Users\Kelvin\Documents\GitHub\ee2024\Lib_CMSISv1p30_LPC17xx\Debug\libCMSISv1p30_LPC17xx.a(system_LPC17xx.o)

.debug_str      0x00000000     0x319d
 .debug_str     0x00000000      0x1c6 ./src/cr_startup_lpc17.o
                                0x200 (size before relaxing)
 .debug_str     0x000001c6      0xc3c ./src/main.o
                                0xda8 (size before relaxing)
 .debug_str     0x00000e02      0x21b C:\Users\Kelvin\Documents\GitHub\ee2024\Lib_EaBaseBoard\Debug\libLib_EaBaseBoard.a(acc.o)
                                0x393 (size before relaxing)
 .debug_str     0x0000101d       0x9b C:\Users\Kelvin\Documents\GitHub\ee2024\Lib_EaBaseBoard\Debug\libLib_EaBaseBoard.a(led7seg.o)
                                0x205 (size before relaxing)
 .debug_str     0x000010b8      0x17f C:\Users\Kelvin\Documents\GitHub\ee2024\Lib_EaBaseBoard\Debug\libLib_EaBaseBoard.a(light.o)
                                0x4f8 (size before relaxing)
 .debug_str     0x00001237      0x19f C:\Users\Kelvin\Documents\GitHub\ee2024\Lib_EaBaseBoard\Debug\libLib_EaBaseBoard.a(oled.o)
                                0x3b0 (size before relaxing)
 .debug_str     0x000013d6      0x12c C:\Users\Kelvin\Documents\GitHub\ee2024\Lib_EaBaseBoard\Debug\libLib_EaBaseBoard.a(pca9532.o)
                                0x3ea (size before relaxing)
 .debug_str     0x00001502       0x22 C:\Users\Kelvin\Documents\GitHub\ee2024\Lib_EaBaseBoard\Debug\libLib_EaBaseBoard.a(rgb.o)
                                0x144 (size before relaxing)
 .debug_str     0x00001524       0x31 C:\Users\Kelvin\Documents\GitHub\ee2024\Lib_EaBaseBoard\Debug\libLib_EaBaseBoard.a(temp.o)
                                0x167 (size before relaxing)
 .debug_str     0x00001555       0x11 C:\Users\Kelvin\Documents\GitHub\ee2024\Lib_EaBaseBoard\Debug\libLib_EaBaseBoard.a(font5x7.o)
                                 0xbb (size before relaxing)
 .debug_str     0x00001566      0x374 C:\Users\Kelvin\Documents\GitHub\ee2024\Lib_MCU\Debug\libLib_MCU.a(lpc17xx_gpio.o)
                                0x46c (size before relaxing)
 .debug_str     0x000018da      0x2f4 C:\Users\Kelvin\Documents\GitHub\ee2024\Lib_MCU\Debug\libLib_MCU.a(lpc17xx_i2c.o)
                                0x802 (size before relaxing)
 .debug_str     0x00001bce      0x214 C:\Users\Kelvin\Documents\GitHub\ee2024\Lib_MCU\Debug\libLib_MCU.a(lpc17xx_pinsel.o)
                                0x3a1 (size before relaxing)
 .debug_str     0x00001de2      0x204 C:\Users\Kelvin\Documents\GitHub\ee2024\Lib_MCU\Debug\libLib_MCU.a(lpc17xx_ssp.o)
                                0x47f (size before relaxing)
 .debug_str     0x00001fe6      0x28b C:\Users\Kelvin\Documents\GitHub\ee2024\Lib_MCU\Debug\libLib_MCU.a(lpc17xx_timer.o)
                                0x5b5 (size before relaxing)
 .debug_str     0x00002271      0x938 C:\Users\Kelvin\Documents\GitHub\ee2024\Lib_MCU\Debug\libLib_MCU.a(lpc17xx_uart.o)
                                0xc55 (size before relaxing)
 .debug_str     0x00002ba9      0x1a2 C:\Users\Kelvin\Documents\GitHub\ee2024\Lib_MCU\Debug\libLib_MCU.a(lpc17xx_clkpwr.o)
                                0x39d (size before relaxing)
 .debug_str     0x00002d4b       0x7e C:\Users\Kelvin\Documents\GitHub\ee2024\Lib_CMSISv1p30_LPC17xx\Debug\libCMSISv1p30_LPC17xx.a(system_LPC17xx.o)
                                0x297 (size before relaxing)
 .debug_str     0x00002dc9       0xbc c:/nxp/lpcxpresso_6.1.4_194/lpcxpresso/tools/bin/../lib/gcc/arm-none-eabi/4.6.2/../../../../arm-none-eabi/lib/armv7-m\libcr_newlib_semihost.a(_cr_sbrk.o)
                                0x145 (size before relaxing)
 .debug_str     0x00002e85      0x2dd c:/nxp/lpcxpresso_6.1.4_194/lpcxpresso/tools/bin/../lib/gcc/arm-none-eabi/4.6.2/../../../../arm-none-eabi/lib/armv7-m\libcr_newlib_semihost.a(syscalls.o)
                                0x40b (size before relaxing)
 .debug_str     0x00003162       0x3b c:/nxp/lpcxpresso_6.1.4_194/lpcxpresso/tools/bin/../lib/gcc/arm-none-eabi/4.6.2/../../../../arm-none-eabi/lib/armv7-m\libcr_newlib_semihost.a(_cr_check_heap.o)
                                 0xd1 (size before relaxing)

.comment        0x00000000       0x9a
 .comment       0x00000000       0x70 ./src/cr_startup_lpc17.o
                                 0x71 (size before relaxing)
 .comment       0x00000000       0x71 ./src/main.o
 .comment       0x00000000       0x71 C:\Users\Kelvin\Documents\GitHub\ee2024\Lib_EaBaseBoard\Debug\libLib_EaBaseBoard.a(acc.o)
 .comment       0x00000000       0x71 C:\Users\Kelvin\Documents\GitHub\ee2024\Lib_EaBaseBoard\Debug\libLib_EaBaseBoard.a(led7seg.o)
 .comment       0x00000000       0x71 C:\Users\Kelvin\Documents\GitHub\ee2024\Lib_EaBaseBoard\Debug\libLib_EaBaseBoard.a(light.o)
 .comment       0x00000000       0x71 C:\Users\Kelvin\Documents\GitHub\ee2024\Lib_EaBaseBoard\Debug\libLib_EaBaseBoard.a(oled.o)
 .comment       0x00000000       0x71 C:\Users\Kelvin\Documents\GitHub\ee2024\Lib_EaBaseBoard\Debug\libLib_EaBaseBoard.a(pca9532.o)
 .comment       0x00000000       0x71 C:\Users\Kelvin\Documents\GitHub\ee2024\Lib_EaBaseBoard\Debug\libLib_EaBaseBoard.a(rgb.o)
 .comment       0x00000000       0x71 C:\Users\Kelvin\Documents\GitHub\ee2024\Lib_EaBaseBoard\Debug\libLib_EaBaseBoard.a(temp.o)
 .comment       0x00000000       0x71 C:\Users\Kelvin\Documents\GitHub\ee2024\Lib_EaBaseBoard\Debug\libLib_EaBaseBoard.a(font5x7.o)
 .comment       0x00000000       0x71 C:\Users\Kelvin\Documents\GitHub\ee2024\Lib_MCU\Debug\libLib_MCU.a(lpc17xx_gpio.o)
 .comment       0x00000000       0x71 C:\Users\Kelvin\Documents\GitHub\ee2024\Lib_MCU\Debug\libLib_MCU.a(lpc17xx_i2c.o)
 .comment       0x00000000       0x71 C:\Users\Kelvin\Documents\GitHub\ee2024\Lib_MCU\Debug\libLib_MCU.a(lpc17xx_pinsel.o)
 .comment       0x00000000       0x71 C:\Users\Kelvin\Documents\GitHub\ee2024\Lib_MCU\Debug\libLib_MCU.a(lpc17xx_ssp.o)
 .comment       0x00000000       0x71 C:\Users\Kelvin\Documents\GitHub\ee2024\Lib_MCU\Debug\libLib_MCU.a(lpc17xx_timer.o)
 .comment       0x00000000       0x71 C:\Users\Kelvin\Documents\GitHub\ee2024\Lib_MCU\Debug\libLib_MCU.a(lpc17xx_uart.o)
 .comment       0x00000000       0x71 C:\Users\Kelvin\Documents\GitHub\ee2024\Lib_MCU\Debug\libLib_MCU.a(lpc17xx_clkpwr.o)
 .comment       0x00000000       0x71 C:\Users\Kelvin\Documents\GitHub\ee2024\Lib_CMSISv1p30_LPC17xx\Debug\libCMSISv1p30_LPC17xx.a(system_LPC17xx.o)
 .comment       0x00000070       0x2a c:/nxp/lpcxpresso_6.1.4_194/lpcxpresso/tools/bin/../lib/gcc/arm-none-eabi/4.6.2/../../../../arm-none-eabi/lib/armv7-m\libcr_newlib_semihost.a(_cr_sbrk.o)
                                 0x2b (size before relaxing)
 .comment       0x00000000       0x2b c:/nxp/lpcxpresso_6.1.4_194/lpcxpresso/tools/bin/../lib/gcc/arm-none-eabi/4.6.2/../../../../arm-none-eabi/lib/armv7-m\libcr_newlib_semihost.a(syscalls.o)
 .comment       0x00000000       0x2b c:/nxp/lpcxpresso_6.1.4_194/lpcxpresso/tools/bin/../lib/gcc/arm-none-eabi/4.6.2/../../../../arm-none-eabi/lib/armv7-m\libcr_newlib_semihost.a(_cr_check_heap.o)

.ARM.attributes
                0x00000000       0x33
 .ARM.attributes
                0x00000000       0x33 ./src/cr_startup_lpc17.o
 .ARM.attributes
                0x00000033       0x33 ./src/main.o
 .ARM.attributes
                0x00000066       0x33 C:\Users\Kelvin\Documents\GitHub\ee2024\Lib_EaBaseBoard\Debug\libLib_EaBaseBoard.a(acc.o)
 .ARM.attributes
                0x00000099       0x33 C:\Users\Kelvin\Documents\GitHub\ee2024\Lib_EaBaseBoard\Debug\libLib_EaBaseBoard.a(led7seg.o)
 .ARM.attributes
                0x000000cc       0x33 C:\Users\Kelvin\Documents\GitHub\ee2024\Lib_EaBaseBoard\Debug\libLib_EaBaseBoard.a(light.o)
 .ARM.attributes
                0x000000ff       0x33 C:\Users\Kelvin\Documents\GitHub\ee2024\Lib_EaBaseBoard\Debug\libLib_EaBaseBoard.a(oled.o)
 .ARM.attributes
                0x00000132       0x33 C:\Users\Kelvin\Documents\GitHub\ee2024\Lib_EaBaseBoard\Debug\libLib_EaBaseBoard.a(pca9532.o)
 .ARM.attributes
                0x00000165       0x33 C:\Users\Kelvin\Documents\GitHub\ee2024\Lib_EaBaseBoard\Debug\libLib_EaBaseBoard.a(rgb.o)
 .ARM.attributes
                0x00000198       0x33 C:\Users\Kelvin\Documents\GitHub\ee2024\Lib_EaBaseBoard\Debug\libLib_EaBaseBoard.a(temp.o)
 .ARM.attributes
                0x000001cb       0x33 C:\Users\Kelvin\Documents\GitHub\ee2024\Lib_EaBaseBoard\Debug\libLib_EaBaseBoard.a(font5x7.o)
 .ARM.attributes
                0x000001fe       0x33 C:\Users\Kelvin\Documents\GitHub\ee2024\Lib_MCU\Debug\libLib_MCU.a(lpc17xx_gpio.o)
 .ARM.attributes
                0x00000231       0x33 C:\Users\Kelvin\Documents\GitHub\ee2024\Lib_MCU\Debug\libLib_MCU.a(lpc17xx_i2c.o)
 .ARM.attributes
                0x00000264       0x33 C:\Users\Kelvin\Documents\GitHub\ee2024\Lib_MCU\Debug\libLib_MCU.a(lpc17xx_pinsel.o)
 .ARM.attributes
                0x00000297       0x33 C:\Users\Kelvin\Documents\GitHub\ee2024\Lib_MCU\Debug\libLib_MCU.a(lpc17xx_ssp.o)
 .ARM.attributes
                0x000002ca       0x33 C:\Users\Kelvin\Documents\GitHub\ee2024\Lib_MCU\Debug\libLib_MCU.a(lpc17xx_timer.o)
 .ARM.attributes
                0x000002fd       0x33 C:\Users\Kelvin\Documents\GitHub\ee2024\Lib_MCU\Debug\libLib_MCU.a(lpc17xx_uart.o)
 .ARM.attributes
                0x00000330       0x33 C:\Users\Kelvin\Documents\GitHub\ee2024\Lib_MCU\Debug\libLib_MCU.a(lpc17xx_clkpwr.o)
 .ARM.attributes
                0x00000363       0x33 C:\Users\Kelvin\Documents\GitHub\ee2024\Lib_CMSISv1p30_LPC17xx\Debug\libCMSISv1p30_LPC17xx.a(system_LPC17xx.o)
 .ARM.attributes
                0x00000396       0x1d c:/nxp/lpcxpresso_6.1.4_194/lpcxpresso/tools/bin/../lib/gcc/arm-none-eabi/4.6.2/armv7-m\libgcc.a(_arm_addsubdf3.o)
 .ARM.attributes
                0x000003b3       0x1d c:/nxp/lpcxpresso_6.1.4_194/lpcxpresso/tools/bin/../lib/gcc/arm-none-eabi/4.6.2/armv7-m\libgcc.a(_arm_muldivdf3.o)
 .ARM.attributes
                0x000003d0       0x1d c:/nxp/lpcxpresso_6.1.4_194/lpcxpresso/tools/bin/../lib/gcc/arm-none-eabi/4.6.2/armv7-m\libgcc.a(_aeabi_uldivmod.o)
 .ARM.attributes