Archive member included because of file (symbol)

C:\Users\Kelvin\Documents\GitHub\ee2024\Lib_CMSISv1p30_LPC17xx\Debug\libCMSISv1p30_LPC17xx.a(system_LPC17xx.o)
                              ./src/main.o (SystemCoreClock)
C:\Users\Kelvin\Documents\GitHub\ee2024\Lib_EaBaseBoard\Debug\libLib_EaBaseBoard.a(acc.o)
                              ./src/main.o (acc_init)
C:\Users\Kelvin\Documents\GitHub\ee2024\Lib_EaBaseBoard\Debug\libLib_EaBaseBoard.a(joystick.o)
                              ./src/main.o (joystick_init)
C:\Users\Kelvin\Documents\GitHub\ee2024\Lib_EaBaseBoard\Debug\libLib_EaBaseBoard.a(led7seg.o)
                              ./src/main.o (led7seg_init)
C:\Users\Kelvin\Documents\GitHub\ee2024\Lib_EaBaseBoard\Debug\libLib_EaBaseBoard.a(light.o)
                              ./src/main.o (light_init)
C:\Users\Kelvin\Documents\GitHub\ee2024\Lib_EaBaseBoard\Debug\libLib_EaBaseBoard.a(oled.o)
                              ./src/main.o (oled_putPixel)
C:\Users\Kelvin\Documents\GitHub\ee2024\Lib_EaBaseBoard\Debug\libLib_EaBaseBoard.a(pca9532.o)
                              ./src/main.o (pca9532_init)
C:\Users\Kelvin\Documents\GitHub\ee2024\Lib_EaBaseBoard\Debug\libLib_EaBaseBoard.a(rgb.o)
                              ./src/main.o (rgb_init)
C:\Users\Kelvin\Documents\GitHub\ee2024\Lib_EaBaseBoard\Debug\libLib_EaBaseBoard.a(temp.o)
                              ./src/main.o (temp_init)
C:\Users\Kelvin\Documents\GitHub\ee2024\Lib_EaBaseBoard\Debug\libLib_EaBaseBoard.a(font5x7.o)
                              C:\Users\Kelvin\Documents\GitHub\ee2024\Lib_EaBaseBoard\Debug\libLib_EaBaseBoard.a(oled.o) (font5x7)
C:\Users\Kelvin\Documents\GitHub\ee2024\Lib_MCU\Debug\libLib_MCU.a(lpc17xx_gpio.o)
                              ./src/main.o (GPIO_SetDir)
C:\Users\Kelvin\Documents\GitHub\ee2024\Lib_MCU\Debug\libLib_MCU.a(lpc17xx_i2c.o)
                              ./src/main.o (I2C_Init)
C:\Users\Kelvin\Documents\GitHub\ee2024\Lib_MCU\Debug\libLib_MCU.a(lpc17xx_pinsel.o)
                              ./src/main.o (PINSEL_ConfigPin)
C:\Users\Kelvin\Documents\GitHub\ee2024\Lib_MCU\Debug\libLib_MCU.a(lpc17xx_ssp.o)
                              ./src/main.o (SSP_Init)
C:\Users\Kelvin\Documents\GitHub\ee2024\Lib_MCU\Debug\libLib_MCU.a(lpc17xx_timer.o)
                              ./src/main.o (Timer0_Wait)
C:\Users\Kelvin\Documents\GitHub\ee2024\Lib_MCU\Debug\libLib_MCU.a(lpc17xx_clkpwr.o)
                              C:\Users\Kelvin\Documents\GitHub\ee2024\Lib_MCU\Debug\libLib_MCU.a(lpc17xx_i2c.o) (CLKPWR_SetPCLKDiv)
c:/nxp/lpcxpresso_6.1.4_194/lpcxpresso/tools/bin/../lib/gcc/arm-none-eabi/4.6.2/armv7-m\libgcc.a(_aeabi_uldivmod.o)
                              C:\Users\Kelvin\Documents\GitHub\ee2024\Lib_CMSISv1p30_LPC17xx\Debug\libCMSISv1p30_LPC17xx.a(system_LPC17xx.o) (__aeabi_uldivmod)
c:/nxp/lpcxpresso_6.1.4_194/lpcxpresso/tools/bin/../lib/gcc/arm-none-eabi/4.6.2/armv7-m\libgcc.a(bpabi.o)
                              c:/nxp/lpcxpresso_6.1.4_194/lpcxpresso/tools/bin/../lib/gcc/arm-none-eabi/4.6.2/armv7-m\libgcc.a(_aeabi_uldivmod.o) (__gnu_uldivmod_helper)
c:/nxp/lpcxpresso_6.1.4_194/lpcxpresso/tools/bin/../lib/gcc/arm-none-eabi/4.6.2/armv7-m\libgcc.a(_dvmd_tls.o)
                              c:/nxp/lpcxpresso_6.1.4_194/lpcxpresso/tools/bin/../lib/gcc/arm-none-eabi/4.6.2/armv7-m\libgcc.a(_aeabi_uldivmod.o) (__aeabi_ldiv0)
c:/nxp/lpcxpresso_6.1.4_194/lpcxpresso/tools/bin/../lib/gcc/arm-none-eabi/4.6.2/armv7-m\libgcc.a(_divdi3.o)
                              c:/nxp/lpcxpresso_6.1.4_194/lpcxpresso/tools/bin/../lib/gcc/arm-none-eabi/4.6.2/armv7-m\libgcc.a(bpabi.o) (__divdi3)
c:/nxp/lpcxpresso_6.1.4_194/lpcxpresso/tools/bin/../lib/gcc/arm-none-eabi/4.6.2/armv7-m\libgcc.a(_udivdi3.o)
                              c:/nxp/lpcxpresso_6.1.4_194/lpcxpresso/tools/bin/../lib/gcc/arm-none-eabi/4.6.2/armv7-m\libgcc.a(bpabi.o) (__udivdi3)
c:/nxp/lpcxpresso_6.1.4_194/lpcxpresso/tools/bin/../lib/gcc/arm-none-eabi/4.6.2/../../../../arm-none-eabi/lib/armv7-m\libc.a(lib_a-memset.o)
                              C:\Users\Kelvin\Documents\GitHub\ee2024\Lib_EaBaseBoard\Debug\libLib_EaBaseBoard.a(oled.o) (memset)
c:/nxp/lpcxpresso_6.1.4_194/lpcxpresso/tools/bin/../lib/gcc/arm-none-eabi/4.6.2/../../../../arm-none-eabi/lib/armv7-m\libc.a(lib_a-sprintf.o)
                              ./src/main.o (sprintf)
c:/nxp/lpcxpresso_6.1.4_194/lpcxpresso/tools/bin/../lib/gcc/arm-none-eabi/4.6.2/../../../../arm-none-eabi/lib/armv7-m\libc.a(lib_a-strcpy.o)
                              ./src/main.o (strcpy)
c:/nxp/lpcxpresso_6.1.4_194/lpcxpresso/tools/bin/../lib/gcc/arm-none-eabi/4.6.2/../../../../arm-none-eabi/lib/armv7-m\libc.a(lib_a-svfprintf.o)
                              c:/nxp/lpcxpresso_6.1.4_194/lpcxpresso/tools/bin/../lib/gcc/arm-none-eabi/4.6.2/../../../../arm-none-eabi/lib/armv7-m\libc.a(lib_a-sprintf.o) (_svfprintf_r)
[...]
Memory Configuration

Name             Origin             Length             Attributes
MFlash512        0x00000000         0x00080000         xr
RamLoc32         0x10000000         0x00008000         xrw
RamAHB32         0x2007c000         0x00008000         xrw
*default*        0x00000000         0xffffffff

Linker script and memory map

LOAD ./src/cr_startup_lpc17.o
LOAD ./src/main.o
LOAD C:\Users\Kelvin\Documents\GitHub\ee2024\Lib_CMSISv1p30_LPC17xx\Debug\libCMSISv1p30_LPC17xx.a
LOAD C:\Users\Kelvin\Documents\GitHub\ee2024\Lib_EaBaseBoard\Debug\libLib_EaBaseBoard.a
LOAD C:\Users\Kelvin\Documents\GitHub\ee2024\Lib_MCU\Debug\libLib_MCU.a
START GROUP
LOAD c:/nxp/lpcxpresso_6.1.4_194/lpcxpresso/tools/bin/../lib/gcc/arm-none-eabi/4.6.2/armv7-m\libgcc.a
LOAD c:/nxp/lpcxpresso_6.1.4_194/lpcxpresso/tools/bin/../lib/gcc/arm-none-eabi/4.6.2/../../../../arm-none-eabi/lib/armv7-m\libc.a
LOAD c:/nxp/lpcxpresso_6.1.4_194/lpcxpresso/tools/bin/../lib/gcc/arm-none-eabi/4.6.2/../../../../arm-none-eabi/lib/armv7-m\libm.a
LOAD c:/nxp/lpcxpresso_6.1.4_194/lpcxpresso/tools/bin/../lib/gcc/arm-none-eabi/4.6.2/../../../../arm-none-eabi/lib/armv7-m\libcr_newlib_semihost.a
END GROUP
                0x00080000                __top_MFlash512 = 0x80000
                0x10008000                __top_RamLoc32 = 0x10008000
                0x20084000                __top_RamAHB32 = 0x20084000

.text           0x00000000     0x9154
 FILL mask 0xff
                0x00000000                __vectors_start__ = ABSOLUTE (.)
 *(.isr_vector)
 .isr_vector    0x00000000       0xcc ./src/cr_startup_lpc17.o
                0x00000000                g_pfnVectors
                0x000000cc                . = ALIGN (0x4)
                0x000000cc                __section_table_start = .
                0x000000cc                __data_section_table = .
                0x000000cc        0x4 LONG 0x915c LOADADDR (.data)
                0x000000d0        0x4 LONG 0x10000000 ADDR (.data)
                0x000000d4        0x4 LONG 0x914 SIZEOF (.data)
                0x000000d8        0x4 LONG 0x915c LOADADDR (.data_RAM2)
                0x000000dc        0x4 LONG 0x2007c000 ADDR (.data_RAM2)
                0x000000e0        0x4 LONG 0x0 SIZEOF (.data_RAM2)
                0x000000e4                __data_section_table_end = .
                0x000000e4                __bss_section_table = .
                0x000000e4        0x4 LONG 0x10000914 ADDR (.bss)
                0x000000e8        0x4 LONG 0x398 SIZEOF (.bss)
                0x000000ec        0x4 LONG 0x2007c000 ADDR (.bss_RAM2)
                0x000000f0        0x4 LONG 0x0 SIZEOF (.bss_RAM2)
                0x000000f4                __bss_section_table_end = .
                0x000000f4                __section_table_end = .
 *(.after_vectors*)
 *(.text*)
 .text.ResetISR
                0x000000f4       0x68 ./src/cr_startup_lpc17.o
                0x000000f4                ResetISR
 .text.NMI_Handler
                0x0000015c        0x8 ./src/cr_startup_lpc17.o
                0x0000015c                NMI_Handler
 .text.HardFault_Handler
                0x00000164        0x8 ./src/cr_startup_lpc17.o
                0x00000164                HardFault_Handler
 .text.MemManage_Handler
                0x0000016c        0x8 ./src/cr_startup_lpc17.o
                0x0000016c                MemManage_Handler
 .text.BusFault_Handler
                0x00000174        0x8 ./src/cr_startup_lpc17.o
                0x00000174                BusFault_Handler
 .text.UsageFault_Handler
                0x0000017c        0x8 ./src/cr_startup_lpc17.o
                0x0000017c                UsageFault_Handler
 .text.SVCall_Handler
                0x00000184        0x8 ./src/cr_startup_lpc17.o
                0x00000184                SVCall_Handler
 .text.DebugMon_Handler
                0x0000018c        0x8 ./src/cr_startup_lpc17.o
                0x0000018c                DebugMon_Handler
 .text.PendSV_Handler
                0x00000194        0x8 ./src/cr_startup_lpc17.o
                0x00000194                PendSV_Handler
 .text.IntDefaultHandler
                0x0000019c        0x8 ./src/cr_startup_lpc17.o
                0x0000019c                TIMER2_IRQHandler
                0x0000019c                RIT_IRQHandler
                0x0000019c                I2C0_IRQHandler
                0x0000019c                USBActivity_IRQHandler
                0x0000019c                PWM1_IRQHandler
                0x0000019c                I2C1_IRQHandler
                0x0000019c                EINT2_IRQHandler
                0x0000019c                UART1_IRQHandler
                0x0000019c                EINT3_IRQHandler
                0x0000019c                CANActivity_IRQHandler
                0x0000019c                TIMER3_IRQHandler
                0x0000019c                UART0_IRQHandler
                0x0000019c                IntDefaultHandler
                0x0000019c                PLL0_IRQHandler
                0x0000019c                CAN_IRQHandler
                0x0000019c                PLL1_IRQHandler
                0x0000019c                SSP0_IRQHandler
                0x0000019c                I2S_IRQHandler
                0x0000019c                I2C2_IRQHandler
                0x0000019c                RTC_IRQHandler
                0x0000019c                TIMER0_IRQHandler
                0x0000019c                SPI_IRQHandler
                0x0000019c                EINT1_IRQHandler
                0x0000019c                TIMER1_IRQHandler
                0x0000019c                UART2_IRQHandler
                0x0000019c                ADC_IRQHandler
                0x0000019c                SSP1_IRQHandler
                0x0000019c                USB_IRQHandler
                0x0000019c                BOD_IRQHandler
                0x0000019c                WDT_IRQHandler
                0x0000019c                QEI_IRQHandler
                0x0000019c                EINT0_IRQHandler
                0x0000019c                DMA_IRQHandler
                0x0000019c                UART3_IRQHandler
                0x0000019c                MCPWM_IRQHandler
                0x0000019c                ENET_IRQHandler
 .text.NVIC_SetPriority
                0x000001a4       0x5c ./src/main.o
 .text.SysTick_Config
                0x00000200       0x64 ./src/main.o
 .text.moveBar  0x00000264       0xa8 ./src/main.o
 .text.drawOled
                0x0000030c      0x1a4 ./src/main.o
 .text.playNote
                0x000004b0       0x70 ./src/main.o
 .text.getNote  0x00000520       0x5c ./src/main.o
 .text.getDuration
                0x0000057c       0x38 ./src/main.o
 .text.getPause
                0x000005b4       0x4c ./src/main.o
 .text.playSong
                0x00000600       0x94 ./src/main.o
 .text.init_ssp
                0x00000694       0x98 ./src/main.o
 .text.init_i2c
                0x0000072c       0x5c ./src/main.o
 .text.init_GPIO
                0x00000788       0x44 ./src/main.o
 .text.SysTick_Handler
                0x000007cc       0x24 ./src/main.o
                0x000007cc                SysTick_Handler
 .text.getMsTicks
                0x000007f0       0x18 ./src/main.o
                0x000007f0                getMsTicks
 .text.tickTime
                0x00000808       0x90 ./src/main.o
                0x00000808                tickTime
 .text.basicPrint
                0x00000898      0x124 ./src/main.o
                0x00000898                basicPrint
 .text.printResults
                0x000009bc       0x28 ./src/main.o
                0x000009bc                printResults
 .text.main     0x000009e4      0x2cc ./src/main.o
                0x000009e4                main
 .text.check_failed
                0x00000cb0        0xc ./src/main.o
                0x00000cb0                check_failed
 .text.SystemInit
                0x00000cbc      0x22c C:\Users\Kelvin\Documents\GitHub\ee2024\Lib_CMSISv1p30_LPC17xx\Debug\libCMSISv1p30_LPC17xx.a(system_LPC17xx.o)
                0x00000cbc                SystemInit
 .text.I2CRead  0x00000ee8       0x5c C:\Users\Kelvin\Documents\GitHub\ee2024\Lib_EaBaseBoard\Debug\libLib_EaBaseBoard.a(acc.o)
 .text.I2CWrite
                0x00000f44       0x5c C:\Users\Kelvin\Documents\GitHub\ee2024\Lib_EaBaseBoard\Debug\libLib_EaBaseBoard.a(acc.o)
 .text.getStatus
                0x00000fa0       0x3c C:\Users\Kelvin\Documents\GitHub\ee2024\Lib_EaBaseBoard\Debug\libLib_EaBaseBoard.a(acc.o)
 .text.setModeControl
                0x00000fdc       0x30 C:\Users\Kelvin\Documents\GitHub\ee2024\Lib_EaBaseBoard\Debug\libLib_EaBaseBoard.a(acc.o)
 .text.acc_init
                0x0000100c       0x10 C:\Users\Kelvin\Documents\GitHub\ee2024\Lib_EaBaseBoard\Debug\libLib_EaBaseBoard.a(acc.o)
                0x0000100c                acc_init
 .text.acc_read
                0x0000101c       0xbc C:\Users\Kelvin\Documents\GitHub\ee2024\Lib_EaBaseBoard\Debug\libLib_EaBaseBoard.a(acc.o)
                0x0000101c                acc_read
 .text.joystick_init
                0x000010d8       0x28 C:\Users\Kelvin\Documents\GitHub\ee2024\Lib_EaBaseBoard\Debug\libLib_EaBaseBoard.a(joystick.o)
                0x000010d8                joystick_init
 .text.joystick_read
                0x00001100       0x98 C:\Users\Kelvin\Documents\GitHub\ee2024\Lib_EaBaseBoard\Debug\libLib_EaBaseBoard.a(joystick.o)
                0x00001100                joystick_read
 .text.led7seg_init
                0x00001198       0x24 C:\Users\Kelvin\Documents\GitHub\ee2024\Lib_EaBaseBoard\Debug\libLib_EaBaseBoard.a(led7seg.o)
                0x00001198                led7seg_init
 .text.led7seg_setChar
                0x000011bc       0x88 C:\Users\Kelvin\Documents\GitHub\ee2024\Lib_EaBaseBoard\Debug\libLib_EaBaseBoard.a(led7seg.o)
                0x000011bc                led7seg_setChar
 .text.I2CRead  0x00001244       0x5c C:\Users\Kelvin\Documents\GitHub\ee2024\Lib_EaBaseBoard\Debug\libLib_EaBaseBoard.a(light.o)
 .text.I2CWrite
                0x000012a0       0x5c C:\Users\Kelvin\Documents\GitHub\ee2024\Lib_EaBaseBoard\Debug\libLib_EaBaseBoard.a(light.o)
 .text.light_init
                0x000012fc        0xc C:\Users\Kelvin\Documents\GitHub\ee2024\Lib_EaBaseBoard\Debug\libLib_EaBaseBoard.a(light.o)
                0x000012fc                light_init
 .text.light_enable
                0x00001308       0x48 C:\Users\Kelvin\Documents\GitHub\ee2024\Lib_EaBaseBoard\Debug\libLib_EaBaseBoard.a(light.o)
                0x00001308                light_enable
 .text.light_read
                0x00001350       0x90 C:\Users\Kelvin\Documents\GitHub\ee2024\Lib_EaBaseBoard\Debug\libLib_EaBaseBoard.a(light.o)
                0x00001350                light_read
 .text.writeCommand
                0x000013e0       0x60 C:\Users\Kelvin\Documents\GitHub\ee2024\Lib_EaBaseBoard\Debug\libLib_EaBaseBoard.a(oled.o)
 .text.writeData
                0x00001440       0x60 C:\Users\Kelvin\Documents\GitHub\ee2024\Lib_EaBaseBoard\Debug\libLib_EaBaseBoard.a(oled.o)
 .text.writeDataLen
                0x000014a0       0x8c C:\Users\Kelvin\Documents\GitHub\ee2024\Lib_EaBaseBoard\Debug\libLib_EaBaseBoard.a(oled.o)
 .text.runInitSequence
                0x0000152c      0x118 C:\Users\Kelvin\Documents\GitHub\ee2024\Lib_EaBaseBoard\Debug\libLib_EaBaseBoard.a(oled.o)
 .text.oled_init
                0x00001644       0x9c C:\Users\Kelvin\Documents\GitHub\ee2024\Lib_EaBaseBoard\Debug\libLib_EaBaseBoard.a(oled.o)
                0x00001644                oled_init
 .text.oled_putPixel
                0x000016e0      0x188 C:\Users\Kelvin\Documents\GitHub\ee2024\Lib_EaBaseBoard\Debug\libLib_EaBaseBoard.a(oled.o)
                0x000016e0                oled_putPixel
 .text.oled_clearScreen
                0x00001868       0x74 C:\Users\Kelvin\Documents\GitHub\ee2024\Lib_EaBaseBoard\Debug\libLib_EaBaseBoard.a(oled.o)
                0x00001868                oled_clearScreen
 .text.oled_putChar
                0x000018dc       0xf0 C:\Users\Kelvin\Documents\GitHub\ee2024\Lib_EaBaseBoard\Debug\libLib_EaBaseBoard.a(oled.o)
                0x000018dc                oled_putChar
 .text.oled_putString
                0x000019cc       0x54 C:\Users\Kelvin\Documents\GitHub\ee2024\Lib_EaBaseBoard\Debug\libLib_EaBaseBoard.a(oled.o)
                0x000019cc                oled_putString
 .text.I2CWrite
                0x00001a20       0x5c C:\Users\Kelvin\Documents\GitHub\ee2024\Lib_EaBaseBoard\Debug\libLib_EaBaseBoard.a(pca9532.o)
 .text.setLsStates
                0x00001a7c       0xc4 C:\Users\Kelvin\Documents\GitHub\ee2024\Lib_EaBaseBoard\Debug\libLib_EaBaseBoard.a(pca9532.o)
 .text.setLeds  0x00001b40       0xa0 C:\Users\Kelvin\Documents\GitHub\ee2024\Lib_EaBaseBoard\Debug\libLib_EaBaseBoard.a(pca9532.o)
 .text.pca9532_init
                0x00001be0        0xc C:\Users\Kelvin\Documents\GitHub\ee2024\Lib_EaBaseBoard\Debug\libLib_EaBaseBoard.a(pca9532.o)
                0x00001be0                pca9532_init
 .text.pca9532_setLeds
                0x00001bec       0xa0 C:\Users\Kelvin\Documents\GitHub\ee2024\Lib_EaBaseBoard\Debug\libLib_EaBaseBoard.a(pca9532.o)
                0x00001bec                pca9532_setLeds
 .text.rgb_init
                0x00001c8c       0x38 C:\Users\Kelvin\Documents\GitHub\ee2024\Lib_EaBaseBoard\Debug\libLib_EaBaseBoard.a(rgb.o)
                0x00001c8c                rgb_init
 .text.rgb_setLeds
                0x00001cc4       0x80 C:\Users\Kelvin\Documents\GitHub\ee2024\Lib_EaBaseBoard\Debug\libLib_EaBaseBoard.a(rgb.o)
                0x00001cc4                rgb_setLeds
 .text.temp_init
                0x00001d44       0x2c C:\Users\Kelvin\Documents\GitHub\ee2024\Lib_EaBaseBoard\Debug\libLib_EaBaseBoard.a(temp.o)
                0x00001d44                temp_init
 .text.temp_read
                0x00001d70      0x10c C:\Users\Kelvin\Documents\GitHub\ee2024\Lib_EaBaseBoard\Debug\libLib_EaBaseBoard.a(temp.o)
                0x00001d70                temp_read
 .text.GPIO_GetPointer
                0x00001e7c       0x7c C:\Users\Kelvin\Documents\GitHub\ee2024\Lib_MCU\Debug\libLib_MCU.a(lpc17xx_gpio.o)
 .text.GPIO_SetDir
                0x00001ef8       0x54 C:\Users\Kelvin\Documents\GitHub\ee2024\Lib_MCU\Debug\libLib_MCU.a(lpc17xx_gpio.o)
                0x00001ef8                GPIO_SetDir
 .text.GPIO_SetValue
                0x00001f4c       0x2c C:\Users\Kelvin\Documents\GitHub\ee2024\Lib_MCU\Debug\libLib_MCU.a(lpc17xx_gpio.o)
                0x00001f4c                GPIO_SetValue
 .text.GPIO_ClearValue
                0x00001f78       0x2c C:\Users\Kelvin\Documents\GitHub\ee2024\Lib_MCU\Debug\libLib_MCU.a(lpc17xx_gpio.o)
                0x00001f78                GPIO_ClearValue
 .text.GPIO_ReadValue
                0x00001fa4       0x30 C:\Users\Kelvin\Documents\GitHub\ee2024\Lib_MCU\Debug\libLib_MCU.a(lpc17xx_gpio.o)
                0x00001fa4                GPIO_ReadValue
 .text.NVIC_EnableIRQ
                0x00001fd4       0x38 C:\Users\Kelvin\Documents\GitHub\ee2024\Lib_MCU\Debug\libLib_MCU.a(lpc17xx_i2c.o)
 .text.NVIC_DisableIRQ
                0x0000200c       0x3c C:\Users\Kelvin\Documents\GitHub\ee2024\Lib_MCU\Debug\libLib_MCU.a(lpc17xx_i2c.o)
 .text.I2C_getNum
                0x00002048       0x54 C:\Users\Kelvin\Documents\GitHub\ee2024\Lib_MCU\Debug\libLib_MCU.a(lpc17xx_i2c.o)
 .text.I2C_Start
                0x0000209c       0x44 C:\Users\Kelvin\Documents\GitHub\ee2024\Lib_MCU\Debug\libLib_MCU.a(lpc17xx_i2c.o)
 .text.I2C_Stop
                0x000020e0       0x38 C:\Users\Kelvin\Documents\GitHub\ee2024\Lib_MCU\Debug\libLib_MCU.a(lpc17xx_i2c.o)
 .text.I2C_SendByte
                0x00002118       0x50 C:\Users\Kelvin\Documents\GitHub\ee2024\Lib_MCU\Debug\libLib_MCU.a(lpc17xx_i2c.o)
 .text.I2C_GetByte
                0x00002168       0x5c C:\Users\Kelvin\Documents\GitHub\ee2024\Lib_MCU\Debug\libLib_MCU.a(lpc17xx_i2c.o)
 .text.I2C_IntCmd
                0x000021c4       0xa8 C:\Users\Kelvin\Documents\GitHub\ee2024\Lib_MCU\Debug\libLib_MCU.a(lpc17xx_i2c.o)
                0x000021c4                I2C_IntCmd
 .text.I2C_MasterHandler
                0x0000226c      0x408 C:\Users\Kelvin\Documents\GitHub\ee2024\Lib_MCU\Debug\libLib_MCU.a(lpc17xx_i2c.o)
                0x0000226c                I2C_MasterHandler
 .text.I2C_SetClock
                0x00002674       0xc8 C:\Users\Kelvin\Documents\GitHub\ee2024\Lib_MCU\Debug\libLib_MCU.a(lpc17xx_i2c.o)
                0x00002674                I2C_SetClock
 .text.I2C_Init
                0x0000273c       0xd8 C:\Users\Kelvin\Documents\GitHub\ee2024\Lib_MCU\Debug\libLib_MCU.a(lpc17xx_i2c.o)
                0x0000273c                I2C_Init
 .text.I2C_Cmd  0x00002814       0x84 C:\Users\Kelvin\Documents\GitHub\ee2024\Lib_MCU\Debug\libLib_MCU.a(lpc17xx_i2c.o)
                0x00002814                I2C_Cmd
 .text.I2C_MasterTransferData
                0x00002898      0x390 C:\Users\Kelvin\Documents\GitHub\ee2024\Lib_MCU\Debug\libLib_MCU.a(lpc17xx_i2c.o)
                0x00002898                I2C_MasterTransferData
 .text.PINSEL_SetPinFunc
                0x00002c28       0x9c C:\Users\Kelvin\Documents\GitHub\ee2024\Lib_MCU\Debug\libLib_MCU.a(lpc17xx_pinsel.o)
                0x00002c28                PINSEL_SetPinFunc
 .text.PINSEL_SetResistorMode
                0x00002cc4       0x9c C:\Users\Kelvin\Documents\GitHub\ee2024\Lib_MCU\Debug\libLib_MCU.a(lpc17xx_pinsel.o)
                0x00002cc4                PINSEL_SetResistorMode
 .text.PINSEL_SetOpenDrainMode
                0x00002d60       0x7c C:\Users\Kelvin\Documents\GitHub\ee2024\Lib_MCU\Debug\libLib_MCU.a(lpc17xx_pinsel.o)
                0x00002d60                PINSEL_SetOpenDrainMode
 .text.PINSEL_ConfigPin
                0x00002ddc       0x54 C:\Users\Kelvin\Documents\GitHub\ee2024\Lib_MCU\Debug\libLib_MCU.a(lpc17xx_pinsel.o)
                0x00002ddc                PINSEL_ConfigPin
 .text.SSP_getNum
                0x00002e30       0x40 C:\Users\Kelvin\Documents\GitHub\ee2024\Lib_MCU\Debug\libLib_MCU.a(lpc17xx_ssp.o)
 .text.SSP_IntHandler
                0x00002e70      0x338 C:\Users\Kelvin\Documents\GitHub\ee2024\Lib_MCU\Debug\libLib_MCU.a(lpc17xx_ssp.o)
                0x00002e70                SSP_IntHandler
 .text.SSP_SetClock
                0x000031a8       0xf8 C:\Users\Kelvin\Documents\GitHub\ee2024\Lib_MCU\Debug\libLib_MCU.a(lpc17xx_ssp.o)
                0x000031a8                SSP_SetClock
 .text.SSP_Init
                0x000032a0      0x10c C:\Users\Kelvin\Documents\GitHub\ee2024\Lib_MCU\Debug\libLib_MCU.a(lpc17xx_ssp.o)
                0x000032a0                SSP_Init
 .text.SSP_ConfigStructInit
                0x000033ac       0x48 C:\Users\Kelvin\Documents\GitHub\ee2024\Lib_MCU\Debug\libLib_MCU.a(lpc17xx_ssp.o)
                0x000033ac                SSP_ConfigStructInit
 .text.SSP_Cmd  0x000033f4       0x7c C:\Users\Kelvin\Documents\GitHub\ee2024\Lib_MCU\Debug\libLib_MCU.a(lpc17xx_ssp.o)
                0x000033f4                SSP_Cmd
 .text.SSP_SendData
                0x00003470       0x48 C:\Users\Kelvin\Documents\GitHub\ee2024\Lib_MCU\Debug\libLib_MCU.a(lpc17xx_ssp.o)
                0x00003470                SSP_SendData
 .text.SSP_ReceiveData
                0x000034b8       0x44 C:\Users\Kelvin\Documents\GitHub\ee2024\Lib_MCU\Debug\libLib_MCU.a(lpc17xx_ssp.o)
                0x000034b8                SSP_ReceiveData
 .text.SSP_ReadWrite
                0x000034fc      0x440 C:\Users\Kelvin\Documents\GitHub\ee2024\Lib_MCU\Debug\libLib_MCU.a(lpc17xx_ssp.o)
                0x000034fc                SSP_ReadWrite
 .text.TIM_GetPClock
                0x0000393c       0x68 C:\Users\Kelvin\Documents\GitHub\ee2024\Lib_MCU\Debug\libLib_MCU.a(lpc17xx_timer.o)
                0x0000393c                TIM_GetPClock
 .text.TIM_ConverUSecToVal
                0x000039a4       0x64 C:\Users\Kelvin\Documents\GitHub\ee2024\Lib_MCU\Debug\libLib_MCU.a(lpc17xx_timer.o)
                0x000039a4                TIM_ConverUSecToVal
 .text.TIM_ConverPtrToTimeNum
                0x00003a08       0x6c C:\Users\Kelvin\Documents\GitHub\ee2024\Lib_MCU\Debug\libLib_MCU.a(lpc17xx_timer.o)
                0x00003a08                TIM_ConverPtrToTimeNum
 .text.TIM_GetIntStatus
                0x00003a74       0xb4 C:\Users\Kelvin\Documents\GitHub\ee2024\Lib_MCU\Debug\libLib_MCU.a(lpc17xx_timer.o)
                0x00003a74                TIM_GetIntStatus
 .text.TIM_ClearIntPending
                0x00003b28       0xa0 C:\Users\Kelvin\Documents\GitHub\ee2024\Lib_MCU\Debug\libLib_MCU.a(lpc17xx_timer.o)
                0x00003b28                TIM_ClearIntPending
 .text.TIM_Init
                0x00003bc8      0x1bc C:\Users\Kelvin\Documents\GitHub\ee2024\Lib_MCU\Debug\libLib_MCU.a(lpc17xx_timer.o)
                0x00003bc8                TIM_Init
 .text.TIM_Cmd  0x00003d84       0x78 C:\Users\Kelvin\Documents\GitHub\ee2024\Lib_MCU\Debug\libLib_MCU.a(lpc17xx_timer.o)
                0x00003d84                TIM_Cmd
 .text.TIM_ConfigMatch
                0x00003dfc      0x19c C:\Users\Kelvin\Documents\GitHub\ee2024\Lib_MCU\Debug\libLib_MCU.a(lpc17xx_timer.o)
                0x00003dfc                TIM_ConfigMatch
 .text.Timer0_Wait
                0x00003f98       0x8c C:\Users\Kelvin\Documents\GitHub\ee2024\Lib_MCU\Debug\libLib_MCU.a(lpc17xx_timer.o)
                0x00003f98                Timer0_Wait
 .text.Timer0_us_Wait
                0x00004024       0x8c C:\Users\Kelvin\Documents\GitHub\ee2024\Lib_MCU\Debug\libLib_MCU.a(lpc17xx_timer.o)
                0x00004024                Timer0_us_Wait
 .text.CLKPWR_SetPCLKDiv
                0x000040b0       0xcc C:\Users\Kelvin\Documents\GitHub\ee2024\Lib_MCU\Debug\libLib_MCU.a(lpc17xx_clkpwr.o)
                0x000040b0                CLKPWR_SetPCLKDiv
 .text.CLKPWR_GetPCLKSEL
                0x0000417c       0x54 C:\Users\Kelvin\Documents\GitHub\ee2024\Lib_MCU\Debug\libLib_MCU.a(lpc17xx_clkpwr.o)
                0x0000417c                CLKPWR_GetPCLKSEL
 .text.CLKPWR_GetPCLK
                0x000041d0       0x74 C:\Users\Kelvin\Documents\GitHub\ee2024\Lib_MCU\Debug\libLib_MCU.a(lpc17xx_clkpwr.o)
                0x000041d0                CLKPWR_GetPCLK
 .text.CLKPWR_ConfigPPWR
                0x00004244       0x78 C:\Users\Kelvin\Documents\GitHub\ee2024\Lib_MCU\Debug\libLib_MCU.a(lpc17xx_clkpwr.o)
                0x00004244                CLKPWR_ConfigPPWR
 .text          0x000042bc       0x2c c:/nxp/lpcxpresso_6.1.4_194/lpcxpresso/tools/bin/../lib/gcc/arm-none-eabi/4.6.2/armv7-m\libgcc.a(_aeabi_uldivmod.o)
                0x000042bc                __aeabi_uldivmod
 .text          0x000042e8       0x5c c:/nxp/lpcxpresso_6.1.4_194/lpcxpresso/tools/bin/../lib/gcc/arm-none-eabi/4.6.2/armv7-m\libgcc.a(bpabi.o)
                0x000042e8                __gnu_ldivmod_helper
                0x00004318                __gnu_uldivmod_helper
 .text          0x00004344        0x4 c:/nxp/lpcxpresso_6.1.4_194/lpcxpresso/tools/bin/../lib/gcc/arm-none-eabi/4.6.2/armv7-m\libgcc.a(_dvmd_tls.o)
                0x00004344                __aeabi_idiv0
                0x00004344                __aeabi_ldiv0
 .text          0x00004348      0x2c8 c:/nxp/lpcxpresso_6.1.4_194/lpcxpresso/tools/bin/../lib/gcc/arm-none-eabi/4.6.2/armv7-m\libgcc.a(_divdi3.o)
                0x00004348                __divdi3
 .text          0x00004610      0x298 c:/nxp/lpcxpresso_6.1.4_194/lpcxpresso/tools/bin/../lib/gcc/arm-none-eabi/4.6.2/armv7-m\libgcc.a(_udivdi3.o)
                0x00004610                __udivdi3
 .text.memset   0x000048a8       0x90 c:/nxp/lpcxpresso_6.1.4_194/lpcxpresso/tools/bin/../lib/gcc/arm-none-eabi/4.6.2/../../../../arm-none-eabi/lib/armv7-m\libc.a(lib_a-memset.o)
                0x000048a8                memset
 .text.sprintf  0x00004938       0x50 c:/nxp/lpcxpresso_6.1.4_194/lpcxpresso/tools/bin/../lib/gcc/arm-none-eabi/4.6.2/../../../../arm-none-eabi/lib/armv7-m\libc.a(lib_a-sprintf.o)
                0x00004938                sprintf
 .text._svfprintf_r
                0x00004988     0x1408 c:/nxp/lpcxpresso_6.1.4_194/lpcxpresso/tools/bin/../lib/gcc/arm-none-eabi/4.6.2/../../../../arm-none-eabi/lib/armv7-m\libc.a(lib_a-svfprintf.o)
                0x00004988                _svfprintf_r
 .text.quorem   0x00005d90      0x150 c:/nxp/lpcxpresso_6.1.4_194/lpcxpresso/tools/bin/../lib/gcc/arm-none-eabi/4.6.2/../../../../arm-none-eabi/lib/armv7-m\libc.a(lib_a-dtoa.o)
 .text._dtoa_r  0x00005ee0      0xe60 c:/nxp/lpcxpresso_6.1.4_194/lpcxpresso/tools/bin/../lib/gcc/arm-none-eabi/4.6.2/../../../../arm-none-eabi/lib/armv7-m\libc.a(lib_a-dtoa.o)
                0x00005ee0                _dtoa_r
 .text._localeconv_r
                0x00006d40        0xc c:/nxp/lpcxpresso_6.1.4_194/lpcxpresso/tools/bin/../lib/gcc/arm-none-eabi/4.6.2/../../../../arm-none-eabi/lib/armv7-m\libc.a(lib_a-locale.o)
                0x00006d40                _localeconv_r
 .text._malloc_r
                0x00006d4c      0x528 c:/nxp/lpcxpresso_6.1.4_194/lpcxpresso/tools/bin/../lib/gcc/arm-none-eabi/4.6.2/../../../../arm-none-eabi/lib/armv7-m\libc.a(lib_a-mallocr.o)
                0x00006d4c                _malloc_r
 .text.memchr   0x00007274       0x84 c:/nxp/lpcxpresso_6.1.4_194/lpcxpresso/tools/bin/../lib/gcc/arm-none-eabi/4.6.2/../../../../arm-none-eabi/lib/armv7-m\libc.a(lib_a-memchr.o)
                0x00007274                memchr
 .text.memcpy   0x000072f8       0x84 c:/nxp/lpcxpresso_6.1.4_194/lpcxpresso/tools/bin/../lib/gcc/arm-none-eabi/4.6.2/../../../../arm-none-eabi/lib/armv7-m\libc.a(lib_a-memcpy.o)
                0x000072f8                memcpy
 .text.__malloc_lock
                0x0000737c        0x4 c:/nxp/lpcxpresso_6.1.4_194/lpcxpresso/tools/bin/../lib/gcc/arm-none-eabi/4.6.2/../../../../arm-none-eabi/lib/armv7-m\libc.a(lib_a-mlock.o)
                0x0000737c                __malloc_lock
 .text.__malloc_unlock
                0x00007380        0x4 c:/nxp/lpcxpresso_6.1.4_194/lpcxpresso/tools/bin/../lib/gcc/arm-none-eabi/4.6.2/../../../../arm-none-eabi/lib/armv7-m\libc.a(lib_a-mlock.o)
                0x00007380                __malloc_unlock
 .text._Balloc  0x00007384       0x4c c:/nxp/lpcxpresso_6.1.4_194/lpcxpresso/tools/bin/../lib/gcc/arm-none-eabi/4.6.2/../../../../arm-none-eabi/lib/armv7-m\libc.a(lib_a-mprec.o)
                0x00007384                _Balloc
 .text._Bfree   0x000073d0       0x14 c:/nxp/lpcxpresso_6.1.4_194/lpcxpresso/tools/bin/../lib/gcc/arm-none-eabi/4.6.2/../../../../arm-none-eabi/lib/armv7-m\libc.a(lib_a-mprec.o)
                0x000073d0                _Bfree
 .text.__multadd
                0x000073e4       0x84 c:/nxp/lpcxpresso_6.1.4_194/lpcxpresso/tools/bin/../lib/gcc/arm-none-eabi/4.6.2/../../../../arm-none-eabi/lib/armv7-m\libc.a(lib_a-mprec.o)
                0x000073e4                __multadd
 .text.__hi0bits
                0x00007468       0x3c c:/nxp/lpcxpresso_6.1.4_194/lpcxpresso/tools/bin/../lib/gcc/arm-none-eabi/4.6.2/../../../../arm-none-eabi/lib/armv7-m\libc.a(lib_a-mprec.o)
                0x00007468                __hi0bits
 .text.__lo0bits
                0x000074a4       0x5c c:/nxp/lpcxpresso_6.1.4_194/lpcxpresso/tools/bin/../lib/gcc/arm-none-eabi/4.6.2/../../../../arm-none-eabi/lib/armv7-m\libc.a(lib_a-mprec.o)
                0x000074a4                __lo0bits
 .text.__i2b    0x00007500       0x14 c:/nxp/lpcxpresso_6.1.4_194/lpcxpresso/tools/bin/../lib/gcc/arm-none-eabi/4.6.2/../../../../arm-none-eabi/lib/armv7-m\libc.a(lib_a-mprec.o)
                0x00007500                __i2b
 .text.__multiply
                0x00007514      0x144 c:/nxp/lpcxpresso_6.1.4_194/lpcxpresso/tools/bin/../lib/gcc/arm-none-eabi/4.6.2/../../../../arm-none-eabi/lib/armv7-m\libc.a(lib_a-mprec.o)
                0x00007514                __multiply
 .text.__pow5mult
                0x00007658       0x98 c:/nxp/lpcxpresso_6.1.4_194/lpcxpresso/tools/bin/../lib/gcc/arm-none-eabi/4.6.2/../../../../arm-none-eabi/lib/armv7-m\libc.a(lib_a-mprec.o)
                0x00007658                __pow5mult
 .text.__lshift
                0x000076f0       0xc0 c:/nxp/lpcxpresso_6.1.4_194/lpcxpresso/tools/bin/../lib/gcc/arm-none-eabi/4.6.2/../../../../arm-none-eabi/lib/armv7-m\libc.a(lib_a-mprec.o)
                0x000076f0                __lshift
 .text.__mcmp   0x000077b0       0x3c c:/nxp/lpcxpresso_6.1.4_194/lpcxpresso/tools/bin/../lib/gcc/arm-none-eabi/4.6.2/../../../../arm-none-eabi/lib/armv7-m\libc.a(lib_a-mprec.o)
                0x000077b0                __mcmp
 .text.__mdiff  0x000077ec       0xd8 c:/nxp/lpcxpresso_6.1.4_194/lpcxpresso/tools/bin/../lib/gcc/arm-none-eabi/4.6.2/../../../../arm-none-eabi/lib/armv7-m\libc.a(lib_a-mprec.o)
                0x000077ec                __mdiff
 .text.__d2b    0x000078c4       0xcc c:/nxp/lpcxpresso_6.1.4_194/lpcxpresso/tools/bin/../lib/gcc/arm-none-eabi/4.6.2/../../../../arm-none-eabi/lib/armv7-m\libc.a(lib_a-mprec.o)
                0x000078c4                __d2b
 .text.__fpclassifyd
                0x00007990       0x68 c:/nxp/lpcxpresso_6.1.4_194/lpcxpresso/tools/bin/../lib/gcc/arm-none-eabi/4.6.2/../../../../arm-none-eabi/lib/armv7-m\libc.a(lib_a-s_fpclassify.o)
                0x00007990                __fpclassifyd
 .text._sbrk_r  0x000079f8       0x24 c:/nxp/lpcxpresso_6.1.4_194/lpcxpresso/tools/bin/../lib/gcc/arm-none-eabi/4.6.2/../../../../arm-none-eabi/lib/armv7-m\libc.a(lib_a-sbrkr.o)
                0x000079f8                _sbrk_r
 .text.strlen   0x00007a1c       0x60 c:/nxp/lpcxpresso_6.1.4_194/lpcxpresso/tools/bin/../lib/gcc/arm-none-eabi/4.6.2/../../../../arm-none-eabi/lib/armv7-m\libc.a(lib_a-strlen.o)
                0x00007a1c                strlen
 .text.__ssprint_r
                0x00007a7c       0xf8 c:/nxp/lpcxpresso_6.1.4_194/lpcxpresso/tools/bin/../lib/gcc/arm-none-eabi/4.6.2/../../../../arm-none-eabi/lib/armv7-m\libc.a(lib_a-svfiprintf.o)
                0x00007a7c                __ssprint_r
 .text._calloc_r
                0x00007b74       0x60 c:/nxp/lpcxpresso_6.1.4_194/lpcxpresso/tools/bin/../lib/gcc/arm-none-eabi/4.6.2/../../../../arm-none-eabi/lib/armv7-m\libc.a(lib_a-callocr.o)
                0x00007b74                _calloc_r
 .text._malloc_trim_r
                0x00007bd4       0xa0 c:/nxp/lpcxpresso_6.1.4_194/lpcxpresso/tools/bin/../lib/gcc/arm-none-eabi/4.6.2/../../../../arm-none-eabi/lib/armv7-m\libc.a(lib_a-freer.o)
                0x00007bd4                _malloc_trim_r
 .text._free_r  0x00007c74      0x190 c:/nxp/lpcxpresso_6.1.4_194/lpcxpresso/tools/bin/../lib/gcc/arm-none-eabi/4.6.2/../../../../arm-none-eabi/lib/armv7-m\libc.a(lib_a-freer.o)
                0x00007c74                _free_r
 .text.memmove  0x00007e04       0xb0 c:/nxp/lpcxpresso_6.1.4_194/lpcxpresso/tools/bin/../lib/gcc/arm-none-eabi/4.6.2/../../../../arm-none-eabi/lib/armv7-m\libc.a(lib_a-memmove.o)
                0x00007e04                memmove
 .text._realloc_r
                0x00007eb4      0x3f4 c:/nxp/lpcxpresso_6.1.4_194/lpcxpresso/tools/bin/../lib/gcc/arm-none-eabi/4.6.2/../../../../arm-none-eabi/lib/armv7-m\libc.a(lib_a-reallocr.o)
                0x00007eb4                _realloc_r
 .text._sbrk    0x000082a8       0x3c c:/nxp/lpcxpresso_6.1.4_194/lpcxpresso/tools/bin/../lib/gcc/arm-none-eabi/4.6.2/../../../../arm-none-eabi/lib/armv7-m\libcr_newlib_semihost.a(_cr_sbrk.o)
                0x000082a8                _sbrk
 .text.__check_heap_overflow
                0x000082e4       0x2c c:/nxp/lpcxpresso_6.1.4_194/lpcxpresso/tools/bin/../lib/gcc/arm-none-eabi/4.6.2/../../../../arm-none-eabi/lib/armv7-m\libcr_newlib_semihost.a(_cr_check_heap.o)
                0x000082e4                __check_heap_overflow
 .text          0x00008310      0x370 c:/nxp/lpcxpresso_6.1.4_194/lpcxpresso/tools/bin/../lib/gcc/arm-none-eabi/4.6.2/armv7-m\libgcc.a(_arm_addsubdf3.o)
                0x00008310                __aeabi_drsub
                0x00008318                __aeabi_dsub
                0x00008318                __subdf3
                0x0000831c                __aeabi_dadd
                0x0000831c                __adddf3
                0x00008594                __floatunsidf
                0x00008594                __aeabi_ui2d
                0x000085b4                __floatsidf
                0x000085b4                __aeabi_i2d
                0x000085d8                __aeabi_f2d
                0x000085d8                __extendsfdf2
                0x00008614                __floatundidf
                0x00008614                __aeabi_ul2d
                0x00008624                __floatdidf
                0x00008624                __aeabi_l2d
 .text          0x00008680      0x424 c:/nxp/lpcxpresso_6.1.4_194/lpcxpresso/tools/bin/../lib/gcc/arm-none-eabi/4.6.2/armv7-m\libgcc.a(_arm_muldivdf3.o)
                0x00008680                __aeabi_dmul
                0x00008680                __muldf3
                0x000088d4                __divdf3
                0x000088d4                __aeabi_ddiv
 .text          0x00008aa4      0x110 c:/nxp/lpcxpresso_6.1.4_194/lpcxpresso/tools/bin/../lib/gcc/arm-none-eabi/4.6.2/armv7-m\libgcc.a(_arm_cmpdf2.o)
                0x00008aa4                __gtdf2
                0x00008aa4                __gedf2
                0x00008aac                __ltdf2
                0x00008aac                __ledf2
                0x00008ab4                __nedf2
                0x00008ab4                __eqdf2
                0x00008ab4                __cmpdf2
                0x00008b30                __aeabi_cdrcmple
                0x00008b40                __aeabi_cdcmpeq
                0x00008b40                __aeabi_cdcmple
                0x00008b50                __aeabi_dcmpeq
                0x00008b64                __aeabi_dcmplt
                0x00008b78                __aeabi_dcmple
                0x00008b8c                __aeabi_dcmpge
                0x00008ba0                __aeabi_dcmpgt
 .text          0x00008bb4       0x50 c:/nxp/lpcxpresso_6.1.4_194/lpcxpresso/tools/bin/../lib/gcc/arm-none-eabi/4.6.2/armv7-m\libgcc.a(_arm_fixdfsi.o)
                0x00008bb4                __aeabi_d2iz
                0x00008bb4                __fixdfsi
 .text.__errno  0x00008c04        0xc c:/nxp/lpcxpresso_6.1.4_194/lpcxpresso/tools/bin/../lib/gcc/arm-none-eabi/4.6.2/../../../../arm-none-eabi/lib/armv7-m\libc.a(lib_a-errno.o)
                0x00008c04                __errno
 *(.rodata .rodata.* .constdata .constdata.*)
 .rodata        0x00008c10       0x70 ./src/main.o
 .rodata        0x00008c80        0x8 C:\Users\Kelvin\Documents\GitHub\ee2024\Lib_EaBaseBoard\Debug\libLib_EaBaseBoard.a(oled.o)
 .rodata        0x00008c88      0x300 C:\Users\Kelvin\Documents\GitHub\ee2024\Lib_EaBaseBoard\Debug\libLib_EaBaseBoard.a(font5x7.o)
                0x00008c88                font5x7
 .rodata        0x00008f88       0x18 C:\Users\Kelvin\Documents\GitHub\ee2024\Lib_MCU\Debug\libLib_MCU.a(lpc17xx_i2c.o)
 .rodata        0x00008fa0       0x18 C:\Users\Kelvin\Documents\GitHub\ee2024\Lib_MCU\Debug\libLib_MCU.a(lpc17xx_ssp.o)
 .rodata        0x00008fb8       0x18 C:\Users\Kelvin\Documents\GitHub\ee2024\Lib_MCU\Debug\libLib_MCU.a(lpc17xx_timer.o)
 .rodata.zeroes.6590
                0x00008fd0       0x10 c:/nxp/lpcxpresso_6.1.4_194/lpcxpresso/tools/bin/../lib/gcc/arm-none-eabi/4.6.2/../../../../arm-none-eabi/lib/armv7-m\libc.a(lib_a-svfprintf.o)
 .rodata.str1.4
                0x00008fe0       0x42 c:/nxp/lpcxpresso_6.1.4_194/lpcxpresso/tools/bin/../lib/gcc/arm-none-eabi/4.6.2/../../../../arm-none-eabi/lib/armv7-m\libc.a(lib_a-svfprintf.o)
                                 0x44 (size before relaxing)
 *fill*         0x00009022        0x2 00
 .rodata.blanks.6589
                0x00009024       0x10 c:/nxp/lpcxpresso_6.1.4_194/lpcxpresso/tools/bin/../lib/gcc/arm-none-eabi/4.6.2/../../../../arm-none-eabi/lib/armv7-m\libc.a(lib_a-svfprintf.o)
 .rodata.str1.4
                0x00009034       0x10 c:/nxp/lpcxpresso_6.1.4_194/lpcxpresso/tools/bin/../lib/gcc/arm-none-eabi/4.6.2/../../../../arm-none-eabi/lib/armv7-m\libc.a(lib_a-dtoa.o)
                                 0x14 (size before relaxing)
 .rodata.str1.4
                0x00009044        0x2 c:/nxp/lpcxpresso_6.1.4_194/lpcxpresso/tools/bin/../lib/gcc/arm-none-eabi/4.6.2/../../../../arm-none-eabi/lib/armv7-m\libc.a(lib_a-impure.o)
                                  0x4 (size before relaxing)
 *fill*         0x00009046        0x2 00
 .rodata.str1.4
                0x00009048        0xc c:/nxp/lpcxpresso_6.1.4_194/lpcxpresso/tools/bin/../lib/gcc/arm-none-eabi/4.6.2/../../../../arm-none-eabi/lib/armv7-m\libc.a(lib_a-locale.o)
                                 0x14 (size before relaxing)
 *fill*         0x00009054        0x4 00
 .rodata.__mprec_tens
                0x00009058       0xc8 c:/nxp/lpcxpresso_6.1.4_194/lpcxpresso/tools/bin/../lib/gcc/arm-none-eabi/4.6.2/../../../../arm-none-eabi/lib/armv7-m\libc.a(lib_a-mprec.o)
                0x00009058                __mprec_tens
 .rodata.__mprec_bigtens
                0x00009120       0x28 c:/nxp/lpcxpresso_6.1.4_194/lpcxpresso/tools/bin/../lib/gcc/arm-none-eabi/4.6.2/../../../../arm-none-eabi/lib/armv7-m\libc.a(lib_a-mprec.o)
                0x00009120                __mprec_bigtens
 .rodata.p05.5111
                0x00009148        0xc c:/nxp/lpcxpresso_6.1.4_194/lpcxpresso/tools/bin/../lib/gcc/arm-none-eabi/4.6.2/../../../../arm-none-eabi/lib/armv7-m\libc.a(lib_a-mprec.o)
                0x00009154                . = ALIGN (0x4)

.glue_7         0x00009154        0x0
 .glue_7        0x00000000        0x0 linker stubs

.glue_7t        0x00009154        0x0
 .glue_7t       0x00000000        0x0 linker stubs

.vfp11_veneer   0x00009154        0x0
 .vfp11_veneer  0x00000000        0x0 linker stubs

.v4_bx          0x00009154        0x0
 .v4_bx         0x00000000        0x0 linker stubs

.ARM.extab
 *(.ARM.extab* .gnu.linkonce.armextab.*)
                0x00009154                __exidx_start = .

.ARM.exidx      0x00009154        0x8
 *(.ARM.exidx* .gnu.linkonce.armexidx.*)
 .ARM.exidx     0x00009154        0x8 c:/nxp/lpcxpresso_6.1.4_194/lpcxpresso/tools/bin/../lib/gcc/arm-none-eabi/4.6.2/armv7-m\libgcc.a(_divdi3.o)
 .ARM.exidx     0x0000915c        0x0 c:/nxp/lpcxpresso_6.1.4_194/lpcxpresso/tools/bin/../lib/gcc/arm-none-eabi/4.6.2/armv7-m\libgcc.a(_udivdi3.o)
                                  0x8 (size before relaxing)
                0x0000915c                __exidx_end = .
                0x0000915c                _etext = .

.data_RAM2      0x2007c000        0x0 load address 0x0000915c
 FILL mask 0xff
 *(.data.$RAM2*)
 *(.data.$RamAHB32*)
                0x2007c000                . = ALIGN (0x4)

.uninit_RESERVED
                0x10000000        0x0
 *(.bss.$RESERVED*)
                0x10000000                . = ALIGN (0x4)
                0x10000000                _end_uninit_RESERVED = .

.data           0x10000000      0x914 load address 0x0000915c
 FILL mask 0xff
                0x10000000                _data = .
 *(vtable)
 *(.data*)
 .data          0x10000000       0x44 ./src/main.o
 .data          0x10000044        0x4 C:\Users\Kelvin\Documents\GitHub\ee2024\Lib_CMSISv1p30_LPC17xx\Debug\libCMSISv1p30_LPC17xx.a(system_LPC17xx.o)
                0x10000044                SystemCoreClock
 .data          0x10000048       0x50 C:\Users\Kelvin\Documents\GitHub\ee2024\Lib_EaBaseBoard\Debug\libLib_EaBaseBoard.a(led7seg.o)
 .data          0x10000098        0x8 C:\Users\Kelvin\Documents\GitHub\ee2024\Lib_EaBaseBoard\Debug\libLib_EaBaseBoard.a(light.o)
 .data.impure_data
                0x100000a0      0x428 c:/nxp/lpcxpresso_6.1.4_194/lpcxpresso/tools/bin/../lib/gcc/arm-none-eabi/4.6.2/../../../../arm-none-eabi/lib/armv7-m\libc.a(lib_a-impure.o)
 .data._impure_ptr
                0x100004c8        0x4 c:/nxp/lpcxpresso_6.1.4_194/lpcxpresso/tools/bin/../lib/gcc/arm-none-eabi/4.6.2/../../../../arm-none-eabi/lib/armv7-m\libc.a(lib_a-impure.o)
                0x100004c8                _impure_ptr
 .data.lconv    0x100004cc       0x38 c:/nxp/lpcxpresso_6.1.4_194/lpcxpresso/tools/bin/../lib/gcc/arm-none-eabi/4.6.2/../../../../arm-none-eabi/lib/armv7-m\libc.a(lib_a-locale.o)
 .data.__malloc_av_
                0x10000504      0x408 c:/nxp/lpcxpresso_6.1.4_194/lpcxpresso/tools/bin/../lib/gcc/arm-none-eabi/4.6.2/../../../../arm-none-eabi/lib/armv7-m\libc.a(lib_a-mallocr.o)
                0x10000504                __malloc_av_
 .data.__malloc_trim_threshold
                0x1000090c        0x4 c:/nxp/lpcxpresso_6.1.4_194/lpcxpresso/tools/bin/../lib/gcc/arm-none-eabi/4.6.2/../../../../arm-none-eabi/lib/armv7-m\libc.a(lib_a-mallocr.o)
                0x1000090c                __malloc_trim_threshold
 .data.__malloc_sbrk_base
                0x10000910        0x4 c:/nxp/lpcxpresso_6.1.4_194/lpcxpresso/tools/bin/../lib/gcc/arm-none-eabi/4.6.2/../../../../arm-none-eabi/lib/armv7-m\libc.a(lib_a-mallocr.o)
                0x10000910                __malloc_sbrk_base
                0x10000914                . = ALIGN (0x4)
                0x10000914                _edata = .

.bss_RAM2       0x2007c000        0x0
 *(.bss.$RAM2*)
 *(.bss.$RamAHB32*)
                0x2007c000                . = ALIGN (0x4)

.bss            0x10000914      0x398
                0x10000914                _bss = .
 *(.bss*)
 .bss           0x10000914       0x14 ./src/main.o
                0x10000914                msTicks
                0x10000918                time
 .bss           0x10000928      0x300 C:\Users\Kelvin\Documents\GitHub\ee2024\Lib_EaBaseBoard\Debug\libLib_EaBaseBoard.a(oled.o)
 .bss           0x10000c28        0x6 C:\Users\Kelvin\Documents\GitHub\ee2024\Lib_EaBaseBoard\Debug\libLib_EaBaseBoard.a(pca9532.o)
 *fill*         0x10000c2e        0x2 00
 .bss           0x10000c30        0x4 C:\Users\Kelvin\Documents\GitHub\ee2024\Lib_EaBaseBoard\Debug\libLib_EaBaseBoard.a(temp.o)
 .bss           0x10000c34       0x24 C:\Users\Kelvin\Documents\GitHub\ee2024\Lib_MCU\Debug\libLib_MCU.a(lpc17xx_i2c.o)
 .bss           0x10000c58       0x18 C:\Users\Kelvin\Documents\GitHub\ee2024\Lib_MCU\Debug\libLib_MCU.a(lpc17xx_ssp.o)
 .bss.__malloc_max_total_mem
                0x10000c70        0x4 c:/nxp/lpcxpresso_6.1.4_194/lpcxpresso/tools/bin/../lib/gcc/arm-none-eabi/4.6.2/../../../../arm-none-eabi/lib/armv7-m\libc.a(lib_a-mallocr.o)
                0x10000c70                __malloc_max_total_mem
 .bss.__malloc_max_sbrked_mem
                0x10000c74        0x4 c:/nxp/lpcxpresso_6.1.4_194/lpcxpresso/tools/bin/../lib/gcc/arm-none-eabi/4.6.2/../../../../arm-none-eabi/lib/armv7-m\libc.a(lib_a-mallocr.o)
                0x10000c74                __malloc_max_sbrked_mem
 .bss.__malloc_top_pad
                0x10000c78        0x4 c:/nxp/lpcxpresso_6.1.4_194/lpcxpresso/tools/bin/../lib/gcc/arm-none-eabi/4.6.2/../../../../arm-none-eabi/lib/armv7-m\libc.a(lib_a-mallocr.o)
                0x10000c78                __malloc_top_pad
 .bss.__malloc_current_mallinfo
                0x10000c7c       0x28 c:/nxp/lpcxpresso_6.1.4_194/lpcxpresso/tools/bin/../lib/gcc/arm-none-eabi/4.6.2/../../../../arm-none-eabi/lib/armv7-m\libc.a(lib_a-mallocr.o)
                0x10000c7c                __malloc_current_mallinfo
 *(COMMON)
 COMMON         0x10000ca4        0x4 c:/nxp/lpcxpresso_6.1.4_194/lpcxpresso/tools/bin/../lib/gcc/arm-none-eabi/4.6.2/../../../../arm-none-eabi/lib/armv7-m\libc.a(lib_a-reent.o)
                0x10000ca4                errno
 COMMON         0x10000ca8        0x4 c:/nxp/lpcxpresso_6.1.4_194/lpcxpresso/tools/bin/../lib/gcc/arm-none-eabi/4.6.2/../../../../arm-none-eabi/lib/armv7-m\libcr_newlib_semihost.a(_cr_sbrk.o)
                0x10000ca8                __end_of_heap
                0x10000cac                . = ALIGN (0x4)
                0x10000cac                _ebss = .
                0x10000cac                PROVIDE (end, .)

.noinit_RAM2    0x2007c000        0x0
 *(.noinit.$RAM2*)
 *(.noinit.$RamAHB32*)
                0x2007c000                . = ALIGN (0x4)

.noinit         0x10000cac        0x0
                0x10000cac                _noinit = .
 *(.noinit*)
                0x10000cac                . = ALIGN (0x4)
                0x10000cac                _end_noinit = .
                0x10000cac                PROVIDE (_pvHeapStart, .)
                0x10008000                PROVIDE (_vStackTop, (__top_RamLoc32 - 0x0))
OUTPUT(demo.axf elf32-littlearm)

.debug_info     0x00000000     0x6c2d
 .debug_info    0x00000000      0x209 ./src/cr_startup_lpc17.o
 .debug_info    0x00000209      0xdf0 ./src/main.o
 .debug_info    0x00000ff9      0x357 C:\Users\Kelvin\Documents\GitHub\ee2024\Lib_CMSISv1p30_LPC17xx\Debug\libCMSISv1p30_LPC17xx.a(system_LPC17xx.o)
 .debug_info    0x00001350      0x53d C:\Users\Kelvin\Documents\GitHub\ee2024\Lib_EaBaseBoard\Debug\libLib_EaBaseBoard.a(acc.o)
 .debug_info    0x0000188d      0x10f C:\Users\Kelvin\Documents\GitHub\ee2024\Lib_EaBaseBoard\Debug\libLib_EaBaseBoard.a(joystick.o)
 .debug_info    0x0000199c      0x282 C:\Users\Kelvin\Documents\GitHub\ee2024\Lib_EaBaseBoard\Debug\libLib_EaBaseBoard.a(led7seg.o)
 .debug_info    0x00001c1e      0x763 C:\Users\Kelvin\Documents\GitHub\ee2024\Lib_EaBaseBoard\Debug\libLib_EaBaseBoard.a(light.o)
 .debug_info    0x00002381      0x97d C:\Users\Kelvin\Documents\GitHub\ee2024\Lib_EaBaseBoard\Debug\libLib_EaBaseBoard.a(oled.o)
 .debug_info    0x00002cfe      0x642 C:\Users\Kelvin\Documents\GitHub\ee2024\Lib_EaBaseBoard\Debug\libLib_EaBaseBoard.a(pca9532.o)
 .debug_info    0x00003340       0xe4 C:\Users\Kelvin\Documents\GitHub\ee2024\Lib_EaBaseBoard\Debug\libLib_EaBaseBoard.a(rgb.o)
 .debug_info    0x00003424      0x154 C:\Users\Kelvin\Documents\GitHub\ee2024\Lib_EaBaseBoard\Debug\libLib_EaBaseBoard.a(temp.o)
 .debug_info    0x00003578       0x65 C:\Users\Kelvin\Documents\GitHub\ee2024\Lib_EaBaseBoard\Debug\libLib_EaBaseBoard.a(font5x7.o)
 .debug_info    0x000035dd      0xb95 C:\Users\Kelvin\Documents\GitHub\ee2024\Lib_MCU\Debug\libLib_MCU.a(lpc17xx_gpio.o)
 .debug_info    0x00004172      0xcc3 C:\Users\Kelvin\Documents\GitHub\ee2024\Lib_MCU\Debug\libLib_MCU.a(lpc17xx_i2c.o)
 .debug_info    0x00004e35      0x4b1 C:\Users\Kelvin\Documents\GitHub\ee2024\Lib_MCU\Debug\libLib_MCU.a(lpc17xx_pinsel.o)
 .debug_info    0x000052e6      0x867 C:\Users\Kelvin\Documents\GitHub\ee2024\Lib_MCU\Debug\libLib_MCU.a(lpc17xx_ssp.o)
 .debug_info    0x00005b4d      0x8e4 C:\Users\Kelvin\Documents\GitHub\ee2024\Lib_MCU\Debug\libLib_MCU.a(lpc17xx_timer.o)
 .debug_info    0x00006431      0x641 C:\Users\Kelvin\Documents\GitHub\ee2024\Lib_MCU\Debug\libLib_MCU.a(lpc17xx_clkpwr.o)
 .debug_info    0x00006a72      0x106 c:/nxp/lpcxpresso_6.1.4_194/lpcxpresso/tools/bin/../lib/gcc/arm-none-eabi/4.6.2/../../../../arm-none-eabi/lib/armv7-m\libcr_newlib_semihost.a(_cr_sbrk.o)
 .debug_info    0x00006b78       0xb5 c:/nxp/lpcxpresso_6.1.4_194/lpcxpresso/tools/bin/../lib/gcc/arm-none-eabi/4.6.2/../../../../arm-none-eabi/lib/armv7-m\libcr_newlib_semihost.a(_cr_check_heap.o)

.debug_abbrev   0x00000000     0x1924
 .debug_abbrev  0x00000000       0xb4 ./src/cr_startup_lpc17.o
 .debug_abbrev  0x000000b4      0x295 ./src/main.o
 .debug_abbrev  0x00000349       0xce C:\Users\Kelvin\Documents\GitHub\ee2024\Lib_CMSISv1p30_LPC17xx\Debug\libCMSISv1p30_LPC17xx.a(system_LPC17xx.o)
 .debug_abbrev  0x00000417      0x15c C:\Users\Kelvin\Documents\GitHub\ee2024\Lib_EaBaseBoard\Debug\libLib_EaBaseBoard.a(acc.o)
 .debug_abbrev  0x00000573       0x90 C:\Users\Kelvin\Documents\GitHub\ee2024\Lib_EaBaseBoard\Debug\libLib_EaBaseBoard.a(joystick.o)
 .debug_abbrev  0x00000603      0x155 C:\Users\Kelvin\Documents\GitHub\ee2024\Lib_EaBaseBoard\Debug\libLib_EaBaseBoard.a(led7seg.o)
 .debug_abbrev  0x00000758      0x1bd C:\Users\Kelvin\Documents\GitHub\ee2024\Lib_EaBaseBoard\Debug\libLib_EaBaseBoard.a(light.o)
 .debug_abbrev  0x00000915      0x1f1 C:\Users\Kelvin\Documents\GitHub\ee2024\Lib_EaBaseBoard\Debug\libLib_EaBaseBoard.a(oled.o)
 .debug_abbrev  0x00000b06      0x1aa C:\Users\Kelvin\Documents\GitHub\ee2024\Lib_EaBaseBoard\Debug\libLib_EaBaseBoard.a(pca9532.o)
 .debug_abbrev  0x00000cb0       0x8e C:\Users\Kelvin\Documents\GitHub\ee2024\Lib_EaBaseBoard\Debug\libLib_EaBaseBoard.a(rgb.o)
 .debug_abbrev  0x00000d3e       0xc2 C:\Users\Kelvin\Documents\GitHub\ee2024\Lib_EaBaseBoard\Debug\libLib_EaBaseBoard.a(temp.o)
 .debug_abbrev  0x00000e00       0x4b C:\Users\Kelvin\Documents\GitHub\ee2024\Lib_EaBaseBoard\Debug\libLib_EaBaseBoard.a(font5x7.o)
 .debug_abbrev  0x00000e4b      0x185 C:\Users\Kelvin\Documents\GitHub\ee2024\Lib_MCU\Debug\libLib_MCU.a(lpc17xx_gpio.o)
 .debug_abbrev  0x00000fd0      0x24a C:\Users\Kelvin\Documents\GitHub\ee2024\Lib_MCU\Debug\libLib_MCU.a(lpc17xx_i2c.o)
 .debug_abbrev  0x0000121a      0x10a C:\Users\Kelvin\Documents\GitHub\ee2024\Lib_MCU\Debug\libLib_MCU.a(lpc17xx_pinsel.o)
 .debug_abbrev  0x00001324      0x1d3 C:\Users\Kelvin\Documents\GitHub\ee2024\Lib_MCU\Debug\libLib_MCU.a(lpc17xx_ssp.o)
 .debug_abbrev  0x000014f7      0x19f C:\Users\Kelvin\Documents\GitHub\ee2024\Lib_MCU\Debug\libLib_MCU.a(lpc17xx_timer.o)
 .debug_abbrev  0x00001696      0x174 C:\Users\Kelvin\Documents\GitHub\ee2024\Lib_MCU\Debug\libLib_MCU.a(lpc17xx_clkpwr.o)
 .debug_abbrev  0x0000180a       0xa8 c:/nxp/lpcxpresso_6.1.4_194/lpcxpresso/tools/bin/../lib/gcc/arm-none-eabi/4.6.2/../../../../arm-none-eabi/lib/armv7-m\libcr_newlib_semihost.a(_cr_sbrk.o)
 .debug_abbrev  0x000018b2       0x72 c:/nxp/lpcxpresso_6.1.4_194/lpcxpresso/tools/bin/../lib/gcc/arm-none-eabi/4.6.2/../../../../arm-none-eabi/lib/armv7-m\libcr_newlib_semihost.a(_cr_check_heap.o)

.debug_loc      0x00000000     0x28d8
 .debug_loc     0x00000000      0x1f0 ./src/cr_startup_lpc17.o
 .debug_loc     0x000001f0      0x440 ./src/main.o
 .debug_loc     0x00000630       0x58 C:\Users\Kelvin\Documents\GitHub\ee2024\Lib_CMSISv1p30_LPC17xx\Debug\libCMSISv1p30_LPC17xx.a(system_LPC17xx.o)
 .debug_loc     0x00000688      0x1f0 C:\Users\Kelvin\Documents\GitHub\ee2024\Lib_EaBaseBoard\Debug\libLib_EaBaseBoard.a(acc.o)
 .debug_loc     0x00000878       0x64 C:\Users\Kelvin\Documents\GitHub\ee2024\Lib_EaBaseBoard\Debug\libLib_EaBaseBoard.a(joystick.o)
 .debug_loc     0x000008dc       0x64 C:\Users\Kelvin\Documents\GitHub\ee2024\Lib_EaBaseBoard\Debug\libLib_EaBaseBoard.a(led7seg.o)
 .debug_loc     0x00000940      0x378 C:\Users\Kelvin\Documents\GitHub\ee2024\Lib_EaBaseBoard\Debug\libLib_EaBaseBoard.a(light.o)
 .debug_loc     0x00000cb8      0x33e C:\Users\Kelvin\Documents\GitHub\ee2024\Lib_EaBaseBoard\Debug\libLib_EaBaseBoard.a(oled.o)
 .debug_loc     0x00000ff6      0x2d0 C:\Users\Kelvin\Documents\GitHub\ee2024\Lib_EaBaseBoard\Debug\libLib_EaBaseBoard.a(pca9532.o)
 .debug_loc     0x000012c6       0x64 C:\Users\Kelvin\Documents\GitHub\ee2024\Lib_EaBaseBoard\Debug\libLib_EaBaseBoard.a(rgb.o)
 .debug_loc     0x0000132a       0x70 C:\Users\Kelvin\Documents\GitHub\ee2024\Lib_EaBaseBoard\Debug\libLib_EaBaseBoard.a(temp.o)
 .debug_loc     0x0000139a      0x4d0 C:\Users\Kelvin\Documents\GitHub\ee2024\Lib_MCU\Debug\libLib_MCU.a(lpc17xx_gpio.o)
 .debug_loc     0x0000186a      0x4e4 C:\Users\Kelvin\Documents\GitHub\ee2024\Lib_MCU\Debug\libLib_MCU.a(lpc17xx_i2c.o)
 .debug_loc     0x00001d4e      0x150 C:\Users\Kelvin\Documents\GitHub\ee2024\Lib_MCU\Debug\libLib_MCU.a(lpc17xx_pinsel.o)
 .debug_loc     0x00001e9e      0x448 C:\Users\Kelvin\Documents\GitHub\ee2024\Lib_MCU\Debug\libLib_MCU.a(lpc17xx_ssp.o)
 .debug_loc     0x000022e6      0x3b8 C:\Users\Kelvin\Documents\GitHub\ee2024\Lib_MCU\Debug\libLib_MCU.a(lpc17xx_timer.o)
 .debug_loc     0x0000269e      0x1bc C:\Users\Kelvin\Documents\GitHub\ee2024\Lib_MCU\Debug\libLib_MCU.a(lpc17xx_clkpwr.o)
 .debug_loc     0x0000285a       0x55 c:/nxp/lpcxpresso_6.1.4_194/lpcxpresso/tools/bin/../lib/gcc/arm-none-eabi/4.6.2/../../../../arm-none-eabi/lib/armv7-m\libcr_newlib_semihost.a(_cr_sbrk.o)
 .debug_loc     0x000028af       0x29 c:/nxp/lpcxpresso_6.1.4_194/lpcxpresso/tools/bin/../lib/gcc/arm-none-eabi/4.6.2/../../../../arm-none-eabi/lib/armv7-m\libcr_newlib_semihost.a(_cr_check_heap.o)

.debug_aranges  0x00000000      0x7d0
 .debug_aranges
                0x00000000       0x70 ./src/cr_startup_lpc17.o
 .debug_aranges
                0x00000070       0xb8 ./src/main.o
 .debug_aranges
                0x00000128       0x28 C:\Users\Kelvin\Documents\GitHub\ee2024\Lib_CMSISv1p30_LPC17xx\Debug\libCMSISv1p30_LPC17xx.a(system_LPC17xx.o)
 .debug_aranges
                0x00000150       0x60 C:\Users\Kelvin\Documents\GitHub\ee2024\Lib_EaBaseBoard\Debug\libLib_EaBaseBoard.a(acc.o)
 .debug_aranges
                0x000001b0       0x28 C:\Users\Kelvin\Documents\GitHub\ee2024\Lib_EaBaseBoard\Debug\libLib_EaBaseBoard.a(joystick.o)
 .debug_aranges
                0x000001d8       0x28 C:\Users\Kelvin\Documents\GitHub\ee2024\Lib_EaBaseBoard\Debug\libLib_EaBaseBoard.a(led7seg.o)
 .debug_aranges
                0x00000200       0x98 C:\Users\Kelvin\Documents\GitHub\ee2024\Lib_EaBaseBoard\Debug\libLib_EaBaseBoard.a(light.o)
 .debug_aranges
                0x00000298       0x90 C:\Users\Kelvin\Documents\GitHub\ee2024\Lib_EaBaseBoard\Debug\libLib_EaBaseBoard.a(oled.o)
 .debug_aranges
                0x00000328       0x80 C:\Users\Kelvin\Documents\GitHub\ee2024\Lib_EaBaseBoard\Debug\libLib_EaBaseBoard.a(pca9532.o)
 .debug_aranges
                0x000003a8       0x28 C:\Users\Kelvin\Documents\GitHub\ee2024\Lib_EaBaseBoard\Debug\libLib_EaBaseBoard.a(rgb.o)
 .debug_aranges
                0x000003d0       0x28 C:\Users\Kelvin\Documents\GitHub\ee2024\Lib_EaBaseBoard\Debug\libLib_EaBaseBoard.a(temp.o)
 .debug_aranges
                0x000003f8       0xc8 C:\Users\Kelvin\Documents\GitHub\ee2024\Lib_MCU\Debug\libLib_MCU.a(lpc17xx_gpio.o)
 .debug_aranges
                0x000004c0       0xd0 C:\Users\Kelvin\Documents\GitHub\ee2024\Lib_MCU\Debug\libLib_MCU.a(lpc17xx_i2c.o)
 .debug_aranges
                0x00000590       0x48 C:\Users\Kelvin\Documents\GitHub\ee2024\Lib_MCU\Debug\libLib_MCU.a(lpc17xx_pinsel.o)
 .debug_aranges
                0x000005d8       0xb8 C:\Users\Kelvin\Documents\GitHub\ee2024\Lib_MCU\Debug\libLib_MCU.a(lpc17xx_ssp.o)
 .debug_aranges
                0x00000690       0xa0 C:\Users\Kelvin\Documents\GitHub\ee2024\Lib_MCU\Debug\libLib_MCU.a(lpc17xx_timer.o)
 .debug_aranges
                0x00000730       0x60 C:\Users\Kelvin\Documents\GitHub\ee2024\Lib_MCU\Debug\libLib_MCU.a(lpc17xx_clkpwr.o)
 .debug_aranges
                0x00000790       0x20 c:/nxp/lpcxpresso_6.1.4_194/lpcxpresso/tools/bin/../lib/gcc/arm-none-eabi/4.6.2/../../../../arm-none-eabi/lib/armv7-m\libcr_newlib_semihost.a(_cr_sbrk.o)
 .debug_aranges
                0x000007b0       0x20 c:/nxp/lpcxpresso_6.1.4_194/lpcxpresso/tools/bin/../lib/gcc/arm-none-eabi/4.6.2/../../../../arm-none-eabi/lib/armv7-m\libcr_newlib_semihost.a(_cr_check_heap.o)

.debug_ranges   0x00000000      0x6a0
 .debug_ranges  0x00000000       0x60 ./src/cr_startup_lpc17.o
 .debug_ranges  0x00000060       0xa8 ./src/main.o
 .debug_ranges  0x00000108       0x18 C:\Users\Kelvin\Documents\GitHub\ee2024\Lib_CMSISv1p30_LPC17xx\Debug\libCMSISv1p30_LPC17xx.a(system_LPC17xx.o)
 .debug_ranges  0x00000120       0x50 C:\Users\Kelvin\Documents\GitHub\ee2024\Lib_EaBaseBoard\Debug\libLib_EaBaseBoard.a(acc.o)
 .debug_ranges  0x00000170       0x18 C:\Users\Kelvin\Documents\GitHub\ee2024\Lib_EaBaseBoard\Debug\libLib_EaBaseBoard.a(joystick.o)
 .debug_ranges  0x00000188       0x18 C:\Users\Kelvin\Documents\GitHub\ee2024\Lib_EaBaseBoard\Debug\libLib_EaBaseBoard.a(led7seg.o)
 .debug_ranges  0x000001a0       0x88 C:\Users\Kelvin\Documents\GitHub\ee2024\Lib_EaBaseBoard\Debug\libLib_EaBaseBoard.a(light.o)
 .debug_ranges  0x00000228       0x80 C:\Users\Kelvin\Documents\GitHub\ee2024\Lib_EaBaseBoard\Debug\libLib_EaBaseBoard.a(oled.o)
 .debug_ranges  0x000002a8       0x70 C:\Users\Kelvin\Documents\GitHub\ee2024\Lib_EaBaseBoard\Debug\libLib_EaBaseBoard.a(pca9532.o)
 .debug_ranges  0x00000318       0x18 C:\Users\Kelvin\Documents\GitHub\ee2024\Lib_EaBaseBoard\Debug\libLib_EaBaseBoard.a(rgb.o)
 .debug_ranges  0x00000330       0x18 C:\Users\Kelvin\Documents\GitHub\ee2024\Lib_EaBaseBoard\Debug\libLib_EaBaseBoard.a(temp.o)
 .debug_ranges  0x00000348       0xb8 C:\Users\Kelvin\Documents\GitHub\ee2024\Lib_MCU\Debug\libLib_MCU.a(lpc17xx_gpio.o)
 .debug_ranges  0x00000400       0xc0 C:\Users\Kelvin\Documents\GitHub\ee2024\Lib_MCU\Debug\libLib_MCU.a(lpc17xx_i2c.o)
 .debug_ranges  0x000004c0       0x38 C:\Users\Kelvin\Documents\GitHub\ee2024\Lib_MCU\Debug\libLib_MCU.a(lpc17xx_pinsel.o)
 .debug_ranges  0x000004f8       0xa8 C:\Users\Kelvin\Documents\GitHub\ee2024\Lib_MCU\Debug\libLib_MCU.a(lpc17xx_ssp.o)
 .debug_ranges  0x000005a0       0x90 C:\Users\Kelvin\Documents\GitHub\ee2024\Lib_MCU\Debug\libLib_MCU.a(lpc17xx_timer.o)
 .debug_ranges  0x00000630       0x50 C:\Users\Kelvin\Documents\GitHub\ee2024\Lib_MCU\Debug\libLib_MCU.a(lpc17xx_clkpwr.o)
 .debug_ranges  0x00000680       0x10 c:/nxp/lpcxpresso_6.1.4_194/lpcxpresso/tools/bin/../lib/gcc/arm-none-eabi/4.6.2/../../../../arm-none-eabi/lib/armv7-m\libcr_newlib_semihost.a(_cr_sbrk.o)
 .debug_ranges  0x00000690       0x10 c:/nxp/lpcxpresso_6.1.4_194/lpcxpresso/tools/bin/../lib/gcc/arm-none-eabi/4.6.2/../../../../arm-none-eabi/lib/armv7-m\libcr_newlib_semihost.a(_cr_check_heap.o)

.debug_line     0x00000000     0x6245
 .debug_line    0x00000000      0x363 ./src/cr_startup_lpc17.o
 .debug_line    0x00000363      0x9cc ./src/main.o
 .debug_line    0x00000d2f      0x402 C:\Users\Kelvin\Documents\GitHub\ee2024\Lib_CMSISv1p30_LPC17xx\Debug\libCMSISv1p30_LPC17xx.a(system_LPC17xx.o)
 .debug_line    0x00001131      0x4d3 C:\Users\Kelvin\Documents\GitHub\ee2024\Lib_EaBaseBoard\Debug\libLib_EaBaseBoard.a(acc.o)
 .debug_line    0x00001604      0x43e C:\Users\Kelvin\Documents\GitHub\ee2024\Lib_EaBaseBoard\Debug\libLib_EaBaseBoard.a(joystick.o)
 .debug_line    0x00001a42      0x44e C:\Users\Kelvin\Documents\GitHub\ee2024\Lib_EaBaseBoard\Debug\libLib_EaBaseBoard.a(led7seg.o)
 .debug_line    0x00001e90      0x57f C:\Users\Kelvin\Documents\GitHub\ee2024\Lib_EaBaseBoard\Debug\libLib_EaBaseBoard.a(light.o)
 .debug_line    0x0000240f      0x758 C:\Users\Kelvin\Documents\GitHub\ee2024\Lib_EaBaseBoard\Debug\libLib_EaBaseBoard.a(oled.o)
 .debug_line    0x00002b67      0x56a C:\Users\Kelvin\Documents\GitHub\ee2024\Lib_EaBaseBoard\Debug\libLib_EaBaseBoard.a(pca9532.o)
 .debug_line    0x000030d1      0x42b C:\Users\Kelvin\Documents\GitHub\ee2024\Lib_EaBaseBoard\Debug\libLib_EaBaseBoard.a(rgb.o)
 .debug_line    0x000034fc      0x44c C:\Users\Kelvin\Documents\GitHub\ee2024\Lib_EaBaseBoard\Debug\libLib_EaBaseBoard.a(temp.o)
 .debug_line    0x00003948       0x7d C:\Users\Kelvin\Documents\GitHub\ee2024\Lib_EaBaseBoard\Debug\libLib_EaBaseBoard.a(font5x7.o)
 .debug_line    0x000039c5      0x5d4 C:\Users\Kelvin\Documents\GitHub\ee2024\Lib_MCU\Debug\libLib_MCU.a(lpc17xx_gpio.o)
 .debug_line    0x00003f99      0x8ef C:\Users\Kelvin\Documents\GitHub\ee2024\Lib_MCU\Debug\libLib_MCU.a(lpc17xx_i2c.o)
 .debug_line    0x00004888      0x453 C:\Users\Kelvin\Documents\GitHub\ee2024\Lib_MCU\Debug\libLib_MCU.a(lpc17xx_pinsel.o)
 .debug_line    0x00004cdb      0x822 C:\Users\Kelvin\Documents\GitHub\ee2024\Lib_MCU\Debug\libLib_MCU.a(lpc17xx_ssp.o)
 .debug_line    0x000054fd      0x780 C:\Users\Kelvin\Documents\GitHub\ee2024\Lib_MCU\Debug\libLib_MCU.a(lpc17xx_timer.o)
 .debug_line    0x00005c7d      0x4b4 C:\Users\Kelvin\Documents\GitHub\ee2024\Lib_MCU\Debug\libLib_MCU.a(lpc17xx_clkpwr.o)
 .debug_line    0x00006131       0xc0 c:/nxp/lpcxpresso_6.1.4_194/lpcxpresso/tools/bin/../lib/gcc/arm-none-eabi/4.6.2/../../../../arm-none-eabi/lib/armv7-m\libcr_newlib_semihost.a(_cr_sbrk.o)
 .debug_line    0x000061f1       0x54 c:/nxp/lpcxpresso_6.1.4_194/lpcxpresso/tools/bin/../lib/gcc/arm-none-eabi/4.6.2/../../../../arm-none-eabi/lib/armv7-m\libcr_newlib_semihost.a(_cr_check_heap.o)

.debug_macinfo  0x00000000    0x9ba51
 .debug_macinfo
                0x00000000     0x2c15 ./src/cr_startup_lpc17.o
 .debug_macinfo
                0x00002c15     0xcad0 ./src/main.o
 .debug_macinfo
                0x0000f6e5     0x83f8 C:\Users\Kelvin\Documents\GitHub\ee2024\Lib_CMSISv1p30_LPC17xx\Debug\libCMSISv1p30_LPC17xx.a(system_LPC17xx.o)
 .debug_macinfo
                0x00017add     0x8f1b C:\Users\Kelvin\Documents\GitHub\ee2024\Lib_EaBaseBoard\Debug\libLib_EaBaseBoard.a(acc.o)
 .debug_macinfo
                0x000209f8     0x858b C:\Users\Kelvin\Documents\GitHub\ee2024\Lib_EaBaseBoard\Debug\libLib_EaBaseBoard.a(joystick.o)
 .debug_macinfo
                0x00028f83     0x96a3 C:\Users\Kelvin\Documents\GitHub\ee2024\Lib_EaBaseBoard\Debug\libLib_EaBaseBoard.a(led7seg.o)
 .debug_macinfo
                0x00032626     0x8e3a C:\Users\Kelvin\Documents\GitHub\ee2024\Lib_EaBaseBoard\Debug\libLib_EaBaseBoard.a(light.o)
 .debug_macinfo
                0x0003b460     0xa143 C:\Users\Kelvin\Documents\GitHub\ee2024\Lib_EaBaseBoard\Debug\libLib_EaBaseBoard.a(oled.o)
 .debug_macinfo
                0x000455a3     0x8e59 C:\Users\Kelvin\Documents\GitHub\ee2024\Lib_EaBaseBoard\Debug\libLib_EaBaseBoard.a(pca9532.o)
 .debug_macinfo
                0x0004e3fc     0x854c C:\Users\Kelvin\Documents\GitHub\ee2024\Lib_EaBaseBoard\Debug\libLib_EaBaseBoard.a(rgb.o)
 .debug_macinfo
                0x00056948     0x85e6 C:\Users\Kelvin\Documents\GitHub\ee2024\Lib_EaBaseBoard\Debug\libLib_EaBaseBoard.a(temp.o)
 .debug_macinfo
                0x0005ef2e     0x332a C:\Users\Kelvin\Documents\GitHub\ee2024\Lib_EaBaseBoard\Debug\libLib_EaBaseBoard.a(font5x7.o)
 .debug_macinfo
                0x00062258     0x86b8 C:\Users\Kelvin\Documents\GitHub\ee2024\Lib_MCU\Debug\libLib_MCU.a(lpc17xx_gpio.o)
 .debug_macinfo
                0x0006a910     0xa5d8 C:\Users\Kelvin\Documents\GitHub\ee2024\Lib_MCU\Debug\libLib_MCU.a(lpc17xx_i2c.o)
 .debug_macinfo
                0x00074ee8     0x87d3 C:\Users\Kelvin\Documents\GitHub\ee2024\Lib_MCU\Debug\libLib_MCU.a(lpc17xx_pinsel.o)
 .debug_macinfo
                0x0007d6bb     0xa8d0 C:\Users\Kelvin\Documents\GitHub\ee2024\Lib_MCU\Debug\libLib_MCU.a(lpc17xx_ssp.o)
 .debug_macinfo
                0x00087f8b     0xa4cd C:\Users\Kelvin\Documents\GitHub\ee2024\Lib_MCU\Debug\libLib_MCU.a(lpc17xx_timer.o)
 .debug_macinfo
                0x00092458     0x95f9 C:\Users\Kelvin\Documents\GitHub\ee2024\Lib_MCU\Debug\libLib_MCU.a(lpc17xx_clkpwr.o)

.debug_str      0x00000000     0x2228
 .debug_str     0x00000000      0x1be ./src/cr_startup_lpc17.o
                                0x1f8 (size before relaxing)
 .debug_str     0x000001be      0x5d1 ./src/main.o
                                0x70e (size before relaxing)
 .debug_str     0x0000078f      0x184 C:\Users\Kelvin\Documents\GitHub\ee2024\Lib_CMSISv1p30_LPC17xx\Debug\libCMSISv1p30_LPC17xx.a(system_LPC17xx.o)
                                0x297 (size before relaxing)
 .debug_str     0x00000913      0x214 C:\Users\Kelvin\Documents\GitHub\ee2024\Lib_EaBaseBoard\Debug\libLib_EaBaseBoard.a(acc.o)
                                0x393 (size before relaxing)
 .debug_str     0x00000b27       0x3a C:\Users\Kelvin\Documents\GitHub\ee2024\Lib_EaBaseBoard\Debug\libLib_EaBaseBoard.a(joystick.o)
                                0x164 (size before relaxing)
 .debug_str     0x00000b61       0x95 C:\Users\Kelvin\Documents\GitHub\ee2024\Lib_EaBaseBoard\Debug\libLib_EaBaseBoard.a(led7seg.o)
                                0x1ff (size before relaxing)
 .debug_str     0x00000bf6      0x24a C:\Users\Kelvin\Documents\GitHub\ee2024\Lib_EaBaseBoard\Debug\libLib_EaBaseBoard.a(light.o)
                                0x4f8 (size before relaxing)
 .debug_str     0x00000e40      0x1a9 C:\Users\Kelvin\Documents\GitHub\ee2024\Lib_EaBaseBoard\Debug\libLib_EaBaseBoard.a(oled.o)
                                0x3b0 (size before relaxing)
 .debug_str     0x00000fe9      0x136 C:\Users\Kelvin\Documents\GitHub\ee2024\Lib_EaBaseBoard\Debug\libLib_EaBaseBoard.a(pca9532.o)
                                0x3ea (size before relaxing)
 .debug_str     0x0000111f       0x22 C:\Users\Kelvin\Documents\GitHub\ee2024\Lib_EaBaseBoard\Debug\libLib_EaBaseBoard.a(rgb.o)
                                0x144 (size before relaxing)
 .debug_str     0x00001141       0x2b C:\Users\Kelvin\Documents\GitHub\ee2024\Lib_EaBaseBoard\Debug\libLib_EaBaseBoard.a(temp.o)
                                0x167 (size before relaxing)
 .debug_str     0x0000116c       0x11 C:\Users\Kelvin\Documents\GitHub\ee2024\Lib_EaBaseBoard\Debug\libLib_EaBaseBoard.a(font5x7.o)
                                 0xbb (size before relaxing)
 .debug_str     0x0000117d      0x374 C:\Users\Kelvin\Documents\GitHub\ee2024\Lib_MCU\Debug\libLib_MCU.a(lpc17xx_gpio.o)
                                0x46c (size before relaxing)
 .debug_str     0x000014f1      0x313 C:\Users\Kelvin\Documents\GitHub\ee2024\Lib_MCU\Debug\libLib_MCU.a(lpc17xx_i2c.o)
                                0x802 (size before relaxing)
 .debug_str     0x00001804      0x214 C:\Users\Kelvin\Documents\GitHub\ee2024\Lib_MCU\Debug\libLib_MCU.a(lpc17xx_pinsel.o)
                                0x3a1 (size before relaxing)
 .debug_str     0x00001a18      0x211 C:\Users\Kelvin\Documents\GitHub\ee2024\Lib_MCU\Debug\libLib_MCU.a(lpc17xx_ssp.o)
                                0x47f (size before relaxing)
 .debug_str     0x00001c29      0x433 C:\Users\Kelvin\Documents\GitHub\ee2024\Lib_MCU\Debug\libLib_MCU.a(lpc17xx_timer.o)
                                0x5b5 (size before relaxing)
 .debug_str     0x0000205c       0xcb C:\Users\Kelvin\Documents\GitHub\ee2024\Lib_MCU\Debug\libLib_MCU.a(lpc17xx_clkpwr.o)
                                0x39d (size before relaxing)
 .debug_str     0x00002127       0xbc c:/nxp/lpcxpresso_6.1.4_194/lpcxpresso/tools/bin/../lib/gcc/arm-none-eabi/4.6.2/../../../../arm-none-eabi/lib/armv7-m\libcr_newlib_semihost.a(_cr_sbrk.o)
                                0x145 (size before relaxing)
 .debug_str     0x000021e3       0x45 c:/nxp/lpcxpresso_6.1.4_194/lpcxpresso/tools/bin/../lib/gcc/arm-none-eabi/4.6.2/../../../../arm-none-eabi/lib/armv7-m\libcr_newlib_semihost.a(_cr_check_heap.o)
                                 0xd1 (size before relaxing)

.comment        0x00000000       0x9a
 .comment       0x00000000       0x70 ./src/cr_startup_lpc17.o
                                 0x71 (size before relaxing)
 .comment       0x00000000       0x71 ./src/main.o
 .comment       0x00000000       0x71 C:\Users\Kelvin\Documents\GitHub\ee2024\Lib_CMSISv1p30_LPC17xx\Debug\libCMSISv1p30_LPC17xx.a(system_LPC17xx.o)
 .comment       0x00000000       0x71 C:\Users\Kelvin\Documents\GitHub\ee2024\Lib_EaBaseBoard\Debug\libLib_EaBaseBoard.a(acc.o)
 .comment       0x00000000       0x71 C:\Users\Kelvin\Documents\GitHub\ee2024\Lib_EaBaseBoard\Debug\libLib_EaBaseBoard.a(joystick.o)
 .comment       0x00000000       0x71 C:\Users\Kelvin\Documents\GitHub\ee2024\Lib_EaBaseBoard\Debug\libLib_EaBaseBoard.a(led7seg.o)
 .comment       0x00000000       0x71 C:\Users\Kelvin\Documents\GitHub\ee2024\Lib_EaBaseBoard\Debug\libLib_EaBaseBoard.a(light.o)
 .comment       0x00000000       0x71 C:\Users\Kelvin\Documents\GitHub\ee2024\Lib_EaBaseBoard\Debug\libLib_EaBaseBoard.a(oled.o)
 .comment       0x00000000       0x71 C:\Users\Kelvin\Documents\GitHub\ee2024\Lib_EaBaseBoard\Debug\libLib_EaBaseBoard.a(pca9532.o)
 .comment       0x00000000       0x71 C:\Users\Kelvin\Documents\GitHub\ee2024\Lib_EaBaseBoard\Debug\libLib_EaBaseBoard.a(rgb.o)
 .comment       0x00000000       0x71 C:\Users\Kelvin\Documents\GitHub\ee2024\Lib_EaBaseBoard\Debug\libLib_EaBaseBoard.a(temp.o)
 .comment       0x00000000       0x71 C:\Users\Kelvin\Documents\GitHub\ee2024\Lib_EaBaseBoard\Debug\libLib_EaBaseBoard.a(font5x7.o)
 .comment       0x00000000       0x71 C:\Users\Kelvin\Documents\GitHub\ee2024\Lib_MCU\Debug\libLib_MCU.a(lpc17xx_gpio.o)
 .comment       0x00000000       0x71 C:\Users\Kelvin\Documents\GitHub\ee2024\Lib_MCU\Debug\libLib_MCU.a(lpc17xx_i2c.o)
 .comment       0x00000000       0x71 C:\Users\Kelvin\Documents\GitHub\ee2024\Lib_MCU\Debug\libLib_MCU.a(lpc17xx_pinsel.o)
 .comment       0x00000000       0x71 C:\Users\Kelvin\Documents\GitHub\ee2024\Lib_MCU\Debug\libLib_MCU.a(lpc17xx_ssp.o)
 .comment       0x00000000       0x71 C:\Users\Kelvin\Documents\GitHub\ee2024\Lib_MCU\Debug\libLib_MCU.a(lpc17xx_timer.o)
 .comment       0x00000000       0x71 C:\Users\Kelvin\Documents\GitHub\ee2024\Lib_MCU\Debug\libLib_MCU.a(lpc17xx_clkpwr.o)
 .comment       0x00000070       0x2a c:/nxp/lpcxpresso_6.1.4_194/lpcxpresso/tools/bin/../lib/gcc/arm-none-eabi/4.6.2/../../../../arm-none-eabi/lib/armv7-m\libcr_newlib_semihost.a(_cr_sbrk.o)
                                 0x2b (size before relaxing)
 .comment       0x00000000       0x2b c:/nxp/lpcxpresso_6.1.4_194/lpcxpresso/tools/bin/../lib/gcc/arm-none-eabi/4.6.2/../../../../arm-none-eabi/lib/armv7-m\libcr_newlib_semihost.a(_cr_check_heap.o)

.ARM.attributes
                0x00000000       0x33
 .ARM.attributes
                0x00000000       0x33 ./src/cr_startup_lpc17.o
 .ARM.attributes
                0x00000033       0x33 ./src/main.o
 .ARM.attributes
                0x00000066       0x33 C:\Users\Kelvin\Documents\GitHub\ee2024\Lib_CMSISv1p30_LPC17xx\Debug\libCMSISv1p30_LPC17xx.a(system_LPC17xx.o)
 .ARM.attributes
                0x00000099       0x33 C:\Users\Kelvin\Documents\GitHub\ee2024\Lib_EaBaseBoard\Debug\libLib_EaBaseBoard.a(acc.o)
 .ARM.attributes
                0x000000cc       0x33 C:\Users\Kelvin\Documents\GitHub\ee2024\Lib_EaBaseBoard\Debug\libLib_EaBaseBoard.a(joystick.o)
 .ARM.attributes
                0x000000ff       0x33 C:\Users\Kelvin\Documents\GitHub\ee2024\Lib_EaBaseBoard\Debug\libLib_EaBaseBoard.a(led7seg.o)
 .ARM.attributes
                0x00000132       0x33 C:\Users\Kelvin\Documents\GitHub\ee2024\Lib_EaBaseBoard\Debug\libLib_EaBaseBoard.a(light.o)
 .ARM.attributes
                0x00000165       0x33 C:\Users\Kelvin\Documents\GitHub\ee2024\Lib_EaBaseBoard\Debug\libLib_EaBaseBoard.a(oled.o)
 .ARM.attributes
                0x00000198       0x33 C:\Users\Kelvin\Documents\GitHub\ee2024\Lib_EaBaseBoard\Debug\libLib_EaBaseBoard.a(pca9532.o)
 .ARM.attributes
                0x000001cb       0x33 C:\Users\Kelvin\Documents\GitHub\ee2024\Lib_EaBaseBoard\Debug\libLib_EaBaseBoard.a(rgb.o)
 .ARM.attributes
                0x000001fe       0x33 C:\Users\Kelvin\Documents\GitHub\ee2024\Lib_EaBaseBoard\Debug\libLib_EaBaseBoard.a(temp.o)
 .ARM.attributes
                0x00000231       0x33 C:\Users\Kelvin\Documents\GitHub\ee2024\Lib_EaBaseBoard\Debug\libLib_EaBaseBoard.a(font5x7.o)
 .ARM.attributes
                0x00000264       0x33 C:\Users\Kelvin\Documents\GitHub\ee2024\Lib_MCU\Debug\libLib_MCU.a(lpc17xx_gpio.o)
 .ARM.attributes
                0x00000297       0x33 C:\Users\Kelvin\Documents\GitHub\ee2024\Lib_MCU\Debug\libLib_MCU.a(lpc17xx_i2c.o)
 .ARM.attributes
                0x000002ca       0x33 C:\Users\Kelvin\Documents\GitHub\ee2024\Lib_MCU\Debug\libLib_MCU.a(lpc17xx_pinsel.o)
 .ARM.attributes
                0x000002fd       0x33 C:\Users\Kelvin\Documents\GitHub\ee2024\Lib_MCU\Debug\libLib_MCU.a(lpc17xx_ssp.o)
 .ARM.attributes
                0x00000330       0x33 C:\Users\Kelvin\Documents\GitHub\ee2024\Lib_MCU\Debug\libLib_MCU.a(lpc17xx_timer.o)
 .ARM.attributes
                0x00000363       0x33 C:\Users\Kelvin\Documents\GitHub\ee2024\Lib_MCU\Debug\libLib_MCU.a(lpc17xx_clkpwr.o)
 .ARM.attributes
                0x00000396       0x1d c:/nxp/lpcxpresso_6.1.4_194/lpcxpresso/tools/bin/../lib/gcc/arm-none-eabi/4.6.2/armv7-m\libgcc.a(_aeabi_uldivmod.o)
 .ARM.attributes
                0x000003b3       0x2d c:/nxp/lpcxpresso_6.1.4_194/lpcxpresso/tools/bin/../lib/gcc/arm-none-eabi/4.6.2/armv7-m\libgcc.a(bpabi.o)
 .ARM.attributes
                0x000003e0       0x1d c:/nxp/lpcxpresso_6.1.4_194/lpcxpresso/tools/bin/../lib/gcc/arm-none-eabi/4.6.2/armv7-m\libgcc.a(_dvmd_tls.o)
 .ARM.attributes
                0x000003fd       0x2d c:/nxp/lpcxpresso_6.1.4_194/lpcxpresso/tools/bin/../lib/gcc/arm-none-eabi/4.6.2/armv7-m\libgcc.a(_divdi3.o)
 .ARM.attributes
                0x0000042a       0x2d c:/nxp/lpcxpresso_6.1.4_194/lpcxpresso/tools/bin/../lib/gcc/arm-none-eabi/4.6.2/armv7-m\libgcc.a(_udivdi3.o)
 .ARM.attributes
                0x00000457       0x2d c:/nxp/lpcxpresso_6.1.4_194/lpcxpresso/tools/bin/../lib/gcc/arm-none-eabi/4.6.2/../../../../arm-none-eabi/lib/armv7-m\libc.a(lib_a-memset.o)
 .ARM.attributes
                0x00000484       0x2d c:/nxp/lpcxpresso_6.1.4_194/lpcxpresso/tools/bin/../lib/gcc/arm-none-eabi/4.6.2/../../../../arm-none-eabi/lib/armv7-m\libc.a(lib_a-sprintf.o)
 .ARM.attributes
                0x000004b1       0x2d c:/nxp/lpcxpresso_6.1.4_194/lpcxpresso/tools/bin/../lib/gcc/arm-none-eabi/4.6.2/../../../../arm-none-eabi/lib/armv7-m\libc.a(lib_a-strcpy.o)
 .ARM.attributes
                0x000004de       0x2d c:/nxp/lpcxpresso_6.1.4_194/lpcxpresso/tools/bin/../lib/gcc/arm-none-eabi/4.6.2/../../../../arm-none-eabi/lib/armv7-m\libc.a(lib_a-svfprintf.o)
 .ARM.attributes
                0x0000050b       0x2d c:/nxp/lpcxpresso_6.1.4_194/lpcxpresso/tools/bin/../lib/gcc/arm-none-eabi/4.6.2/../../../../arm-none-eabi/lib/armv7-m\libc.a(lib_a-dtoa.o)
 .ARM.attributes
                0x00000538       0x2d c:/nxp/lpcxpresso_6.1.4_194/lpcxpresso/tools/bin/../lib/gcc/arm-none-eabi/4.6.2/../../../../arm-none-eabi/lib/armv7-m\libc.a(lib_a-impure.o)
 .ARM.attributes
                0x00000565       0x2d c:/nxp/lpcxpresso_6.1.4_194/lpcxpresso/tools/bin/../lib/gcc/arm-none-eabi/4.6.2/../../../../arm-none-eabi/lib/armv7-m\libc.a(lib_a-locale.o)
 .ARM.attributes
                0x00000592       0x2d c:/nxp/lpcxpresso_6.1.4_194/lpcxpresso/tools/bin/../lib/gcc/arm-none-eabi/4.6.2/../../../../arm-none-eabi/lib/armv7-m\libc.a(lib_a-mallocr.o)
 .ARM.attributes
                0x000005bf       0x2d c:/nxp/lpcxpresso_6.1.4_194/lpcxpresso/tools/bin/../lib/gcc/arm-none-eabi/4.6.2/../../../../arm-none-eabi/lib/armv7-m\libc.a(lib_a-memchr.o)
 .ARM.attributes
                0x000005ec       0x2d c:/nxp/lpcxpresso_6.1.4_194/lpcxpresso/tools/bin/../lib/gcc/arm-none-eabi/4.6.2/../../../../arm-none-eabi/lib/armv7-m\libc.a(lib_a-memcpy.o)
 .ARM.attributes
                0x00000619       0x2d c:/nxp/lpcxpresso_6.1.4_194/lpcxpresso/tools/bin/../lib/gcc/arm-none-eabi/4.6.2/../../../../arm-none-eabi/lib/armv7-m\libc.a(lib_a-mlock.o)
 .ARM.attributes
                0x00000646       0x2d c:/nxp/lpcxpresso_6.1.4_194/lpcxpresso/tools/bin/../lib/gcc/arm-none-eabi/4.6.2/../../../../arm-none-eabi/lib/armv7-m\libc.a(lib_a-mprec.o)
 .ARM.attributes
                0x00000673       0x2d c:/nxp/lpcxpresso_6.1.4_194/lpcxpresso/tools/bin/../lib/gcc/arm-none-eabi/4.6.2/../../../../arm-none-eabi/lib/armv7-m\libc.a(lib_a-s_fpclassify.o)
 .ARM.attributes
                0x000006a0       0x2d c:/nxp/lpcxpresso_6.1.4_194/lpcxpresso/tools/bin/../lib/gcc/arm-none-eabi/4.6.2/../../../../arm-none-eabi/lib/armv7-m\libc.a(lib_a-sbrkr.o)
 .ARM.attributes
                0x000006cd       0x2d c:/nxp/lpcxpresso_6.1.4_194/lpcxpresso/tools/bin/../lib/gcc/arm-none-eabi/4.6.2/../../../../arm-none-eabi/lib/armv7-m\libc.a(lib_a-strcmp.o)
 .ARM.attributes
                0x000006fa       0x2d c:/nxp/lpcxpresso_6.1.4_194/lpcxpresso/tools/bin/../lib/gcc/arm-none-eabi/4.6.2/../../../../arm-none-eabi/lib/armv7-m\libc.a(lib_a-strlen.o)
 .ARM.attributes
                0x00000727       0x2d c:/nxp/lpcxpresso_6.1.4_194/lpcxpresso/tools/bin/../lib/gcc/arm-none-eabi/4.6.2/../../../../arm-none-eabi/lib/armv7-m\libc.a(lib_a-svfiprintf.o)
 .ARM.attributes
                0x00000754       0x2d c:/nxp/lpcxpresso_6.1.4_194/lpcxpresso/tools/bin/../lib/gcc/arm-none-eabi/4.6.2/../../../../arm-none-eabi/lib/armv7-m\libc.a(lib_a-callocr.o)
 .ARM.attributes
                0x00000781       0x2d c:/nxp/lpcxpresso_6.1.4_194/lpcxpresso/tools/bin/../lib/gcc/arm-none-eabi/4.6.2/../../../../arm-none-eabi/lib/armv7-m\libc.a(lib_a-freer.o)
 .ARM.attributes
                0x000007ae       0x2d c:/nxp/lpcxpresso_6.1.4_194/lpcxpresso/tools/bin/../lib/gcc/arm-none-eabi/4.6.2/../../../../arm-none-eabi/lib/armv7-m\libc.a(lib_a-memmove.o)
 .ARM.attributes
                0x000007db       0x2d c:/nxp/lpcxpresso_6.1.4_194/lpcxpresso/tools/bin/../lib/gcc/arm-none-eabi/4.6.2/../../../../arm-none-eabi/lib/armv7-m\libc.a(lib_a-reallocr.o)
 .ARM.attributes
                0x00000808       0x2d c:/nxp/lpcxpresso_6.1.4_194/lpcxpresso/tools/bin/../lib/gcc/arm-none-eabi/4.6.2/../../../../arm-none-eabi/lib/armv7-m\libc.a(lib_a-reent.o)
 .ARM.attributes
                0x00000835       0x31 c:/nxp/lpcxpresso_6.1.4_194/lpcxpresso/tools/bin/../lib/gcc/arm-none-eabi/4.6.2/../../../../arm-none-eabi/lib/armv7-m\libcr_newlib_semihost.a(_cr_sbrk.o)
 .ARM.attributes
                0x00000866       0x31 c:/nxp/lpcxpresso_6.1.4_194/lpcxpresso/tools/bin/../lib/gcc/arm-none-eabi/4.6.2/../../../../arm-none-eabi/lib/armv7-m\libcr_newlib_semihost.a(_cr_check_heap.o)
 .ARM.attributes
                0x00000897       0x1d c:/nxp/lpcxpresso_6.1.4_194/lpcxpresso/tools/bin/../lib/gcc/arm-none-eabi/4.6.2/armv7-m\libgcc.a(_arm_addsubdf3.o)
 .ARM.attributes
                0x000008b4       0x1d c:/nxp/lpcxpresso_6.1.4_194/lpcxpresso/tools/bin/../lib/gcc/arm-none-eabi/4.6.2/armv7-m\libgcc.a(_arm_muldivdf3.o)
 .ARM.attributes
                0x000008d1       0x1d c:/nxp/lpcxpresso_6.1.4_194/lpcxpresso/tools/bin/../lib/gcc/arm-none-eabi/4.6.2/armv7-m\libgcc.a(_arm_cmpdf2.o)
 .ARM.attributes
                0x000008ee       0x1d c:/nxp/lpcxpresso_6.1.4_194/lpcxpresso/tools/bin/../lib/gcc/arm-none-eabi/4.6.2/armv7-m\libgcc.a(_arm_fixdfsi.o)
 .ARM.attributes
                0x0000090b       0x2d c:/nxp/lpcxpresso_6.1.4_194/lpcxpresso/tools/bin/../lib/gcc/arm-none-eabi/4.6.2/../../../../arm-none-eabi/lib/armv7-m\libc.a(lib_a-errno.o)

.debug_frame    0x00000000     0x2000
 .debug_frame   0x00000000      0x120 ./src/cr_startup_lpc17.o
 .debug_frame   0x00000120      0x268 ./src/main.o
 .debug_frame   0x00000388       0x48 C:\Users\Kelvin\Documents\GitHub\ee2024\Lib_CMSISv1p30_LPC17xx\Debug\libCMSISv1p30_LPC17xx.a(system_LPC17xx.o)
 .debug_frame   0x000003d0      0x12c C:\Users\Kelvin\Documents\GitHub\ee2024\Lib_EaBaseBoard\Debug\libLib_EaBaseBoard.a(acc.o)
 .debug_frame   0x000004fc       0x4c C:\Users\Kelvin\Documents\GitHub\ee2024\Lib_EaBaseBoard\Debug\libLib_EaBaseBoard.a(joystick.o)
 .debug_frame   0x00000548       0x4c C:\Users\Kelvin\Documents\GitHub\ee2024\Lib_EaBaseBoard\Debug\libLib_EaBaseBoard.a(led7seg.o)
 .debug_frame   0x00000594      0x208 C:\Users\Kelvin\Documents\GitHub\ee2024\Lib_EaBaseBoard\Debug\libLib_EaBaseBoard.a(light.o)
 .debug_frame   0x0000079c      0x1ec C:\Users\Kelvin\Documents\GitHub\ee2024\Lib_EaBaseBoard\Debug\libLib_EaBaseBoard.a(oled.o)
 .debug_frame   0x00000988      0x1a8 C:\Users\Kelvin\Documents\GitHub\ee2024\Lib_EaBaseBoard\Debug\libLib_EaBaseBoard.a(pca9532.o)
 .debug_frame   0x00000b30       0x4c C:\Users\Kelvin\Documents\GitHub\ee2024\Lib_EaBaseBoard\Debug\libLib_EaBaseBoard.a(rgb.o)
 .debug_frame   0x00000b7c       0x50 C:\Users\Kelvin\Documents\GitHub\ee2024\Lib_EaBaseBoard\Debug\libLib_EaBaseBoard.a(temp.o)
 .debug_frame   0x00000bcc      0x2c4 C:\Users\Kelvin\Documents\GitHub\ee2024\Lib_MCU\Debug\libLib_MCU.a(lpc17xx_gpio.o)
 .debug_frame   0x00000e90      0x2c8 C:\Users\Kelvin\Documents\GitHub\ee2024\Lib_MCU\Debug\libLib_MCU.a(lpc17xx_i2c.o)
 .debug_frame   0x00001158       0xbc C:\Users\Kelvin\Documents\GitHub\ee2024\Lib_MCU\Debug\libLib_MCU.a(lpc17xx_pinsel.o)
 .debug_frame   0x00001214      0x280 C:\Users\Kelvin\Documents\GitHub\ee2024\Lib_MCU\Debug\libLib_MCU.a(lpc17xx_ssp.o)
 .debug_frame   0x00001494      0x228 C:\Users\Kelvin\Documents\GitHub\ee2024\Lib_MCU\Debug\libLib_MCU.a(lpc17xx_timer.o)
 .debug_frame   0x000016bc      0x10c C:\Users\Kelvin\Documents\GitHub\ee2024\Lib_MCU\Debug\libLib_MCU.a(lpc17xx_clkpwr.o)
 .debug_frame   0x000017c8       0x50 c:/nxp/lpcxpresso_6.1.4_194/lpcxpresso/tools/bin/../lib/gcc/arm-none-eabi/4.6.2/armv7-m\libgcc.a(bpabi.o)
 .debug_frame   0x00001818       0x34 c:/nxp/lpcxpresso_6.1.4_194/lpcxpresso/tools/bin/../lib/gcc/arm-none-eabi/4.6.2/armv7-m\libgcc.a(_divdi3.o)
 .debug_frame   0x0000184c       0x34 c:/nxp/lpcxpresso_6.1.4_194/lpcxpresso/tools/bin/../lib/gcc/arm-none-eabi/4.6.2/armv7-m\libgcc.a(_udivdi3.o)
 .debug_frame   0x00001880       0x2c c:/nxp/lpcxpresso_6.1.4_194/lpcxpresso/tools/bin/../lib/gcc/arm-none-eabi/4.6.2/../../../../arm-none-eabi/lib/armv7-m\libc.a(lib_a-memset.o)
 .debug_frame   0x000018ac       0x64 c:/nxp/lpcxpresso_6.1.4_194/lpcxpresso/tools/bin/../lib/gcc/arm-none-eabi/4.6.2/../../../../arm-none-eabi/lib/armv7-m\libc.a(lib_a-sprintf.o)
 .debug_frame   0x00001910       0x20 c:/nxp/lpcxpresso_6.1.4_194/lpcxpresso/tools/bin/../lib/gcc/arm-none-eabi/4.6.2/../../../../arm-none-eabi/lib/armv7-m\libc.a(lib_a-strcpy.o)
 .debug_frame   0x00001930       0x3c c:/nxp/lpcxpresso_6.1.4_194/lpcxpresso/tools/bin/../lib/gcc/arm-none-eabi/4.6.2/../../../../arm-none-eabi/lib/armv7-m\libc.a(lib_a-svfprintf.o)
 .debug_frame   0x0000196c       0x64 c:/nxp/lpcxpresso_6.1.4_194/lpcxpresso/tools/bin/../lib/gcc/arm-none-eabi/4.6.2/../../../../arm-none-eabi/lib/armv7-m\libc.a(lib_a-dtoa.o)
 .debug_frame   0x000019d0       0x98 c:/nxp/lpcxpresso_6.1.4_194/lpcxpresso/tools/bin/../lib/gcc/arm-none-eabi/4.6.2/../../../../arm-none-eabi/lib/armv7-m\libc.a(lib_a-locale.o)
 .debug_frame   0x00001a68       0x38 c:/nxp/lpcxpresso_6.1.4_194/lpcxpresso/tools/bin/../lib/gcc/arm-none-eabi/4.6.2/../../../../arm-none-eabi/lib/armv7-m\libc.a(lib_a-mallocr.o)
 .debug_frame   0x00001aa0       0x2c c:/nxp/lpcxpresso_6.1.4_194/lpcxpresso/tools/bin/../lib/gcc/arm-none-eabi/4.6.2/../../../../arm-none-eabi/lib/armv7-m\libc.a(lib_a-memchr.o)
 .debug_frame   0x00001acc       0x2c c:/nxp/lpcxpresso_6.1.4_194/lpcxpresso/tools/bin/../lib/gcc/arm-none-eabi/4.6.2/../../../../arm-none-eabi/lib/armv7-m\libc.a(lib_a-memcpy.o)
 .debug_frame   0x00001af8       0x30 c:/nxp/lpcxpresso_6.1.4_194/lpcxpresso/tools/bin/../lib/gcc/arm-none-eabi/4.6.2/../../../../arm-none-eabi/lib/armv7-m\libc.a(lib_a-mlock.o)
 .debug_frame   0x00001b28      0x228 c:/nxp/lpcxpresso_6.1.4_194/lpcxpresso/tools/bin/../lib/gcc/arm-none-eabi/4.6.2/../../../../arm-none-eabi/lib/armv7-m\libc.a(lib_a-mprec.o)
 .debug_frame   0x00001d50       0x20 c:/nxp/lpcxpresso_6.1.4_194/lpcxpresso/tools/bin/../lib/gcc/arm-none-eabi/4.6.2/../../../../arm-none-eabi/lib/armv7-m\libc.a(lib_a-s_fpclassify.o)
 .debug_frame   0x00001d70       0x2c c:/nxp/lpcxpresso_6.1.4_194/lpcxpresso/tools/bin/../lib/gcc/arm-none-eabi/4.6.2/../../../../arm-none-eabi/lib/armv7-m\libc.a(lib_a-sbrkr.o)
 .debug_frame   0x00001d9c       0x30 c:/nxp/lpcxpresso_6.1.4_194/lpcxpresso/tools/bin/../lib/gcc/arm-none-eabi/4.6.2/../../../../arm-none-eabi/lib/armv7-m\libc.a(lib_a-strcmp.o)
 .debug_frame   0x00001dcc       0x20 c:/nxp/lpcxpresso_6.1.4_194/lpcxpresso/tools/bin/../lib/gcc/arm-none-eabi/4.6.2/../../../../arm-none-eabi/lib/armv7-m\libc.a(lib_a-strlen.o)
 .debug_frame   0x00001dec       0x64 c:/nxp/lpcxpresso_6.1.4_194/lpcxpresso/tools/bin/../lib/gcc/arm-none-eabi/4.6.2/../../../../arm-none-eabi/lib/armv7-m\libc.a(lib_a-svfiprintf.o)
 .debug_frame   0x00001e50       0x28 c:/nxp/lpcxpresso_6.1.4_194/lpcxpresso/tools/bin/../lib/gcc/arm-none-eabi/4.6.2/../../../../arm-none-eabi/lib/armv7-m\libc.a(lib_a-callocr.o)
 .debug_frame   0x00001e78       0x50 c:/nxp/lpcxpresso_6.1.4_194/lpcxpresso/tools/bin/../lib/gcc/arm-none-eabi/4.6.2/../../../../arm-none-eabi/lib/armv7-m\libc.a(lib_a-freer.o)
 .debug_frame   0x00001ec8       0x2c c:/nxp/lpcxpresso_6.1.4_194/lpcxpresso/tools/bin/../lib/gcc/arm-none-eabi/4.6.2/../../../../arm-none-eabi/lib/armv7-m\libc.a(lib_a-memmove.o)
 .debug_frame   0x00001ef4       0x38 c:/nxp/lpcxpresso_6.1.4_194/lpcxpresso/tools/bin/../lib/gcc/arm-none-eabi/4.6.2/../../../../arm-none-eabi/lib/armv7-m\libc.a(lib_a-reallocr.o)
 .debug_frame   0x00001f2c       0x68 c:/nxp/lpcxpresso_6.1.4_194/lpcxpresso/tools/bin/../lib/gcc/arm-none-eabi/4.6.2/../../../../arm-none-eabi/lib/armv7-m\libc.a(lib_a-reent.o)
 .debug_frame   0x00001f94       0x2c c:/nxp/lpcxpresso_6.1.4_194/lpcxpresso/tools/bin/../lib/gcc/arm-none-eabi/4.6.2/../../../../arm-none-eabi/lib/armv7-m\libcr_newlib_semihost.a(_cr_sbrk.o)
 .debug_frame   0x00001fc0       0x20 c:/nxp/lpcxpresso_6.1.4_194/lpcxpresso/tools/bin/../lib/gcc/arm-none-eabi/4.6.2/../../../../arm-none-eabi/lib/armv7-m\libcr_newlib_semihost.a(_cr_check_heap.o)
 .debug_frame   0x00001fe0       0x20 c:/nxp/lpcxpresso_6.1.4_194/lpcxpresso/tools/bin/../lib/gcc/arm-none-eabi/4.6.2/../../../../arm-none-eabi/lib/armv7-m\libc.a(lib_a-errno.o)

.debug_pubnames
                0x00000000       0x68
 .debug_pubnames
                0x00000000       0x2e c:/nxp/lpcxpresso_6.1.4_194/lpcxpresso/tools/bin/../lib/gcc/arm-none-eabi/4.6.2/../../../../arm-none-eabi/lib/armv7-m\libcr_newlib_semihost.a(_cr_sbrk.o)
 .debug_pubnames
                0x0000002e       0x3a c:/nxp/lpcxpresso_6.1.4_194/lpcxpresso/tools/bin/../lib/gcc/arm-none-eabi/4.6.2/../../../../arm-none-eabi/lib/armv7-m\libcr_newlib_semihost.a(_cr_check_heap.o)

.debug_pubtypes
                0x00000000       0x1d
 .debug_pubtypes
                0x00000000       0x1d c:/nxp/lpcxpresso_6.1.4_194/lpcxpresso/tools/bin/../lib/gcc/arm-none-eabi/4.6.2/../../../../arm-none-eabi/lib/armv7-m\libcr_newlib_semihost.a(_cr_sbrk.o)
