Archive member included because of file (symbol)

C:\Users\Kelvin\Documents\GitHub\ee2024\Lib_EaBaseBoard\Debug\libLib_EaBaseBoard.a(acc.o)
                              ./src/main.o (acc_init)
C:\Users\Kelvin\Documents\GitHub\ee2024\Lib_EaBaseBoard\Debug\libLib_EaBaseBoard.a(led7seg.o)
                              ./src/main.o (led7seg_init)
C:\Users\Kelvin\Documents\GitHub\ee2024\Lib_EaBaseBoard\Debug\libLib_EaBaseBoard.a(light.o)
                              ./src/main.o (light_init)
C:\Users\Kelvin\Documents\GitHub\ee2024\Lib_EaBaseBoard\Debug\libLib_EaBaseBoard.a(oled.o)
                              ./src/main.o (oled_init)
C:\Users\Kelvin\Documents\GitHub\ee2024\Lib_EaBaseBoard\Debug\libLib_EaBaseBoard.a(pca9532.o)
                              ./src/main.o (pca9532_init)
C:\Users\Kelvin\Documents\GitHub\ee2024\Lib_EaBaseBoard\Debug\libLib_EaBaseBoard.a(rgb.o)
                              ./src/main.o (rgb_init)
C:\Users\Kelvin\Documents\GitHub\ee2024\Lib_EaBaseBoard\Debug\libLib_EaBaseBoard.a(temp.o)
                              ./src/main.o (temp_init)
C:\Users\Kelvin\Documents\GitHub\ee2024\Lib_EaBaseBoard\Debug\libLib_EaBaseBoard.a(font5x7.o)
                              C:\Users\Kelvin\Documents\GitHub\ee2024\Lib_EaBaseBoard\Debug\libLib_EaBaseBoard.a(oled.o) (font5x7)
C:\Users\Kelvin\Documents\GitHub\ee2024\Lib_MCU\Debug\libLib_MCU.a(lpc17xx_gpio.o)
                              ./src/main.o (GPIO_SetDir)
C:\Users\Kelvin\Documents\GitHub\ee2024\Lib_MCU\Debug\libLib_MCU.a(lpc17xx_i2c.o)
                              ./src/main.o (I2C_Init)
C:\Users\Kelvin\Documents\GitHub\ee2024\Lib_MCU\Debug\libLib_MCU.a(lpc17xx_pinsel.o)
                              ./src/main.o (PINSEL_ConfigPin)
C:\Users\Kelvin\Documents\GitHub\ee2024\Lib_MCU\Debug\libLib_MCU.a(lpc17xx_ssp.o)
                              ./src/main.o (SSP_Init)
C:\Users\Kelvin\Documents\GitHub\ee2024\Lib_MCU\Debug\libLib_MCU.a(lpc17xx_timer.o)
                              ./src/main.o (TIM_ClearIntPending)
C:\Users\Kelvin\Documents\GitHub\ee2024\Lib_MCU\Debug\libLib_MCU.a(lpc17xx_uart.o)
                              ./src/main.o (UART_TxCmd)
C:\Users\Kelvin\Documents\GitHub\ee2024\Lib_MCU\Debug\libLib_MCU.a(lpc17xx_clkpwr.o)
                              C:\Users\Kelvin\Documents\GitHub\ee2024\Lib_MCU\Debug\libLib_MCU.a(lpc17xx_i2c.o) (CLKPWR_SetPCLKDiv)
C:\Users\Kelvin\Documents\GitHub\ee2024\Lib_CMSISv1p30_LPC17xx\Debug\libCMSISv1p30_LPC17xx.a(core_cm3.o)
                              ./src/main.o (__set_BASEPRI)
C:\Users\Kelvin\Documents\GitHub\ee2024\Lib_CMSISv1p30_LPC17xx\Debug\libCMSISv1p30_LPC17xx.a(system_LPC17xx.o)
                              ./src/main.o (SystemCoreClock)
c:/nxp/lpcxpresso_6.1.4_194/lpcxpresso/tools/bin/../lib/gcc/arm-none-eabi/4.6.2/armv7-m\libgcc.a(_arm_addsubdf3.o)
                              ./src/main.o (__aeabi_i2d)
c:/nxp/lpcxpresso_6.1.4_194/lpcxpresso/tools/bin/../lib/gcc/arm-none-eabi/4.6.2/armv7-m\libgcc.a(_arm_muldivdf3.o)
                              ./src/main.o (__aeabi_ddiv)
c:/nxp/lpcxpresso_6.1.4_194/lpcxpresso/tools/bin/../lib/gcc/arm-none-eabi/4.6.2/armv7-m\libgcc.a(_aeabi_uldivmod.o)
                              C:\Users\Kelvin\Documents\GitHub\ee2024\Lib_MCU\Debug\libLib_MCU.a(lpc17xx_timer.o) (__aeabi_uldivmod)
c:/nxp/lpcxpresso_6.1.4_194/lpcxpresso/tools/bin/../lib/gcc/arm-none-eabi/4.6.2/armv7-m\libgcc.a(bpabi.o)
                              c:/nxp/lpcxpresso_6.1.4_194/lpcxpresso/tools/bin/../lib/gcc/arm-none-eabi/4.6.2/armv7-m\libgcc.a(_aeabi_uldivmod.o) (__gnu_uldivmod_helper)
c:/nxp/lpcxpresso_6.1.4_194/lpcxpresso/tools/bin/../lib/gcc/arm-none-eabi/4.6.2/armv7-m\libgcc.a(_dvmd_tls.o)
                              c:/nxp/lpcxpresso_6.1.4_194/lpcxpresso/tools/bin/../lib/gcc/arm-none-eabi/4.6.2/armv7-m\libgcc.a(_aeabi_uldivmod.o) (__aeabi_ldiv0)
c:/nxp/lpcxpresso_6.1.4_194/lpcxpresso/tools/bin/../lib/gcc/arm-none-eabi/4.6.2/armv7-m\libgcc.a(_divdi3.o)
                              c:/nxp/lpcxpresso_6.1.4_194/lpcxpresso/tools/bin/../lib/gcc/arm-none-eabi/4.6.2/armv7-m\libgcc.a(bpabi.o) (__divdi3)
c:/nxp/lpcxpresso_6.1.4_194/lpcxpresso/tools/bin/../lib/gcc/arm-none-eabi/4.6.2/armv7-m\libgcc.a(_udivdi3.o)
                              c:/nxp/lpcxpresso_6.1.4_194/lpcxpresso/tools/bin/../lib/gcc/arm-none-eabi/4.6.2/armv7-m\libgcc.a(bpabi.o) (__udivdi3)
c:/nxp/lpcxpresso_6.1.4_194/lpcxpresso/tools/bin/../lib/gcc/arm-none-eabi/4.6.2/../../../../arm-none-eabi/lib/armv7-m\libc.a(lib_a-memset.o)
                              C:\Users\Kelvin\Documents\GitHub\ee2024\Lib_EaBaseBoard\Debug\libLib_EaBaseBoard.a(oled.o) (memset)
c:/nxp/lpcxpresso_6.1.4_194/lpcxpresso/tools/bin/../lib/gcc/arm-none-eabi/4.6.2/../../../../arm-none-eabi/lib/armv7-m\libc.a(lib_a-sprintf.o)
                              ./src/main.o (sprintf)
c:/nxp/lpcxpresso_6.1.4_194/lpcxpresso/tools/bin/../lib/gcc/arm-none-eabi/4.6.2/../../../../arm-none-eabi/lib/armv7-m\libc.a(lib_a-strcpy.o)
[...]
Memory Configuration

Name             Origin             Length             Attributes
MFlash512        0x00000000         0x00080000         xr
RamLoc32         0x10000000         0x00008000         xrw
RamAHB32         0x2007c000         0x00008000         xrw
*default*        0x00000000         0xffffffff

Linker script and memory map

LOAD ./src/cr_startup_lpc17.o
LOAD ./src/main.o
LOAD C:\Users\Kelvin\Documents\GitHub\ee2024\Lib_EaBaseBoard\Debug\libLib_EaBaseBoard.a
LOAD C:\Users\Kelvin\Documents\GitHub\ee2024\Lib_MCU\Debug\libLib_MCU.a
LOAD C:\Users\Kelvin\Documents\GitHub\ee2024\Lib_CMSISv1p30_LPC17xx\Debug\libCMSISv1p30_LPC17xx.a
START GROUP
LOAD c:/nxp/lpcxpresso_6.1.4_194/lpcxpresso/tools/bin/../lib/gcc/arm-none-eabi/4.6.2/armv7-m\libgcc.a
LOAD c:/nxp/lpcxpresso_6.1.4_194/lpcxpresso/tools/bin/../lib/gcc/arm-none-eabi/4.6.2/../../../../arm-none-eabi/lib/armv7-m\libc.a
LOAD c:/nxp/lpcxpresso_6.1.4_194/lpcxpresso/tools/bin/../lib/gcc/arm-none-eabi/4.6.2/../../../../arm-none-eabi/lib/armv7-m\libm.a
LOAD c:/nxp/lpcxpresso_6.1.4_194/lpcxpresso/tools/bin/../lib/gcc/arm-none-eabi/4.6.2/../../../../arm-none-eabi/lib/armv7-m\libcr_newlib_semihost.a
END GROUP
                0x00080000                __top_MFlash512 = 0x80000
                0x10008000                __top_RamLoc32 = 0x10008000
                0x20084000                __top_RamAHB32 = 0x20084000

.text           0x00000000     0xaefc
 FILL mask 0xff
                0x00000000                __vectors_start__ = ABSOLUTE (.)
 *(.isr_vector)
 .isr_vector    0x00000000       0xcc ./src/cr_startup_lpc17.o
                0x00000000                g_pfnVectors
                0x000000cc                . = ALIGN (0x4)
                0x000000cc                __section_table_start = .
                0x000000cc                __data_section_table = .
                0x000000cc        0x4 LONG 0xaf04 LOADADDR (.data)
                0x000000d0        0x4 LONG 0x10000000 ADDR (.data)
                0x000000d4        0x4 LONG 0x8e4 SIZEOF (.data)
                0x000000d8        0x4 LONG 0xaf04 LOADADDR (.data_RAM2)
                0x000000dc        0x4 LONG 0x2007c000 ADDR (.data_RAM2)
                0x000000e0        0x4 LONG 0x0 SIZEOF (.data_RAM2)
                0x000000e4                __data_section_table_end = .
                0x000000e4                __bss_section_table = .
                0x000000e4        0x4 LONG 0x100008e4 ADDR (.bss)
                0x000000e8        0x4 LONG 0x3c4 SIZEOF (.bss)
                0x000000ec        0x4 LONG 0x2007c000 ADDR (.bss_RAM2)
                0x000000f0        0x4 LONG 0x0 SIZEOF (.bss_RAM2)
                0x000000f4                __bss_section_table_end = .
                0x000000f4                __section_table_end = .
 *(.after_vectors*)
 *(.text*)
 .text.ResetISR
                0x000000f4       0x68 ./src/cr_startup_lpc17.o
                0x000000f4                ResetISR
 .text.NMI_Handler
                0x0000015c        0x8 ./src/cr_startup_lpc17.o
                0x0000015c                NMI_Handler
 .text.HardFault_Handler
                0x00000164        0x8 ./src/cr_startup_lpc17.o
                0x00000164                HardFault_Handler
 .text.MemManage_Handler
                0x0000016c        0x8 ./src/cr_startup_lpc17.o
                0x0000016c                MemManage_Handler
 .text.BusFault_Handler
                0x00000174        0x8 ./src/cr_startup_lpc17.o
                0x00000174                BusFault_Handler
 .text.UsageFault_Handler
                0x0000017c        0x8 ./src/cr_startup_lpc17.o
                0x0000017c                UsageFault_Handler
 .text.SVCall_Handler
                0x00000184        0x8 ./src/cr_startup_lpc17.o
                0x00000184                SVCall_Handler
 .text.DebugMon_Handler
                0x0000018c        0x8 ./src/cr_startup_lpc17.o
                0x0000018c                DebugMon_Handler
 .text.PendSV_Handler
                0x00000194        0x8 ./src/cr_startup_lpc17.o
                0x00000194                PendSV_Handler
 .text.IntDefaultHandler
                0x0000019c        0x8 ./src/cr_startup_lpc17.o
                0x0000019c                TIMER2_IRQHandler
                0x0000019c                RIT_IRQHandler
                0x0000019c                I2C0_IRQHandler
                0x0000019c                USBActivity_IRQHandler
                0x0000019c                PWM1_IRQHandler
                0x0000019c                I2C1_IRQHandler
                0x0000019c                EINT2_IRQHandler
                0x0000019c                UART1_IRQHandler
                0x0000019c                CANActivity_IRQHandler
                0x0000019c                UART0_IRQHandler
                0x0000019c                IntDefaultHandler
                0x0000019c                PLL0_IRQHandler
                0x0000019c                CAN_IRQHandler
                0x0000019c                PLL1_IRQHandler
                0x0000019c                SSP0_IRQHandler
                0x0000019c                I2S_IRQHandler
                0x0000019c                I2C2_IRQHandler
                0x0000019c                RTC_IRQHandler
                0x0000019c                TIMER0_IRQHandler
                0x0000019c                SPI_IRQHandler
                0x0000019c                EINT1_IRQHandler
                0x0000019c                TIMER1_IRQHandler
                0x0000019c                UART2_IRQHandler
                0x0000019c                ADC_IRQHandler
                0x0000019c                SSP1_IRQHandler
                0x0000019c                USB_IRQHandler
                0x0000019c                BOD_IRQHandler
                0x0000019c                WDT_IRQHandler
                0x0000019c                QEI_IRQHandler
                0x0000019c                DMA_IRQHandler
                0x0000019c                MCPWM_IRQHandler
                0x0000019c                ENET_IRQHandler
 .text.NVIC_SetPriorityGrouping
                0x000001a4       0x50 ./src/main.o
 .text.NVIC_EnableIRQ
                0x000001f4       0x38 ./src/main.o
 .text.NVIC_DisableIRQ
                0x0000022c       0x3c ./src/main.o
 .text.NVIC_SetPriority
                0x00000268       0x5c ./src/main.o
 .text.NVIC_EncodePriority
                0x000002c4       0x78 ./src/main.o
 .text.SysTick_Config
                0x0000033c       0x64 ./src/main.o
 .text.enterAtomic
                0x000003a0       0x10 ./src/main.o
                0x000003a0                enterAtomic
 .text.exitAtomic
                0x000003b0       0x10 ./src/main.o
                0x000003b0                exitAtomic
 .text.getUsTicks
                0x000003c0       0x18 ./src/main.o
                0x000003c0                getUsTicks
 .text.getMsTicks
                0x000003d8       0x28 ./src/main.o
                0x000003d8                getMsTicks
 .text.i2c_setup
                0x00000400       0x5c ./src/main.o
 .text.acc_setup
                0x0000045c       0x74 ./src/main.o
                0x0000045c                acc_setup
 .text.light_setup
                0x000004d0       0x98 ./src/main.o
                0x000004d0                light_setup
 .text.pca9532_setup
                0x00000568       0x18 ./src/main.o
                0x00000568                pca9532_setup
 .text.ssp_setup
                0x00000580       0x98 ./src/main.o
 .text.led7seg_setup
                0x00000618       0x18 ./src/main.o
                0x00000618                led7seg_setup
 .text.oled_setup
                0x00000630       0x14 ./src/main.o
                0x00000630                oled_setup
 .text.rgb_setup
                0x00000644       0x14 ./src/main.o
                0x00000644                rgb_setup
 .text.sw3_setup
                0x00000658       0x7c ./src/main.o
 .text.temp_setup
                0x000006d4       0x44 ./src/main.o
                0x000006d4                temp_setup
 .text.systick_setup
                0x00000718       0x28 ./src/main.o
                0x00000718                systick_setup
 .text.timer_init
                0x00000740       0x68 ./src/main.o
                0x00000740                timer_init
 .text.timers_setup
                0x000007a8       0x20 ./src/main.o
                0x000007a8                timers_setup
 .text.uart_setup
                0x000007c8       0xa8 ./src/main.o
                0x000007c8                uart_setup
 .text.nvic_setup
                0x00000870       0xc0 ./src/main.o
                0x00000870                nvic_setup
 .text.init     0x00000930       0x40 ./src/main.o
                0x00000930                init
 .text.tickTime
                0x00000970       0x68 ./src/main.o
                0x00000970                tickTime
 .text.readAccelerometer
                0x000009d8       0x9c ./src/main.o
                0x000009d8                readAccelerometer
 .text.readLight
                0x00000a74       0x18 ./src/main.o
                0x00000a74                readLight
 .text.readTemp
                0x00000a8c        0xc ./src/main.o
                0x00000a8c                readTemp
 .text.basicRead
                0x00000a98       0x14 ./src/main.o
                0x00000a98                basicRead
 .text.restrictedRead
                0x00000aac        0xc ./src/main.o
                0x00000aac                restrictedRead
 .text.readSensors
                0x00000ab8       0x50 ./src/main.o
                0x00000ab8                readSensors
 .text.basicPrint
                0x00000b08      0x22c ./src/main.o
                0x00000b08                basicPrint
 .text.restrictedPrint
                0x00000d34      0x130 ./src/main.o
                0x00000d34                restrictedPrint
 .text.sendStartMessage
                0x00000e64       0x34 ./src/main.o
                0x00000e64                sendStartMessage
 .text.sendStopMessage
                0x00000e98       0x34 ./src/main.o
                0x00000e98                sendStopMessage
 .text.printResults
                0x00000ecc       0x74 ./src/main.o
                0x00000ecc                printResults
 .text.switchToBasic
                0x00000f40       0x40 ./src/main.o
                0x00000f40                switchToBasic
 .text.switchToRestricted
                0x00000f80       0x50 ./src/main.o
                0x00000f80                switchToRestricted
 .text.basicUpdate
                0x00000fd0       0x24 ./src/main.o
                0x00000fd0                basicUpdate
 .text.restrictedUpdate
                0x00000ff4       0xe8 ./src/main.o
                0x00000ff4                restrictedUpdate
 .text.updateMode
                0x000010dc       0x2c ./src/main.o
                0x000010dc                updateMode
 .text.getElapsedTimeMs
                0x00001108       0x38 ./src/main.o
                0x00001108                getElapsedTimeMs
 .text.getElapsedTimeUs
                0x00001140       0x38 ./src/main.o
                0x00001140                getElapsedTimeUs
 .text.hasElapsed
                0x00001178       0x40 ./src/main.o
                0x00001178                hasElapsed
 .text.tickTimeLoop
                0x000011b8       0x20 ./src/main.o
                0x000011b8                tickTimeLoop
 .text.readPrintLoop
                0x000011d8       0x48 ./src/main.o
                0x000011d8                readPrintLoop
 .text.loop     0x00001220       0x10 ./src/main.o
                0x00001220                loop
 .text.oled_drawStar
                0x00001230      0x118 ./src/main.o
                0x00001230                oled_drawStar
 .text.oled_drawRipple
                0x00001348       0x54 ./src/main.o
                0x00001348                oled_drawRipple
 .text.startupAnimation
                0x0000139c       0xc8 ./src/main.o
                0x0000139c                startupAnimation
 .text.main     0x00001464       0x18 ./src/main.o
                0x00001464                main
 .text.TIMER3_IRQHandler
                0x0000147c       0x1c ./src/main.o
                0x0000147c                TIMER3_IRQHandler
 .text.EINT0_IRQHandler
                0x00001498       0x68 ./src/main.o
                0x00001498                EINT0_IRQHandler
 .text.EINT3_IRQHandler
                0x00001500      0x118 ./src/main.o
                0x00001500                EINT3_IRQHandler
 .text.UART3_IRQHandler
                0x00001618      0x1ac ./src/main.o
                0x00001618                UART3_IRQHandler
 .text.SysTick_Handler
                0x000017c4       0x24 ./src/main.o
                0x000017c4                SysTick_Handler
 .text.check_failed
                0x000017e8        0xc ./src/main.o
                0x000017e8                check_failed
 .text.I2CRead  0x000017f4       0x5c C:\Users\Kelvin\Documents\GitHub\ee2024\Lib_EaBaseBoard\Debug\libLib_EaBaseBoard.a(acc.o)
 .text.I2CWrite
                0x00001850       0x5c C:\Users\Kelvin\Documents\GitHub\ee2024\Lib_EaBaseBoard\Debug\libLib_EaBaseBoard.a(acc.o)
 .text.getStatus
                0x000018ac       0x3c C:\Users\Kelvin\Documents\GitHub\ee2024\Lib_EaBaseBoard\Debug\libLib_EaBaseBoard.a(acc.o)
 .text.setModeControl
                0x000018e8       0x30 C:\Users\Kelvin\Documents\GitHub\ee2024\Lib_EaBaseBoard\Debug\libLib_EaBaseBoard.a(acc.o)
 .text.acc_init
                0x00001918       0x10 C:\Users\Kelvin\Documents\GitHub\ee2024\Lib_EaBaseBoard\Debug\libLib_EaBaseBoard.a(acc.o)
                0x00001918                acc_init
 .text.acc_read
                0x00001928       0xbc C:\Users\Kelvin\Documents\GitHub\ee2024\Lib_EaBaseBoard\Debug\libLib_EaBaseBoard.a(acc.o)
                0x00001928                acc_read
 .text.remap    0x000019e4       0x6c C:\Users\Kelvin\Documents\GitHub\ee2024\Lib_EaBaseBoard\Debug\libLib_EaBaseBoard.a(led7seg.o)
 .text.led7seg_init
                0x00001a50       0x24 C:\Users\Kelvin\Documents\GitHub\ee2024\Lib_EaBaseBoard\Debug\libLib_EaBaseBoard.a(led7seg.o)
                0x00001a50                led7seg_init
 .text.led7seg_setChar
                0x00001a74       0x90 C:\Users\Kelvin\Documents\GitHub\ee2024\Lib_EaBaseBoard\Debug\libLib_EaBaseBoard.a(led7seg.o)
                0x00001a74                led7seg_setChar
 .text.I2CRead  0x00001b04       0x5c C:\Users\Kelvin\Documents\GitHub\ee2024\Lib_EaBaseBoard\Debug\libLib_EaBaseBoard.a(light.o)
 .text.I2CWrite
                0x00001b60       0x5c C:\Users\Kelvin\Documents\GitHub\ee2024\Lib_EaBaseBoard\Debug\libLib_EaBaseBoard.a(light.o)
 .text.readCommandReg
                0x00001bbc       0x3c C:\Users\Kelvin\Documents\GitHub\ee2024\Lib_EaBaseBoard\Debug\libLib_EaBaseBoard.a(light.o)
 .text.readControlReg
                0x00001bf8       0x3c C:\Users\Kelvin\Documents\GitHub\ee2024\Lib_EaBaseBoard\Debug\libLib_EaBaseBoard.a(light.o)
 .text.light_init
                0x00001c34        0xc C:\Users\Kelvin\Documents\GitHub\ee2024\Lib_EaBaseBoard\Debug\libLib_EaBaseBoard.a(light.o)
                0x00001c34                light_init
 .text.light_enable
                0x00001c40       0x48 C:\Users\Kelvin\Documents\GitHub\ee2024\Lib_EaBaseBoard\Debug\libLib_EaBaseBoard.a(light.o)
                0x00001c40                light_enable
 .text.light_read
                0x00001c88       0x90 C:\Users\Kelvin\Documents\GitHub\ee2024\Lib_EaBaseBoard\Debug\libLib_EaBaseBoard.a(light.o)
                0x00001c88                light_read
 .text.light_setWidth
                0x00001d18       0xa4 C:\Users\Kelvin\Documents\GitHub\ee2024\Lib_EaBaseBoard\Debug\libLib_EaBaseBoard.a(light.o)
                0x00001d18                light_setWidth
 .text.light_setRange
                0x00001dbc       0xac C:\Users\Kelvin\Documents\GitHub\ee2024\Lib_EaBaseBoard\Debug\libLib_EaBaseBoard.a(light.o)
                0x00001dbc                light_setRange
 .text.light_setHiThreshold
                0x00001e68       0x58 C:\Users\Kelvin\Documents\GitHub\ee2024\Lib_EaBaseBoard\Debug\libLib_EaBaseBoard.a(light.o)
                0x00001e68                light_setHiThreshold
 .text.light_setLoThreshold
                0x00001ec0       0x58 C:\Users\Kelvin\Documents\GitHub\ee2024\Lib_EaBaseBoard\Debug\libLib_EaBaseBoard.a(light.o)
                0x00001ec0                light_setLoThreshold
 .text.light_setIrqInCycles
                0x00001f18       0x48 C:\Users\Kelvin\Documents\GitHub\ee2024\Lib_EaBaseBoard\Debug\libLib_EaBaseBoard.a(light.o)
                0x00001f18                light_setIrqInCycles
 .text.light_clearIrqStatus
                0x00001f60       0x3c C:\Users\Kelvin\Documents\GitHub\ee2024\Lib_EaBaseBoard\Debug\libLib_EaBaseBoard.a(light.o)
                0x00001f60                light_clearIrqStatus
 .text.writeCommand
                0x00001f9c       0x60 C:\Users\Kelvin\Documents\GitHub\ee2024\Lib_EaBaseBoard\Debug\libLib_EaBaseBoard.a(oled.o)
 .text.writeData
                0x00001ffc       0x60 C:\Users\Kelvin\Documents\GitHub\ee2024\Lib_EaBaseBoard\Debug\libLib_EaBaseBoard.a(oled.o)
 .text.writeDataLen
                0x0000205c       0x8c C:\Users\Kelvin\Documents\GitHub\ee2024\Lib_EaBaseBoard\Debug\libLib_EaBaseBoard.a(oled.o)
 .text.runInitSequence
                0x000020e8      0x118 C:\Users\Kelvin\Documents\GitHub\ee2024\Lib_EaBaseBoard\Debug\libLib_EaBaseBoard.a(oled.o)
 .text.hLine    0x00002200       0x4c C:\Users\Kelvin\Documents\GitHub\ee2024\Lib_EaBaseBoard\Debug\libLib_EaBaseBoard.a(oled.o)
 .text.vLine    0x0000224c       0x4c C:\Users\Kelvin\Documents\GitHub\ee2024\Lib_EaBaseBoard\Debug\libLib_EaBaseBoard.a(oled.o)
 .text.oled_init
                0x00002298       0x9c C:\Users\Kelvin\Documents\GitHub\ee2024\Lib_EaBaseBoard\Debug\libLib_EaBaseBoard.a(oled.o)
                0x00002298                oled_init
 .text.oled_putPixel
                0x00002334      0x188 C:\Users\Kelvin\Documents\GitHub\ee2024\Lib_EaBaseBoard\Debug\libLib_EaBaseBoard.a(oled.o)
                0x00002334                oled_putPixel
 .text.oled_line
                0x000024bc      0x1d4 C:\Users\Kelvin\Documents\GitHub\ee2024\Lib_EaBaseBoard\Debug\libLib_EaBaseBoard.a(oled.o)
                0x000024bc                oled_line
 .text.oled_circle
                0x00002690      0x32c C:\Users\Kelvin\Documents\GitHub\ee2024\Lib_EaBaseBoard\Debug\libLib_EaBaseBoard.a(oled.o)
                0x00002690                oled_circle
 .text.oled_clearScreen
                0x000029bc       0x74 C:\Users\Kelvin\Documents\GitHub\ee2024\Lib_EaBaseBoard\Debug\libLib_EaBaseBoard.a(oled.o)
                0x000029bc                oled_clearScreen
 .text.oled_putChar
                0x00002a30       0xf0 C:\Users\Kelvin\Documents\GitHub\ee2024\Lib_EaBaseBoard\Debug\libLib_EaBaseBoard.a(oled.o)
                0x00002a30                oled_putChar
 .text.oled_putString
                0x00002b20       0x54 C:\Users\Kelvin\Documents\GitHub\ee2024\Lib_EaBaseBoard\Debug\libLib_EaBaseBoard.a(oled.o)
                0x00002b20                oled_putString
 .text.I2CWrite
                0x00002b74       0x5c C:\Users\Kelvin\Documents\GitHub\ee2024\Lib_EaBaseBoard\Debug\libLib_EaBaseBoard.a(pca9532.o)
 .text.setLsStates
                0x00002bd0       0xc4 C:\Users\Kelvin\Documents\GitHub\ee2024\Lib_EaBaseBoard\Debug\libLib_EaBaseBoard.a(pca9532.o)
 .text.setLeds  0x00002c94       0xa0 C:\Users\Kelvin\Documents\GitHub\ee2024\Lib_EaBaseBoard\Debug\libLib_EaBaseBoard.a(pca9532.o)
 .text.pca9532_init
                0x00002d34        0xc C:\Users\Kelvin\Documents\GitHub\ee2024\Lib_EaBaseBoard\Debug\libLib_EaBaseBoard.a(pca9532.o)
                0x00002d34                pca9532_init
 .text.pca9532_setLeds
                0x00002d40       0xa0 C:\Users\Kelvin\Documents\GitHub\ee2024\Lib_EaBaseBoard\Debug\libLib_EaBaseBoard.a(pca9532.o)
                0x00002d40                pca9532_setLeds
 .text.rgb_init
                0x00002de0       0x38 C:\Users\Kelvin\Documents\GitHub\ee2024\Lib_EaBaseBoard\Debug\libLib_EaBaseBoard.a(rgb.o)
                0x00002de0                rgb_init
 .text.rgb_setLeds
                0x00002e18       0x80 C:\Users\Kelvin\Documents\GitHub\ee2024\Lib_EaBaseBoard\Debug\libLib_EaBaseBoard.a(rgb.o)
                0x00002e18                rgb_setLeds
 .text.temp_init
                0x00002e98       0x2c C:\Users\Kelvin\Documents\GitHub\ee2024\Lib_EaBaseBoard\Debug\libLib_EaBaseBoard.a(temp.o)
                0x00002e98                temp_init
 .text.GPIO_GetPointer
                0x00002ec4       0x7c C:\Users\Kelvin\Documents\GitHub\ee2024\Lib_MCU\Debug\libLib_MCU.a(lpc17xx_gpio.o)
 .text.GPIO_SetDir
                0x00002f40       0x54 C:\Users\Kelvin\Documents\GitHub\ee2024\Lib_MCU\Debug\libLib_MCU.a(lpc17xx_gpio.o)
                0x00002f40                GPIO_SetDir
 .text.GPIO_SetValue
                0x00002f94       0x2c C:\Users\Kelvin\Documents\GitHub\ee2024\Lib_MCU\Debug\libLib_MCU.a(lpc17xx_gpio.o)
                0x00002f94                GPIO_SetValue
 .text.GPIO_ClearValue
                0x00002fc0       0x2c C:\Users\Kelvin\Documents\GitHub\ee2024\Lib_MCU\Debug\libLib_MCU.a(lpc17xx_gpio.o)
                0x00002fc0                GPIO_ClearValue
 .text.NVIC_EnableIRQ
                0x00002fec       0x38 C:\Users\Kelvin\Documents\GitHub\ee2024\Lib_MCU\Debug\libLib_MCU.a(lpc17xx_i2c.o)
 .text.NVIC_DisableIRQ
                0x00003024       0x3c C:\Users\Kelvin\Documents\GitHub\ee2024\Lib_MCU\Debug\libLib_MCU.a(lpc17xx_i2c.o)
 .text.I2C_getNum
                0x00003060       0x54 C:\Users\Kelvin\Documents\GitHub\ee2024\Lib_MCU\Debug\libLib_MCU.a(lpc17xx_i2c.o)
 .text.I2C_Start
                0x000030b4       0x44 C:\Users\Kelvin\Documents\GitHub\ee2024\Lib_MCU\Debug\libLib_MCU.a(lpc17xx_i2c.o)
 .text.I2C_Stop
                0x000030f8       0x38 C:\Users\Kelvin\Documents\GitHub\ee2024\Lib_MCU\Debug\libLib_MCU.a(lpc17xx_i2c.o)
 .text.I2C_SendByte
                0x00003130       0x50 C:\Users\Kelvin\Documents\GitHub\ee2024\Lib_MCU\Debug\libLib_MCU.a(lpc17xx_i2c.o)
 .text.I2C_GetByte
                0x00003180       0x5c C:\Users\Kelvin\Documents\GitHub\ee2024\Lib_MCU\Debug\libLib_MCU.a(lpc17xx_i2c.o)
 .text.I2C_IntCmd
                0x000031dc       0xa8 C:\Users\Kelvin\Documents\GitHub\ee2024\Lib_MCU\Debug\libLib_MCU.a(lpc17xx_i2c.o)
                0x000031dc                I2C_IntCmd
 .text.I2C_MasterHandler
                0x00003284      0x408 C:\Users\Kelvin\Documents\GitHub\ee2024\Lib_MCU\Debug\libLib_MCU.a(lpc17xx_i2c.o)
                0x00003284                I2C_MasterHandler
 .text.I2C_SetClock
                0x0000368c       0xc8 C:\Users\Kelvin\Documents\GitHub\ee2024\Lib_MCU\Debug\libLib_MCU.a(lpc17xx_i2c.o)
                0x0000368c                I2C_SetClock
 .text.I2C_Init
                0x00003754       0xd8 C:\Users\Kelvin\Documents\GitHub\ee2024\Lib_MCU\Debug\libLib_MCU.a(lpc17xx_i2c.o)
                0x00003754                I2C_Init
 .text.I2C_Cmd  0x0000382c       0x84 C:\Users\Kelvin\Documents\GitHub\ee2024\Lib_MCU\Debug\libLib_MCU.a(lpc17xx_i2c.o)
                0x0000382c                I2C_Cmd
 .text.I2C_MasterTransferData
                0x000038b0      0x390 C:\Users\Kelvin\Documents\GitHub\ee2024\Lib_MCU\Debug\libLib_MCU.a(lpc17xx_i2c.o)
                0x000038b0                I2C_MasterTransferData
 .text.PINSEL_SetPinFunc
                0x00003c40       0x9c C:\Users\Kelvin\Documents\GitHub\ee2024\Lib_MCU\Debug\libLib_MCU.a(lpc17xx_pinsel.o)
                0x00003c40                PINSEL_SetPinFunc
 .text.PINSEL_SetResistorMode
                0x00003cdc       0x9c C:\Users\Kelvin\Documents\GitHub\ee2024\Lib_MCU\Debug\libLib_MCU.a(lpc17xx_pinsel.o)
                0x00003cdc                PINSEL_SetResistorMode
 .text.PINSEL_SetOpenDrainMode
                0x00003d78       0x7c C:\Users\Kelvin\Documents\GitHub\ee2024\Lib_MCU\Debug\libLib_MCU.a(lpc17xx_pinsel.o)
                0x00003d78                PINSEL_SetOpenDrainMode
 .text.PINSEL_ConfigPin
                0x00003df4       0x54 C:\Users\Kelvin\Documents\GitHub\ee2024\Lib_MCU\Debug\libLib_MCU.a(lpc17xx_pinsel.o)
                0x00003df4                PINSEL_ConfigPin
 .text.SSP_getNum
                0x00003e48       0x40 C:\Users\Kelvin\Documents\GitHub\ee2024\Lib_MCU\Debug\libLib_MCU.a(lpc17xx_ssp.o)
 .text.SSP_IntHandler
                0x00003e88      0x338 C:\Users\Kelvin\Documents\GitHub\ee2024\Lib_MCU\Debug\libLib_MCU.a(lpc17xx_ssp.o)
                0x00003e88                SSP_IntHandler
 .text.SSP_SetClock
                0x000041c0       0xf8 C:\Users\Kelvin\Documents\GitHub\ee2024\Lib_MCU\Debug\libLib_MCU.a(lpc17xx_ssp.o)
                0x000041c0                SSP_SetClock
 .text.SSP_Init
                0x000042b8      0x10c C:\Users\Kelvin\Documents\GitHub\ee2024\Lib_MCU\Debug\libLib_MCU.a(lpc17xx_ssp.o)
                0x000042b8                SSP_Init
 .text.SSP_ConfigStructInit
                0x000043c4       0x48 C:\Users\Kelvin\Documents\GitHub\ee2024\Lib_MCU\Debug\libLib_MCU.a(lpc17xx_ssp.o)
                0x000043c4                SSP_ConfigStructInit
 .text.SSP_Cmd  0x0000440c       0x7c C:\Users\Kelvin\Documents\GitHub\ee2024\Lib_MCU\Debug\libLib_MCU.a(lpc17xx_ssp.o)
                0x0000440c                SSP_Cmd
 .text.SSP_SendData
                0x00004488       0x48 C:\Users\Kelvin\Documents\GitHub\ee2024\Lib_MCU\Debug\libLib_MCU.a(lpc17xx_ssp.o)
                0x00004488                SSP_SendData
 .text.SSP_ReceiveData
                0x000044d0       0x44 C:\Users\Kelvin\Documents\GitHub\ee2024\Lib_MCU\Debug\libLib_MCU.a(lpc17xx_ssp.o)
                0x000044d0                SSP_ReceiveData
 .text.SSP_ReadWrite
                0x00004514      0x440 C:\Users\Kelvin\Documents\GitHub\ee2024\Lib_MCU\Debug\libLib_MCU.a(lpc17xx_ssp.o)
                0x00004514                SSP_ReadWrite
 .text.TIM_GetPClock
                0x00004954       0x68 C:\Users\Kelvin\Documents\GitHub\ee2024\Lib_MCU\Debug\libLib_MCU.a(lpc17xx_timer.o)
                0x00004954                TIM_GetPClock
 .text.TIM_ConverUSecToVal
                0x000049bc       0x64 C:\Users\Kelvin\Documents\GitHub\ee2024\Lib_MCU\Debug\libLib_MCU.a(lpc17xx_timer.o)
                0x000049bc                TIM_ConverUSecToVal
 .text.TIM_ConverPtrToTimeNum
                0x00004a20       0x6c C:\Users\Kelvin\Documents\GitHub\ee2024\Lib_MCU\Debug\libLib_MCU.a(lpc17xx_timer.o)
                0x00004a20                TIM_ConverPtrToTimeNum
 .text.TIM_GetIntStatus
                0x00004a8c       0xb4 C:\Users\Kelvin\Documents\GitHub\ee2024\Lib_MCU\Debug\libLib_MCU.a(lpc17xx_timer.o)
                0x00004a8c                TIM_GetIntStatus
 .text.TIM_ClearIntPending
                0x00004b40       0xa0 C:\Users\Kelvin\Documents\GitHub\ee2024\Lib_MCU\Debug\libLib_MCU.a(lpc17xx_timer.o)
                0x00004b40                TIM_ClearIntPending
 .text.TIM_Init
                0x00004be0      0x1bc C:\Users\Kelvin\Documents\GitHub\ee2024\Lib_MCU\Debug\libLib_MCU.a(lpc17xx_timer.o)
                0x00004be0                TIM_Init
 .text.TIM_Cmd  0x00004d9c       0x78 C:\Users\Kelvin\Documents\GitHub\ee2024\Lib_MCU\Debug\libLib_MCU.a(lpc17xx_timer.o)
                0x00004d9c                TIM_Cmd
 .text.TIM_ResetCounter
                0x00004e14       0x6c C:\Users\Kelvin\Documents\GitHub\ee2024\Lib_MCU\Debug\libLib_MCU.a(lpc17xx_timer.o)
                0x00004e14                TIM_ResetCounter
 .text.TIM_ConfigMatch
                0x00004e80      0x19c C:\Users\Kelvin\Documents\GitHub\ee2024\Lib_MCU\Debug\libLib_MCU.a(lpc17xx_timer.o)
                0x00004e80                TIM_ConfigMatch
 .text.Timer0_Wait
                0x0000501c       0x8c C:\Users\Kelvin\Documents\GitHub\ee2024\Lib_MCU\Debug\libLib_MCU.a(lpc17xx_timer.o)
                0x0000501c                Timer0_Wait
 .text.uart_set_divisors
                0x000050a8      0x26c C:\Users\Kelvin\Documents\GitHub\ee2024\Lib_MCU\Debug\libLib_MCU.a(lpc17xx_uart.o)
                0x000050a8                uart_set_divisors
 .text.UART_Init
                0x00005314      0x368 C:\Users\Kelvin\Documents\GitHub\ee2024\Lib_MCU\Debug\libLib_MCU.a(lpc17xx_uart.o)
                0x00005314                UART_Init
 .text.UART_SendData
                0x0000567c       0x78 C:\Users\Kelvin\Documents\GitHub\ee2024\Lib_MCU\Debug\libLib_MCU.a(lpc17xx_uart.o)
                0x0000567c                UART_SendData
 .text.UART_ReceiveData
                0x000056f4       0x78 C:\Users\Kelvin\Documents\GitHub\ee2024\Lib_MCU\Debug\libLib_MCU.a(lpc17xx_uart.o)
                0x000056f4                UART_ReceiveData
 .text.UART_TxCmd
                0x0000576c       0xe8 C:\Users\Kelvin\Documents\GitHub\ee2024\Lib_MCU\Debug\libLib_MCU.a(lpc17xx_uart.o)
                0x0000576c                UART_TxCmd
 .text.UART_Send
                0x00005854      0x10c C:\Users\Kelvin\Documents\GitHub\ee2024\Lib_MCU\Debug\libLib_MCU.a(lpc17xx_uart.o)
                0x00005854                UART_Send
 .text.UART_Receive
                0x00005960       0xd8 C:\Users\Kelvin\Documents\GitHub\ee2024\Lib_MCU\Debug\libLib_MCU.a(lpc17xx_uart.o)
                0x00005960                UART_Receive
 .text.CLKPWR_SetPCLKDiv
                0x00005a38       0xcc C:\Users\Kelvin\Documents\GitHub\ee2024\Lib_MCU\Debug\libLib_MCU.a(lpc17xx_clkpwr.o)
                0x00005a38                CLKPWR_SetPCLKDiv
 .text.CLKPWR_GetPCLKSEL
                0x00005b04       0x54 C:\Users\Kelvin\Documents\GitHub\ee2024\Lib_MCU\Debug\libLib_MCU.a(lpc17xx_clkpwr.o)
                0x00005b04                CLKPWR_GetPCLKSEL
 .text.CLKPWR_GetPCLK
                0x00005b58       0x74 C:\Users\Kelvin\Documents\GitHub\ee2024\Lib_MCU\Debug\libLib_MCU.a(lpc17xx_clkpwr.o)
                0x00005b58                CLKPWR_GetPCLK
 .text.CLKPWR_ConfigPPWR
                0x00005bcc       0x78 C:\Users\Kelvin\Documents\GitHub\ee2024\Lib_MCU\Debug\libLib_MCU.a(lpc17xx_clkpwr.o)
                0x00005bcc                CLKPWR_ConfigPPWR
 .text.__set_BASEPRI
                0x00005c44       0x18 C:\Users\Kelvin\Documents\GitHub\ee2024\Lib_CMSISv1p30_LPC17xx\Debug\libCMSISv1p30_LPC17xx.a(core_cm3.o)
                0x00005c44                __set_BASEPRI
 .text.SystemInit
                0x00005c5c      0x22c C:\Users\Kelvin\Documents\GitHub\ee2024\Lib_CMSISv1p30_LPC17xx\Debug\libCMSISv1p30_LPC17xx.a(system_LPC17xx.o)
                0x00005c5c                SystemInit
 .text          0x00005e88      0x370 c:/nxp/lpcxpresso_6.1.4_194/lpcxpresso/tools/bin/../lib/gcc/arm-none-eabi/4.6.2/armv7-m\libgcc.a(_arm_addsubdf3.o)
                0x00005e88                __aeabi_drsub
                0x00005e90                __aeabi_dsub
                0x00005e90                __subdf3
                0x00005e94                __aeabi_dadd
                0x00005e94                __adddf3
                0x0000610c                __floatunsidf
                0x0000610c                __aeabi_ui2d
                0x0000612c                __floatsidf
                0x0000612c                __aeabi_i2d
                0x00006150                __aeabi_f2d
                0x00006150                __extendsfdf2
                0x0000618c                __floatundidf
                0x0000618c                __aeabi_ul2d
                0x0000619c                __floatdidf
                0x0000619c                __aeabi_l2d
 .text          0x000061f8      0x424 c:/nxp/lpcxpresso_6.1.4_194/lpcxpresso/tools/bin/../lib/gcc/arm-none-eabi/4.6.2/armv7-m\libgcc.a(_arm_muldivdf3.o)
                0x000061f8                __aeabi_dmul
                0x000061f8                __muldf3
                0x0000644c                __divdf3
                0x0000644c                __aeabi_ddiv
 .text          0x0000661c       0x2c c:/nxp/lpcxpresso_6.1.4_194/lpcxpresso/tools/bin/../lib/gcc/arm-none-eabi/4.6.2/armv7-m\libgcc.a(_aeabi_uldivmod.o)
                0x0000661c                __aeabi_uldivmod
 .text          0x00006648       0x5c c:/nxp/lpcxpresso_6.1.4_194/lpcxpresso/tools/bin/../lib/gcc/arm-none-eabi/4.6.2/armv7-m\libgcc.a(bpabi.o)
                0x00006648                __gnu_ldivmod_helper
                0x00006678                __gnu_uldivmod_helper
 .text          0x000066a4        0x4 c:/nxp/lpcxpresso_6.1.4_194/lpcxpresso/tools/bin/../lib/gcc/arm-none-eabi/4.6.2/armv7-m\libgcc.a(_dvmd_tls.o)
                0x000066a4                __aeabi_idiv0
                0x000066a4                __aeabi_ldiv0
 .text          0x000066a8      0x2c8 c:/nxp/lpcxpresso_6.1.4_194/lpcxpresso/tools/bin/../lib/gcc/arm-none-eabi/4.6.2/armv7-m\libgcc.a(_divdi3.o)
                0x000066a8                __divdi3
 .text          0x00006970      0x298 c:/nxp/lpcxpresso_6.1.4_194/lpcxpresso/tools/bin/../lib/gcc/arm-none-eabi/4.6.2/armv7-m\libgcc.a(_udivdi3.o)
                0x00006970                __udivdi3
 .text.memset   0x00006c08       0x90 c:/nxp/lpcxpresso_6.1.4_194/lpcxpresso/tools/bin/../lib/gcc/arm-none-eabi/4.6.2/../../../../arm-none-eabi/lib/armv7-m\libc.a(lib_a-memset.o)
                0x00006c08                memset
 .text.sprintf  0x00006c98       0x50 c:/nxp/lpcxpresso_6.1.4_194/lpcxpresso/tools/bin/../lib/gcc/arm-none-eabi/4.6.2/../../../../arm-none-eabi/lib/armv7-m\libc.a(lib_a-sprintf.o)
                0x00006c98                sprintf
 .text.strcpy   0x00006ce8       0xbc c:/nxp/lpcxpresso_6.1.4_194/lpcxpresso/tools/bin/../lib/gcc/arm-none-eabi/4.6.2/../../../../arm-none-eabi/lib/armv7-m\libc.a(lib_a-strcpy.o)
                0x00006ce8                strcpy
 .text.strlen   0x00006da4       0x60 c:/nxp/lpcxpresso_6.1.4_194/lpcxpresso/tools/bin/../lib/gcc/arm-none-eabi/4.6.2/../../../../arm-none-eabi/lib/armv7-m\libc.a(lib_a-strlen.o)
                0x00006da4                strlen
 .text._svfprintf_r
                0x00006e04     0x1408 c:/nxp/lpcxpresso_6.1.4_194/lpcxpresso/tools/bin/../lib/gcc/arm-none-eabi/4.6.2/../../../../arm-none-eabi/lib/armv7-m\libc.a(lib_a-svfprintf.o)
                0x00006e04                _svfprintf_r
 .text.quorem   0x0000820c      0x150 c:/nxp/lpcxpresso_6.1.4_194/lpcxpresso/tools/bin/../lib/gcc/arm-none-eabi/4.6.2/../../../../arm-none-eabi/lib/armv7-m\libc.a(lib_a-dtoa.o)
 *fill*         0x0000835c        0x4 00
 .text._dtoa_r  0x00008360      0xe60 c:/nxp/lpcxpresso_6.1.4_194/lpcxpresso/tools/bin/../lib/gcc/arm-none-eabi/4.6.2/../../../../arm-none-eabi/lib/armv7-m\libc.a(lib_a-dtoa.o)
                0x00008360                _dtoa_r
 .text._localeconv_r
                0x000091c0        0xc c:/nxp/lpcxpresso_6.1.4_194/lpcxpresso/tools/bin/../lib/gcc/arm-none-eabi/4.6.2/../../../../arm-none-eabi/lib/armv7-m\libc.a(lib_a-locale.o)
                0x000091c0                _localeconv_r
 .text._malloc_r
                0x000091cc      0x528 c:/nxp/lpcxpresso_6.1.4_194/lpcxpresso/tools/bin/../lib/gcc/arm-none-eabi/4.6.2/../../../../arm-none-eabi/lib/armv7-m\libc.a(lib_a-mallocr.o)
                0x000091cc                _malloc_r
 .text.memchr   0x000096f4       0x84 c:/nxp/lpcxpresso_6.1.4_194/lpcxpresso/tools/bin/../lib/gcc/arm-none-eabi/4.6.2/../../../../arm-none-eabi/lib/armv7-m\libc.a(lib_a-memchr.o)
                0x000096f4                memchr
 .text.memcpy   0x00009778       0x84 c:/nxp/lpcxpresso_6.1.4_194/lpcxpresso/tools/bin/../lib/gcc/arm-none-eabi/4.6.2/../../../../arm-none-eabi/lib/armv7-m\libc.a(lib_a-memcpy.o)
                0x00009778                memcpy
 .text.__malloc_lock
                0x000097fc        0x4 c:/nxp/lpcxpresso_6.1.4_194/lpcxpresso/tools/bin/../lib/gcc/arm-none-eabi/4.6.2/../../../../arm-none-eabi/lib/armv7-m\libc.a(lib_a-mlock.o)
                0x000097fc                __malloc_lock
 .text.__malloc_unlock
                0x00009800        0x4 c:/nxp/lpcxpresso_6.1.4_194/lpcxpresso/tools/bin/../lib/gcc/arm-none-eabi/4.6.2/../../../../arm-none-eabi/lib/armv7-m\libc.a(lib_a-mlock.o)
                0x00009800                __malloc_unlock
 .text._Balloc  0x00009804       0x4c c:/nxp/lpcxpresso_6.1.4_194/lpcxpresso/tools/bin/../lib/gcc/arm-none-eabi/4.6.2/../../../../arm-none-eabi/lib/armv7-m\libc.a(lib_a-mprec.o)
                0x00009804                _Balloc
 .text._Bfree   0x00009850       0x14 c:/nxp/lpcxpresso_6.1.4_194/lpcxpresso/tools/bin/../lib/gcc/arm-none-eabi/4.6.2/../../../../arm-none-eabi/lib/armv7-m\libc.a(lib_a-mprec.o)
                0x00009850                _Bfree
 .text.__multadd
                0x00009864       0x84 c:/nxp/lpcxpresso_6.1.4_194/lpcxpresso/tools/bin/../lib/gcc/arm-none-eabi/4.6.2/../../../../arm-none-eabi/lib/armv7-m\libc.a(lib_a-mprec.o)
                0x00009864                __multadd
 .text.__hi0bits
                0x000098e8       0x3c c:/nxp/lpcxpresso_6.1.4_194/lpcxpresso/tools/bin/../lib/gcc/arm-none-eabi/4.6.2/../../../../arm-none-eabi/lib/armv7-m\libc.a(lib_a-mprec.o)
                0x000098e8                __hi0bits
 .text.__lo0bits
                0x00009924       0x5c c:/nxp/lpcxpresso_6.1.4_194/lpcxpresso/tools/bin/../lib/gcc/arm-none-eabi/4.6.2/../../../../arm-none-eabi/lib/armv7-m\libc.a(lib_a-mprec.o)
                0x00009924                __lo0bits
 .text.__i2b    0x00009980       0x14 c:/nxp/lpcxpresso_6.1.4_194/lpcxpresso/tools/bin/../lib/gcc/arm-none-eabi/4.6.2/../../../../arm-none-eabi/lib/armv7-m\libc.a(lib_a-mprec.o)
                0x00009980                __i2b
 .text.__multiply
                0x00009994      0x144 c:/nxp/lpcxpresso_6.1.4_194/lpcxpresso/tools/bin/../lib/gcc/arm-none-eabi/4.6.2/../../../../arm-none-eabi/lib/armv7-m\libc.a(lib_a-mprec.o)
                0x00009994                __multiply
 .text.__pow5mult
                0x00009ad8       0x98 c:/nxp/lpcxpresso_6.1.4_194/lpcxpresso/tools/bin/../lib/gcc/arm-none-eabi/4.6.2/../../../../arm-none-eabi/lib/armv7-m\libc.a(lib_a-mprec.o)
                0x00009ad8                __pow5mult
 .text.__lshift
                0x00009b70       0xc0 c:/nxp/lpcxpresso_6.1.4_194/lpcxpresso/tools/bin/../lib/gcc/arm-none-eabi/4.6.2/../../../../arm-none-eabi/lib/armv7-m\libc.a(lib_a-mprec.o)
                0x00009b70                __lshift
 .text.__mcmp   0x00009c30       0x3c c:/nxp/lpcxpresso_6.1.4_194/lpcxpresso/tools/bin/../lib/gcc/arm-none-eabi/4.6.2/../../../../arm-none-eabi/lib/armv7-m\libc.a(lib_a-mprec.o)
                0x00009c30                __mcmp
 .text.__mdiff  0x00009c6c       0xd8 c:/nxp/lpcxpresso_6.1.4_194/lpcxpresso/tools/bin/../lib/gcc/arm-none-eabi/4.6.2/../../../../arm-none-eabi/lib/armv7-m\libc.a(lib_a-mprec.o)
                0x00009c6c                __mdiff
 .text.__d2b    0x00009d44       0xcc c:/nxp/lpcxpresso_6.1.4_194/lpcxpresso/tools/bin/../lib/gcc/arm-none-eabi/4.6.2/../../../../arm-none-eabi/lib/armv7-m\libc.a(lib_a-mprec.o)
                0x00009d44                __d2b
 .text.__fpclassifyd
                0x00009e10       0x68 c:/nxp/lpcxpresso_6.1.4_194/lpcxpresso/tools/bin/../lib/gcc/arm-none-eabi/4.6.2/../../../../arm-none-eabi/lib/armv7-m\libc.a(lib_a-s_fpclassify.o)
                0x00009e10                __fpclassifyd
 .text._sbrk_r  0x00009e78       0x24 c:/nxp/lpcxpresso_6.1.4_194/lpcxpresso/tools/bin/../lib/gcc/arm-none-eabi/4.6.2/../../../../arm-none-eabi/lib/armv7-m\libc.a(lib_a-sbrkr.o)
                0x00009e78                _sbrk_r
 .text.__ssprint_r
                0x00009e9c       0xf8 c:/nxp/lpcxpresso_6.1.4_194/lpcxpresso/tools/bin/../lib/gcc/arm-none-eabi/4.6.2/../../../../arm-none-eabi/lib/armv7-m\libc.a(lib_a-svfiprintf.o)
                0x00009e9c                __ssprint_r
 .text._calloc_r
                0x00009f94       0x60 c:/nxp/lpcxpresso_6.1.4_194/lpcxpresso/tools/bin/../lib/gcc/arm-none-eabi/4.6.2/../../../../arm-none-eabi/lib/armv7-m\libc.a(lib_a-callocr.o)
                0x00009f94                _calloc_r
 .text._malloc_trim_r
                0x00009ff4       0xa0 c:/nxp/lpcxpresso_6.1.4_194/lpcxpresso/tools/bin/../lib/gcc/arm-none-eabi/4.6.2/../../../../arm-none-eabi/lib/armv7-m\libc.a(lib_a-freer.o)
                0x00009ff4                _malloc_trim_r
 .text._free_r  0x0000a094      0x190 c:/nxp/lpcxpresso_6.1.4_194/lpcxpresso/tools/bin/../lib/gcc/arm-none-eabi/4.6.2/../../../../arm-none-eabi/lib/armv7-m\libc.a(lib_a-freer.o)
                0x0000a094                _free_r
 .text.memmove  0x0000a224       0xb0 c:/nxp/lpcxpresso_6.1.4_194/lpcxpresso/tools/bin/../lib/gcc/arm-none-eabi/4.6.2/../../../../arm-none-eabi/lib/armv7-m\libc.a(lib_a-memmove.o)
                0x0000a224                memmove
 .text._realloc_r
                0x0000a2d4      0x3f4 c:/nxp/lpcxpresso_6.1.4_194/lpcxpresso/tools/bin/../lib/gcc/arm-none-eabi/4.6.2/../../../../arm-none-eabi/lib/armv7-m\libc.a(lib_a-reallocr.o)
                0x0000a2d4                _realloc_r
 .text._sbrk    0x0000a6c8       0x3c c:/nxp/lpcxpresso_6.1.4_194/lpcxpresso/tools/bin/../lib/gcc/arm-none-eabi/4.6.2/../../../../arm-none-eabi/lib/armv7-m\libcr_newlib_semihost.a(_cr_sbrk.o)
                0x0000a6c8                _sbrk
 .text.__check_heap_overflow
                0x0000a704       0x2c c:/nxp/lpcxpresso_6.1.4_194/lpcxpresso/tools/bin/../lib/gcc/arm-none-eabi/4.6.2/../../../../arm-none-eabi/lib/armv7-m\libcr_newlib_semihost.a(_cr_check_heap.o)
                0x0000a704                __check_heap_overflow
 .text          0x0000a730      0x110 c:/nxp/lpcxpresso_6.1.4_194/lpcxpresso/tools/bin/../lib/gcc/arm-none-eabi/4.6.2/armv7-m\libgcc.a(_arm_cmpdf2.o)
                0x0000a730                __gtdf2
                0x0000a730                __gedf2
                0x0000a738                __ltdf2
                0x0000a738                __ledf2
                0x0000a740                __nedf2
                0x0000a740                __eqdf2
                0x0000a740                __cmpdf2
                0x0000a7bc                __aeabi_cdrcmple
                0x0000a7cc                __aeabi_cdcmpeq
                0x0000a7cc                __aeabi_cdcmple
                0x0000a7dc                __aeabi_dcmpeq
                0x0000a7f0                __aeabi_dcmplt
                0x0000a804                __aeabi_dcmple
                0x0000a818                __aeabi_dcmpge
                0x0000a82c                __aeabi_dcmpgt
 .text          0x0000a840       0x50 c:/nxp/lpcxpresso_6.1.4_194/lpcxpresso/tools/bin/../lib/gcc/arm-none-eabi/4.6.2/armv7-m\libgcc.a(_arm_fixdfsi.o)
                0x0000a840                __aeabi_d2iz
                0x0000a840                __fixdfsi
 .text.__errno  0x0000a890        0xc c:/nxp/lpcxpresso_6.1.4_194/lpcxpresso/tools/bin/../lib/gcc/arm-none-eabi/4.6.2/../../../../arm-none-eabi/lib/armv7-m\libc.a(lib_a-errno.o)
                0x0000a890                __errno
 *(.rodata .rodata.* .constdata .constdata.*)
 .rodata        0x0000a89c      0x178 ./src/main.o
 .rodata        0x0000aa14        0x8 C:\Users\Kelvin\Documents\GitHub\ee2024\Lib_EaBaseBoard\Debug\libLib_EaBaseBoard.a(oled.o)
 .rodata        0x0000aa1c      0x300 C:\Users\Kelvin\Documents\GitHub\ee2024\Lib_EaBaseBoard\Debug\libLib_EaBaseBoard.a(font5x7.o)
                0x0000aa1c                font5x7
 .rodata        0x0000ad1c       0x18 C:\Users\Kelvin\Documents\GitHub\ee2024\Lib_MCU\Debug\libLib_MCU.a(lpc17xx_i2c.o)
 .rodata        0x0000ad34       0x18 C:\Users\Kelvin\Documents\GitHub\ee2024\Lib_MCU\Debug\libLib_MCU.a(lpc17xx_ssp.o)
 .rodata        0x0000ad4c       0x18 C:\Users\Kelvin\Documents\GitHub\ee2024\Lib_MCU\Debug\libLib_MCU.a(lpc17xx_timer.o)
 .rodata        0x0000ad64       0x18 C:\Users\Kelvin\Documents\GitHub\ee2024\Lib_MCU\Debug\libLib_MCU.a(lpc17xx_uart.o)
 .rodata.zeroes.6590
                0x0000ad7c       0x10 c:/nxp/lpcxpresso_6.1.4_194/lpcxpresso/tools/bin/../lib/gcc/arm-none-eabi/4.6.2/../../../../arm-none-eabi/lib/armv7-m\libc.a(lib_a-svfprintf.o)
 .rodata.str1.4
                0x0000ad8c       0x42 c:/nxp/lpcxpresso_6.1.4_194/lpcxpresso/tools/bin/../lib/gcc/arm-none-eabi/4.6.2/../../../../arm-none-eabi/lib/armv7-m\libc.a(lib_a-svfprintf.o)
                                 0x44 (size before relaxing)
 *fill*         0x0000adce        0x2 00
 .rodata.blanks.6589
                0x0000add0       0x10 c:/nxp/lpcxpresso_6.1.4_194/lpcxpresso/tools/bin/../lib/gcc/arm-none-eabi/4.6.2/../../../../arm-none-eabi/lib/armv7-m\libc.a(lib_a-svfprintf.o)
 .rodata.str1.4
                0x0000ade0       0x10 c:/nxp/lpcxpresso_6.1.4_194/lpcxpresso/tools/bin/../lib/gcc/arm-none-eabi/4.6.2/../../../../arm-none-eabi/lib/armv7-m\libc.a(lib_a-dtoa.o)
                                 0x14 (size before relaxing)
 .rodata.str1.4
                0x0000adf0        0x2 c:/nxp/lpcxpresso_6.1.4_194/lpcxpresso/tools/bin/../lib/gcc/arm-none-eabi/4.6.2/../../../../arm-none-eabi/lib/armv7-m\libc.a(lib_a-impure.o)
                                  0x4 (size before relaxing)
 *fill*         0x0000adf2        0x2 00
 .rodata.str1.4
                0x0000adf4        0xc c:/nxp/lpcxpresso_6.1.4_194/lpcxpresso/tools/bin/../lib/gcc/arm-none-eabi/4.6.2/../../../../arm-none-eabi/lib/armv7-m\libc.a(lib_a-locale.o)
                                 0x14 (size before relaxing)
 .rodata.__mprec_tens
                0x0000ae00       0xc8 c:/nxp/lpcxpresso_6.1.4_194/lpcxpresso/tools/bin/../lib/gcc/arm-none-eabi/4.6.2/../../../../arm-none-eabi/lib/armv7-m\libc.a(lib_a-mprec.o)
                0x0000ae00                __mprec_tens
 .rodata.__mprec_bigtens
                0x0000aec8       0x28 c:/nxp/lpcxpresso_6.1.4_194/lpcxpresso/tools/bin/../lib/gcc/arm-none-eabi/4.6.2/../../../../arm-none-eabi/lib/armv7-m\libc.a(lib_a-mprec.o)
                0x0000aec8                __mprec_bigtens
 .rodata.p05.5111
                0x0000aef0        0xc c:/nxp/lpcxpresso_6.1.4_194/lpcxpresso/tools/bin/../lib/gcc/arm-none-eabi/4.6.2/../../../../arm-none-eabi/lib/armv7-m\libc.a(lib_a-mprec.o)
                0x0000aefc                . = ALIGN (0x4)

.glue_7         0x0000aefc        0x0
 .glue_7        0x00000000        0x0 linker stubs

.glue_7t        0x0000aefc        0x0
 .glue_7t       0x00000000        0x0 linker stubs

.vfp11_veneer   0x0000aefc        0x0
 .vfp11_veneer  0x00000000        0x0 linker stubs

.v4_bx          0x0000aefc        0x0
 .v4_bx         0x00000000        0x0 linker stubs

.ARM.extab
 *(.ARM.extab* .gnu.linkonce.armextab.*)
                0x0000aefc                __exidx_start = .

.ARM.exidx      0x0000aefc        0x8
 *(.ARM.exidx* .gnu.linkonce.armexidx.*)
 .ARM.exidx     0x0000aefc        0x8 c:/nxp/lpcxpresso_6.1.4_194/lpcxpresso/tools/bin/../lib/gcc/arm-none-eabi/4.6.2/armv7-m\libgcc.a(_divdi3.o)
 .ARM.exidx     0x0000af04        0x0 c:/nxp/lpcxpresso_6.1.4_194/lpcxpresso/tools/bin/../lib/gcc/arm-none-eabi/4.6.2/armv7-m\libgcc.a(_udivdi3.o)
                                  0x8 (size before relaxing)
                0x0000af04                __exidx_end = .
                0x0000af04                _etext = .

.data_RAM2      0x2007c000        0x0 load address 0x0000af04
 FILL mask 0xff
 *(.data.$RAM2*)
 *(.data.$RamAHB32*)
                0x2007c000                . = ALIGN (0x4)

.uninit_RESERVED
                0x10000000        0x0
 *(.bss.$RESERVED*)
                0x10000000                . = ALIGN (0x4)
                0x10000000                _end_uninit_RESERVED = .

.data           0x10000000      0x8e4 load address 0x0000af04
 FILL mask 0xff
                0x10000000                _data = .
 *(vtable)
 *(.data*)
 .data          0x10000000       0x10 ./src/main.o
                0x10000000                SAMPLING_TIME
                0x10000004                FLARE_INTENSITY
                0x10000008                TIME_UNIT
                0x1000000c                switchBasicPrintFlag
 .data          0x10000010       0x50 C:\Users\Kelvin\Documents\GitHub\ee2024\Lib_EaBaseBoard\Debug\libLib_EaBaseBoard.a(led7seg.o)
 .data          0x10000060        0x8 C:\Users\Kelvin\Documents\GitHub\ee2024\Lib_EaBaseBoard\Debug\libLib_EaBaseBoard.a(light.o)
 .data          0x10000068        0x4 C:\Users\Kelvin\Documents\GitHub\ee2024\Lib_CMSISv1p30_LPC17xx\Debug\libCMSISv1p30_LPC17xx.a(system_LPC17xx.o)
                0x10000068                SystemCoreClock
 *fill*         0x1000006c        0x4 00
 .data.impure_data
                0x10000070      0x428 c:/nxp/lpcxpresso_6.1.4_194/lpcxpresso/tools/bin/../lib/gcc/arm-none-eabi/4.6.2/../../../../arm-none-eabi/lib/armv7-m\libc.a(lib_a-impure.o)
 .data._impure_ptr
                0x10000498        0x4 c:/nxp/lpcxpresso_6.1.4_194/lpcxpresso/tools/bin/../lib/gcc/arm-none-eabi/4.6.2/../../../../arm-none-eabi/lib/armv7-m\libc.a(lib_a-impure.o)
                0x10000498                _impure_ptr
 .data.lconv    0x1000049c       0x38 c:/nxp/lpcxpresso_6.1.4_194/lpcxpresso/tools/bin/../lib/gcc/arm-none-eabi/4.6.2/../../../../arm-none-eabi/lib/armv7-m\libc.a(lib_a-locale.o)
 .data.__malloc_av_
                0x100004d4      0x408 c:/nxp/lpcxpresso_6.1.4_194/lpcxpresso/tools/bin/../lib/gcc/arm-none-eabi/4.6.2/../../../../arm-none-eabi/lib/armv7-m\libc.a(lib_a-mallocr.o)
                0x100004d4                __malloc_av_
 .data.__malloc_trim_threshold
                0x100008dc        0x4 c:/nxp/lpcxpresso_6.1.4_194/lpcxpresso/tools/bin/../lib/gcc/arm-none-eabi/4.6.2/../../../../arm-none-eabi/lib/armv7-m\libc.a(lib_a-mallocr.o)
                0x100008dc                __malloc_trim_threshold
 .data.__malloc_sbrk_base
                0x100008e0        0x4 c:/nxp/lpcxpresso_6.1.4_194/lpcxpresso/tools/bin/../lib/gcc/arm-none-eabi/4.6.2/../../../../arm-none-eabi/lib/armv7-m\libc.a(lib_a-mallocr.o)
                0x100008e0                __malloc_sbrk_base
                0x100008e4                . = ALIGN (0x4)
                0x100008e4                _edata = .

.bss_RAM2       0x2007c000        0x0
 *(.bss.$RAM2*)
 *(.bss.$RamAHB32*)
                0x2007c000                . = ALIGN (0x4)

.bss            0x100008e4      0x3c4
                0x100008e4                _bss = .
 *(.bss*)
 .bss           0x100008e4       0x40 ./src/main.o
                0x100008e4                xoff
                0x100008e8                yoff
                0x100008ec                zoff
                0x100008f0                temp
                0x100008f4                tempRiseTime
                0x100008f8                tempDeltaTime
                0x100008fc                light
                0x10000900                usTicks
                0x10000904                x
                0x10000905                y
                0x10000906                z
                0x10000907                mode
                0x10000908                forceBasicReadFlag
                0x10000909                switchRestrictedPrintFlag
                0x1000090a                forceBasicPrintFlag
                0x1000090b                readPrintFlag
                0x1000090c                tickTimeFlag
 .bss           0x10000924      0x300 C:\Users\Kelvin\Documents\GitHub\ee2024\Lib_EaBaseBoard\Debug\libLib_EaBaseBoard.a(oled.o)
 .bss           0x10000c24        0x6 C:\Users\Kelvin\Documents\GitHub\ee2024\Lib_EaBaseBoard\Debug\libLib_EaBaseBoard.a(pca9532.o)
 *fill*         0x10000c2a        0x2 00
 .bss           0x10000c2c        0x4 C:\Users\Kelvin\Documents\GitHub\ee2024\Lib_EaBaseBoard\Debug\libLib_EaBaseBoard.a(temp.o)
 .bss           0x10000c30       0x24 C:\Users\Kelvin\Documents\GitHub\ee2024\Lib_MCU\Debug\libLib_MCU.a(lpc17xx_i2c.o)
 .bss           0x10000c54       0x18 C:\Users\Kelvin\Documents\GitHub\ee2024\Lib_MCU\Debug\libLib_MCU.a(lpc17xx_ssp.o)
 .bss.__malloc_max_total_mem
                0x10000c6c        0x4 c:/nxp/lpcxpresso_6.1.4_194/lpcxpresso/tools/bin/../lib/gcc/arm-none-eabi/4.6.2/../../../../arm-none-eabi/lib/armv7-m\libc.a(lib_a-mallocr.o)
                0x10000c6c                __malloc_max_total_mem
 .bss.__malloc_max_sbrked_mem
                0x10000c70        0x4 c:/nxp/lpcxpresso_6.1.4_194/lpcxpresso/tools/bin/../lib/gcc/arm-none-eabi/4.6.2/../../../../arm-none-eabi/lib/armv7-m\libc.a(lib_a-mallocr.o)
                0x10000c70                __malloc_max_sbrked_mem
 .bss.__malloc_top_pad
                0x10000c74        0x4 c:/nxp/lpcxpresso_6.1.4_194/lpcxpresso/tools/bin/../lib/gcc/arm-none-eabi/4.6.2/../../../../arm-none-eabi/lib/armv7-m\libc.a(lib_a-mallocr.o)
                0x10000c74                __malloc_top_pad
 .bss.__malloc_current_mallinfo
                0x10000c78       0x28 c:/nxp/lpcxpresso_6.1.4_194/lpcxpresso/tools/bin/../lib/gcc/arm-none-eabi/4.6.2/../../../../arm-none-eabi/lib/armv7-m\libc.a(lib_a-mallocr.o)
                0x10000c78                __malloc_current_mallinfo
 *(COMMON)
 COMMON         0x10000ca0        0x4 c:/nxp/lpcxpresso_6.1.4_194/lpcxpresso/tools/bin/../lib/gcc/arm-none-eabi/4.6.2/../../../../arm-none-eabi/lib/armv7-m\libc.a(lib_a-reent.o)
                0x10000ca0                errno
 COMMON         0x10000ca4        0x4 c:/nxp/lpcxpresso_6.1.4_194/lpcxpresso/tools/bin/../lib/gcc/arm-none-eabi/4.6.2/../../../../arm-none-eabi/lib/armv7-m\libcr_newlib_semihost.a(_cr_sbrk.o)
                0x10000ca4                __end_of_heap
                0x10000ca8                . = ALIGN (0x4)
                0x10000ca8                _ebss = .
                0x10000ca8                PROVIDE (end, .)

.noinit_RAM2    0x2007c000        0x0
 *(.noinit.$RAM2*)
 *(.noinit.$RamAHB32*)
                0x2007c000                . = ALIGN (0x4)

.noinit         0x10000ca8        0x0
                0x10000ca8                _noinit = .
 *(.noinit*)
                0x10000ca8                . = ALIGN (0x4)
                0x10000ca8                _end_noinit = .
                0x10000ca8                PROVIDE (_pvHeapStart, .)
                0x10008000                PROVIDE (_vStackTop, (__top_RamLoc32 - 0x0))
OUTPUT(STAR-T-SYSTICK.axf elf32-littlearm)

.debug_info     0x00000000     0x9445
 .debug_info    0x00000000      0x209 ./src/cr_startup_lpc17.o
 .debug_info    0x00000209     0x1cbf ./src/main.o
 .debug_info    0x00001ec8      0x53d C:\Users\Kelvin\Documents\GitHub\ee2024\Lib_EaBaseBoard\Debug\libLib_EaBaseBoard.a(acc.o)
 .debug_info    0x00002405      0x2ab C:\Users\Kelvin\Documents\GitHub\ee2024\Lib_EaBaseBoard\Debug\libLib_EaBaseBoard.a(led7seg.o)
 .debug_info    0x000026b0      0x763 C:\Users\Kelvin\Documents\GitHub\ee2024\Lib_EaBaseBoard\Debug\libLib_EaBaseBoard.a(light.o)
 .debug_info    0x00002e13      0x97d C:\Users\Kelvin\Documents\GitHub\ee2024\Lib_EaBaseBoard\Debug\libLib_EaBaseBoard.a(oled.o)
 .debug_info    0x00003790      0x642 C:\Users\Kelvin\Documents\GitHub\ee2024\Lib_EaBaseBoard\Debug\libLib_EaBaseBoard.a(pca9532.o)
 .debug_info    0x00003dd2       0xe4 C:\Users\Kelvin\Documents\GitHub\ee2024\Lib_EaBaseBoard\Debug\libLib_EaBaseBoard.a(rgb.o)
 .debug_info    0x00003eb6      0x154 C:\Users\Kelvin\Documents\GitHub\ee2024\Lib_EaBaseBoard\Debug\libLib_EaBaseBoard.a(temp.o)
 .debug_info    0x0000400a       0x65 C:\Users\Kelvin\Documents\GitHub\ee2024\Lib_EaBaseBoard\Debug\libLib_EaBaseBoard.a(font5x7.o)
 .debug_info    0x0000406f      0xb95 C:\Users\Kelvin\Documents\GitHub\ee2024\Lib_MCU\Debug\libLib_MCU.a(lpc17xx_gpio.o)
 .debug_info    0x00004c04      0xcc3 C:\Users\Kelvin\Documents\GitHub\ee2024\Lib_MCU\Debug\libLib_MCU.a(lpc17xx_i2c.o)
 .debug_info    0x000058c7      0x4b1 C:\Users\Kelvin\Documents\GitHub\ee2024\Lib_MCU\Debug\libLib_MCU.a(lpc17xx_pinsel.o)
 .debug_info    0x00005d78      0x867 C:\Users\Kelvin\Documents\GitHub\ee2024\Lib_MCU\Debug\libLib_MCU.a(lpc17xx_ssp.o)
 .debug_info    0x000065df      0x8e4 C:\Users\Kelvin\Documents\GitHub\ee2024\Lib_MCU\Debug\libLib_MCU.a(lpc17xx_timer.o)
 .debug_info    0x00006ec3     0x14df C:\Users\Kelvin\Documents\GitHub\ee2024\Lib_MCU\Debug\libLib_MCU.a(lpc17xx_uart.o)
 .debug_info    0x000083a2      0x641 C:\Users\Kelvin\Documents\GitHub\ee2024\Lib_MCU\Debug\libLib_MCU.a(lpc17xx_clkpwr.o)
 .debug_info    0x000089e3      0x550 C:\Users\Kelvin\Documents\GitHub\ee2024\Lib_CMSISv1p30_LPC17xx\Debug\libCMSISv1p30_LPC17xx.a(core_cm3.o)
 .debug_info    0x00008f33      0x357 C:\Users\Kelvin\Documents\GitHub\ee2024\Lib_CMSISv1p30_LPC17xx\Debug\libCMSISv1p30_LPC17xx.a(system_LPC17xx.o)
 .debug_info    0x0000928a      0x106 c:/nxp/lpcxpresso_6.1.4_194/lpcxpresso/tools/bin/../lib/gcc/arm-none-eabi/4.6.2/../../../../arm-none-eabi/lib/armv7-m\libcr_newlib_semihost.a(_cr_sbrk.o)
 .debug_info    0x00009390       0xb5 c:/nxp/lpcxpresso_6.1.4_194/lpcxpresso/tools/bin/../lib/gcc/arm-none-eabi/4.6.2/../../../../arm-none-eabi/lib/armv7-m\libcr_newlib_semihost.a(_cr_check_heap.o)

.debug_abbrev   0x00000000     0x1c8b
 .debug_abbrev  0x00000000       0xb4 ./src/cr_startup_lpc17.o
 .debug_abbrev  0x000000b4      0x343 ./src/main.o
 .debug_abbrev  0x000003f7      0x15c C:\Users\Kelvin\Documents\GitHub\ee2024\Lib_EaBaseBoard\Debug\libLib_EaBaseBoard.a(acc.o)
 .debug_abbrev  0x00000553      0x16c C:\Users\Kelvin\Documents\GitHub\ee2024\Lib_EaBaseBoard\Debug\libLib_EaBaseBoard.a(led7seg.o)
 .debug_abbrev  0x000006bf      0x1bd C:\Users\Kelvin\Documents\GitHub\ee2024\Lib_EaBaseBoard\Debug\libLib_EaBaseBoard.a(light.o)
 .debug_abbrev  0x0000087c      0x1f1 C:\Users\Kelvin\Documents\GitHub\ee2024\Lib_EaBaseBoard\Debug\libLib_EaBaseBoard.a(oled.o)
 .debug_abbrev  0x00000a6d      0x1aa C:\Users\Kelvin\Documents\GitHub\ee2024\Lib_EaBaseBoard\Debug\libLib_EaBaseBoard.a(pca9532.o)
 .debug_abbrev  0x00000c17       0x8e C:\Users\Kelvin\Documents\GitHub\ee2024\Lib_EaBaseBoard\Debug\libLib_EaBaseBoard.a(rgb.o)
 .debug_abbrev  0x00000ca5       0xc2 C:\Users\Kelvin\Documents\GitHub\ee2024\Lib_EaBaseBoard\Debug\libLib_EaBaseBoard.a(temp.o)
 .debug_abbrev  0x00000d67       0x4b C:\Users\Kelvin\Documents\GitHub\ee2024\Lib_EaBaseBoard\Debug\libLib_EaBaseBoard.a(font5x7.o)
 .debug_abbrev  0x00000db2      0x185 C:\Users\Kelvin\Documents\GitHub\ee2024\Lib_MCU\Debug\libLib_MCU.a(lpc17xx_gpio.o)
 .debug_abbrev  0x00000f37      0x24a C:\Users\Kelvin\Documents\GitHub\ee2024\Lib_MCU\Debug\libLib_MCU.a(lpc17xx_i2c.o)
 .debug_abbrev  0x00001181      0x10a C:\Users\Kelvin\Documents\GitHub\ee2024\Lib_MCU\Debug\libLib_MCU.a(lpc17xx_pinsel.o)
 .debug_abbrev  0x0000128b      0x1d3 C:\Users\Kelvin\Documents\GitHub\ee2024\Lib_MCU\Debug\libLib_MCU.a(lpc17xx_ssp.o)
 .debug_abbrev  0x0000145e      0x19f C:\Users\Kelvin\Documents\GitHub\ee2024\Lib_MCU\Debug\libLib_MCU.a(lpc17xx_timer.o)
 .debug_abbrev  0x000015fd      0x259 C:\Users\Kelvin\Documents\GitHub\ee2024\Lib_MCU\Debug\libLib_MCU.a(lpc17xx_uart.o)
 .debug_abbrev  0x00001856      0x174 C:\Users\Kelvin\Documents\GitHub\ee2024\Lib_MCU\Debug\libLib_MCU.a(lpc17xx_clkpwr.o)
 .debug_abbrev  0x000019ca       0xd9 C:\Users\Kelvin\Documents\GitHub\ee2024\Lib_CMSISv1p30_LPC17xx\Debug\libCMSISv1p30_LPC17xx.a(core_cm3.o)
 .debug_abbrev  0x00001aa3       0xce C:\Users\Kelvin\Documents\GitHub\ee2024\Lib_CMSISv1p30_LPC17xx\Debug\libCMSISv1p30_LPC17xx.a(system_LPC17xx.o)
 .debug_abbrev  0x00001b71       0xa8 c:/nxp/lpcxpresso_6.1.4_194/lpcxpresso/tools/bin/../lib/gcc/arm-none-eabi/4.6.2/../../../../arm-none-eabi/lib/armv7-m\libcr_newlib_semihost.a(_cr_sbrk.o)
 .debug_abbrev  0x00001c19       0x72 c:/nxp/lpcxpresso_6.1.4_194/lpcxpresso/tools/bin/../lib/gcc/arm-none-eabi/4.6.2/../../../../arm-none-eabi/lib/armv7-m\libcr_newlib_semihost.a(_cr_check_heap.o)

.debug_loc      0x00000000     0x3b40
 .debug_loc     0x00000000      0x1f0 ./src/cr_startup_lpc17.o
 .debug_loc     0x000001f0      0xb6a ./src/main.o
 .debug_loc     0x00000d5a      0x1f0 C:\Users\Kelvin\Documents\GitHub\ee2024\Lib_EaBaseBoard\Debug\libLib_EaBaseBoard.a(acc.o)
 .debug_loc     0x00000f4a       0x9c C:\Users\Kelvin\Documents\GitHub\ee2024\Lib_EaBaseBoard\Debug\libLib_EaBaseBoard.a(led7seg.o)
 .debug_loc     0x00000fe6      0x378 C:\Users\Kelvin\Documents\GitHub\ee2024\Lib_EaBaseBoard\Debug\libLib_EaBaseBoard.a(light.o)
 .debug_loc     0x0000135e      0x33e C:\Users\Kelvin\Documents\GitHub\ee2024\Lib_EaBaseBoard\Debug\libLib_EaBaseBoard.a(oled.o)
 .debug_loc     0x0000169c      0x2d0 C:\Users\Kelvin\Documents\GitHub\ee2024\Lib_EaBaseBoard\Debug\libLib_EaBaseBoard.a(pca9532.o)
 .debug_loc     0x0000196c       0x64 C:\Users\Kelvin\Documents\GitHub\ee2024\Lib_EaBaseBoard\Debug\libLib_EaBaseBoard.a(rgb.o)
 .debug_loc     0x000019d0       0x70 C:\Users\Kelvin\Documents\GitHub\ee2024\Lib_EaBaseBoard\Debug\libLib_EaBaseBoard.a(temp.o)
 .debug_loc     0x00001a40      0x4d0 C:\Users\Kelvin\Documents\GitHub\ee2024\Lib_MCU\Debug\libLib_MCU.a(lpc17xx_gpio.o)
 .debug_loc     0x00001f10      0x4e4 C:\Users\Kelvin\Documents\GitHub\ee2024\Lib_MCU\Debug\libLib_MCU.a(lpc17xx_i2c.o)
 .debug_loc     0x000023f4      0x150 C:\Users\Kelvin\Documents\GitHub\ee2024\Lib_MCU\Debug\libLib_MCU.a(lpc17xx_pinsel.o)
 .debug_loc     0x00002544      0x448 C:\Users\Kelvin\Documents\GitHub\ee2024\Lib_MCU\Debug\libLib_MCU.a(lpc17xx_ssp.o)
 .debug_loc     0x0000298c      0x3b8 C:\Users\Kelvin\Documents\GitHub\ee2024\Lib_MCU\Debug\libLib_MCU.a(lpc17xx_timer.o)
 .debug_loc     0x00002d44      0x77a C:\Users\Kelvin\Documents\GitHub\ee2024\Lib_MCU\Debug\libLib_MCU.a(lpc17xx_uart.o)
 .debug_loc     0x000034be      0x1bc C:\Users\Kelvin\Documents\GitHub\ee2024\Lib_MCU\Debug\libLib_MCU.a(lpc17xx_clkpwr.o)
 .debug_loc     0x0000367a      0x3f0 C:\Users\Kelvin\Documents\GitHub\ee2024\Lib_CMSISv1p30_LPC17xx\Debug\libCMSISv1p30_LPC17xx.a(core_cm3.o)
 .debug_loc     0x00003a6a       0x58 C:\Users\Kelvin\Documents\GitHub\ee2024\Lib_CMSISv1p30_LPC17xx\Debug\libCMSISv1p30_LPC17xx.a(system_LPC17xx.o)
 .debug_loc     0x00003ac2       0x55 c:/nxp/lpcxpresso_6.1.4_194/lpcxpresso/tools/bin/../lib/gcc/arm-none-eabi/4.6.2/../../../../arm-none-eabi/lib/armv7-m\libcr_newlib_semihost.a(_cr_sbrk.o)
 .debug_loc     0x00003b17       0x29 c:/nxp/lpcxpresso_6.1.4_194/lpcxpresso/tools/bin/../lib/gcc/arm-none-eabi/4.6.2/../../../../arm-none-eabi/lib/armv7-m\libcr_newlib_semihost.a(_cr_check_heap.o)

.debug_aranges  0x00000000      0xae0
 .debug_aranges
                0x00000000       0x70 ./src/cr_startup_lpc17.o
 .debug_aranges
                0x00000070      0x1f0 ./src/main.o
 .debug_aranges
                0x00000260       0x60 C:\Users\Kelvin\Documents\GitHub\ee2024\Lib_EaBaseBoard\Debug\libLib_EaBaseBoard.a(acc.o)
 .debug_aranges
                0x000002c0       0x30 C:\Users\Kelvin\Documents\GitHub\ee2024\Lib_EaBaseBoard\Debug\libLib_EaBaseBoard.a(led7seg.o)
 .debug_aranges
                0x000002f0       0x98 C:\Users\Kelvin\Documents\GitHub\ee2024\Lib_EaBaseBoard\Debug\libLib_EaBaseBoard.a(light.o)
 .debug_aranges
                0x00000388       0x90 C:\Users\Kelvin\Documents\GitHub\ee2024\Lib_EaBaseBoard\Debug\libLib_EaBaseBoard.a(oled.o)
 .debug_aranges
                0x00000418       0x80 C:\Users\Kelvin\Documents\GitHub\ee2024\Lib_EaBaseBoard\Debug\libLib_EaBaseBoard.a(pca9532.o)
 .debug_aranges
                0x00000498       0x28 C:\Users\Kelvin\Documents\GitHub\ee2024\Lib_EaBaseBoard\Debug\libLib_EaBaseBoard.a(rgb.o)
 .debug_aranges
                0x000004c0       0x28 C:\Users\Kelvin\Documents\GitHub\ee2024\Lib_EaBaseBoard\Debug\libLib_EaBaseBoard.a(temp.o)
 .debug_aranges
                0x000004e8       0xc8 C:\Users\Kelvin\Documents\GitHub\ee2024\Lib_MCU\Debug\libLib_MCU.a(lpc17xx_gpio.o)
 .debug_aranges
                0x000005b0       0xd0 C:\Users\Kelvin\Documents\GitHub\ee2024\Lib_MCU\Debug\libLib_MCU.a(lpc17xx_i2c.o)
 .debug_aranges
                0x00000680       0x48 C:\Users\Kelvin\Documents\GitHub\ee2024\Lib_MCU\Debug\libLib_MCU.a(lpc17xx_pinsel.o)
 .debug_aranges
                0x000006c8       0xb8 C:\Users\Kelvin\Documents\GitHub\ee2024\Lib_MCU\Debug\libLib_MCU.a(lpc17xx_ssp.o)
 .debug_aranges
                0x00000780       0xa0 C:\Users\Kelvin\Documents\GitHub\ee2024\Lib_MCU\Debug\libLib_MCU.a(lpc17xx_timer.o)
 .debug_aranges
                0x00000820      0x130 C:\Users\Kelvin\Documents\GitHub\ee2024\Lib_MCU\Debug\libLib_MCU.a(lpc17xx_uart.o)
 .debug_aranges
                0x00000950       0x60 C:\Users\Kelvin\Documents\GitHub\ee2024\Lib_MCU\Debug\libLib_MCU.a(lpc17xx_clkpwr.o)
 .debug_aranges
                0x000009b0       0xc8 C:\Users\Kelvin\Documents\GitHub\ee2024\Lib_CMSISv1p30_LPC17xx\Debug\libCMSISv1p30_LPC17xx.a(core_cm3.o)
 .debug_aranges
                0x00000a78       0x28 C:\Users\Kelvin\Documents\GitHub\ee2024\Lib_CMSISv1p30_LPC17xx\Debug\libCMSISv1p30_LPC17xx.a(system_LPC17xx.o)
 .debug_aranges
                0x00000aa0       0x20 c:/nxp/lpcxpresso_6.1.4_194/lpcxpresso/tools/bin/../lib/gcc/arm-none-eabi/4.6.2/../../../../arm-none-eabi/lib/armv7-m\libcr_newlib_semihost.a(_cr_sbrk.o)
 .debug_aranges
                0x00000ac0       0x20 c:/nxp/lpcxpresso_6.1.4_194/lpcxpresso/tools/bin/../lib/gcc/arm-none-eabi/4.6.2/../../../../arm-none-eabi/lib/armv7-m\libcr_newlib_semihost.a(_cr_check_heap.o)

.debug_ranges   0x00000000      0x9a0
 .debug_ranges  0x00000000       0x60 ./src/cr_startup_lpc17.o
 .debug_ranges  0x00000060      0x1e0 ./src/main.o
 .debug_ranges  0x00000240       0x50 C:\Users\Kelvin\Documents\GitHub\ee2024\Lib_EaBaseBoard\Debug\libLib_EaBaseBoard.a(acc.o)
 .debug_ranges  0x00000290       0x20 C:\Users\Kelvin\Documents\GitHub\ee2024\Lib_EaBaseBoard\Debug\libLib_EaBaseBoard.a(led7seg.o)
 .debug_ranges  0x000002b0       0x88 C:\Users\Kelvin\Documents\GitHub\ee2024\Lib_EaBaseBoard\Debug\libLib_EaBaseBoard.a(light.o)
 .debug_ranges  0x00000338       0x80 C:\Users\Kelvin\Documents\GitHub\ee2024\Lib_EaBaseBoard\Debug\libLib_EaBaseBoard.a(oled.o)
 .debug_ranges  0x000003b8       0x70 C:\Users\Kelvin\Documents\GitHub\ee2024\Lib_EaBaseBoard\Debug\libLib_EaBaseBoard.a(pca9532.o)
 .debug_ranges  0x00000428       0x18 C:\Users\Kelvin\Documents\GitHub\ee2024\Lib_EaBaseBoard\Debug\libLib_EaBaseBoard.a(rgb.o)
 .debug_ranges  0x00000440       0x18 C:\Users\Kelvin\Documents\GitHub\ee2024\Lib_EaBaseBoard\Debug\libLib_EaBaseBoard.a(temp.o)
 .debug_ranges  0x00000458       0xb8 C:\Users\Kelvin\Documents\GitHub\ee2024\Lib_MCU\Debug\libLib_MCU.a(lpc17xx_gpio.o)
 .debug_ranges  0x00000510       0xc0 C:\Users\Kelvin\Documents\GitHub\ee2024\Lib_MCU\Debug\libLib_MCU.a(lpc17xx_i2c.o)
 .debug_ranges  0x000005d0       0x38 C:\Users\Kelvin\Documents\GitHub\ee2024\Lib_MCU\Debug\libLib_MCU.a(lpc17xx_pinsel.o)
 .debug_ranges  0x00000608       0xa8 C:\Users\Kelvin\Documents\GitHub\ee2024\Lib_MCU\Debug\libLib_MCU.a(lpc17xx_ssp.o)
 .debug_ranges  0x000006b0       0x90 C:\Users\Kelvin\Documents\GitHub\ee2024\Lib_MCU\Debug\libLib_MCU.a(lpc17xx_timer.o)
 .debug_ranges  0x00000740      0x120 C:\Users\Kelvin\Documents\GitHub\ee2024\Lib_MCU\Debug\libLib_MCU.a(lpc17xx_uart.o)
 .debug_ranges  0x00000860       0x50 C:\Users\Kelvin\Documents\GitHub\ee2024\Lib_MCU\Debug\libLib_MCU.a(lpc17xx_clkpwr.o)
 .debug_ranges  0x000008b0       0xb8 C:\Users\Kelvin\Documents\GitHub\ee2024\Lib_CMSISv1p30_LPC17xx\Debug\libCMSISv1p30_LPC17xx.a(core_cm3.o)
 .debug_ranges  0x00000968       0x18 C:\Users\Kelvin\Documents\GitHub\ee2024\Lib_CMSISv1p30_LPC17xx\Debug\libCMSISv1p30_LPC17xx.a(system_LPC17xx.o)
 .debug_ranges  0x00000980       0x10 c:/nxp/lpcxpresso_6.1.4_194/lpcxpresso/tools/bin/../lib/gcc/arm-none-eabi/4.6.2/../../../../arm-none-eabi/lib/armv7-m\libcr_newlib_semihost.a(_cr_sbrk.o)
 .debug_ranges  0x00000990       0x10 c:/nxp/lpcxpresso_6.1.4_194/lpcxpresso/tools/bin/../lib/gcc/arm-none-eabi/4.6.2/../../../../arm-none-eabi/lib/armv7-m\libcr_newlib_semihost.a(_cr_check_heap.o)

.debug_line     0x00000000     0x71c1
 .debug_line    0x00000000      0x363 ./src/cr_startup_lpc17.o
 .debug_line    0x00000363      0xd5b ./src/main.o
 .debug_line    0x000010be      0x4d3 C:\Users\Kelvin\Documents\GitHub\ee2024\Lib_EaBaseBoard\Debug\libLib_EaBaseBoard.a(acc.o)
 .debug_line    0x00001591      0x464 C:\Users\Kelvin\Documents\GitHub\ee2024\Lib_EaBaseBoard\Debug\libLib_EaBaseBoard.a(led7seg.o)
 .debug_line    0x000019f5      0x57f C:\Users\Kelvin\Documents\GitHub\ee2024\Lib_EaBaseBoard\Debug\libLib_EaBaseBoard.a(light.o)
 .debug_line    0x00001f74      0x758 C:\Users\Kelvin\Documents\GitHub\ee2024\Lib_EaBaseBoard\Debug\libLib_EaBaseBoard.a(oled.o)
 .debug_line    0x000026cc      0x56a C:\Users\Kelvin\Documents\GitHub\ee2024\Lib_EaBaseBoard\Debug\libLib_EaBaseBoard.a(pca9532.o)
 .debug_line    0x00002c36      0x42b C:\Users\Kelvin\Documents\GitHub\ee2024\Lib_EaBaseBoard\Debug\libLib_EaBaseBoard.a(rgb.o)
 .debug_line    0x00003061      0x44b C:\Users\Kelvin\Documents\GitHub\ee2024\Lib_EaBaseBoard\Debug\libLib_EaBaseBoard.a(temp.o)
 .debug_line    0x000034ac       0x7d C:\Users\Kelvin\Documents\GitHub\ee2024\Lib_EaBaseBoard\Debug\libLib_EaBaseBoard.a(font5x7.o)
 .debug_line    0x00003529      0x5d4 C:\Users\Kelvin\Documents\GitHub\ee2024\Lib_MCU\Debug\libLib_MCU.a(lpc17xx_gpio.o)
 .debug_line    0x00003afd      0x8ef C:\Users\Kelvin\Documents\GitHub\ee2024\Lib_MCU\Debug\libLib_MCU.a(lpc17xx_i2c.o)
 .debug_line    0x000043ec      0x453 C:\Users\Kelvin\Documents\GitHub\ee2024\Lib_MCU\Debug\libLib_MCU.a(lpc17xx_pinsel.o)
 .debug_line    0x0000483f      0x822 C:\Users\Kelvin\Documents\GitHub\ee2024\Lib_MCU\Debug\libLib_MCU.a(lpc17xx_ssp.o)
 .debug_line    0x00005061      0x780 C:\Users\Kelvin\Documents\GitHub\ee2024\Lib_MCU\Debug\libLib_MCU.a(lpc17xx_timer.o)
 .debug_line    0x000057e1      0xb6e C:\Users\Kelvin\Documents\GitHub\ee2024\Lib_MCU\Debug\libLib_MCU.a(lpc17xx_uart.o)
 .debug_line    0x0000634f      0x4b4 C:\Users\Kelvin\Documents\GitHub\ee2024\Lib_MCU\Debug\libLib_MCU.a(lpc17xx_clkpwr.o)
 .debug_line    0x00006803      0x4a8 C:\Users\Kelvin\Documents\GitHub\ee2024\Lib_CMSISv1p30_LPC17xx\Debug\libCMSISv1p30_LPC17xx.a(core_cm3.o)
 .debug_line    0x00006cab      0x402 C:\Users\Kelvin\Documents\GitHub\ee2024\Lib_CMSISv1p30_LPC17xx\Debug\libCMSISv1p30_LPC17xx.a(system_LPC17xx.o)
 .debug_line    0x000070ad       0xc0 c:/nxp/lpcxpresso_6.1.4_194/lpcxpresso/tools/bin/../lib/gcc/arm-none-eabi/4.6.2/../../../../arm-none-eabi/lib/armv7-m\libcr_newlib_semihost.a(_cr_sbrk.o)
 .debug_line    0x0000716d       0x54 c:/nxp/lpcxpresso_6.1.4_194/lpcxpresso/tools/bin/../lib/gcc/arm-none-eabi/4.6.2/../../../../arm-none-eabi/lib/armv7-m\libcr_newlib_semihost.a(_cr_check_heap.o)

.debug_macinfo  0x00000000    0xa3a04
 .debug_macinfo
                0x00000000     0x2c15 ./src/cr_startup_lpc17.o
 .debug_macinfo
                0x00002c15     0xe308 ./src/main.o
 .debug_macinfo
                0x00010f1d     0x8f1b C:\Users\Kelvin\Documents\GitHub\ee2024\Lib_EaBaseBoard\Debug\libLib_EaBaseBoard.a(acc.o)
 .debug_macinfo
                0x00019e38     0x96a3 C:\Users\Kelvin\Documents\GitHub\ee2024\Lib_EaBaseBoard\Debug\libLib_EaBaseBoard.a(led7seg.o)
 .debug_macinfo
                0x000234db     0x8e3a C:\Users\Kelvin\Documents\GitHub\ee2024\Lib_EaBaseBoard\Debug\libLib_EaBaseBoard.a(light.o)
 .debug_macinfo
                0x0002c315     0xa143 C:\Users\Kelvin\Documents\GitHub\ee2024\Lib_EaBaseBoard\Debug\libLib_EaBaseBoard.a(oled.o)
 .debug_macinfo
                0x00036458     0x8e59 C:\Users\Kelvin\Documents\GitHub\ee2024\Lib_EaBaseBoard\Debug\libLib_EaBaseBoard.a(pca9532.o)
 .debug_macinfo
                0x0003f2b1     0x854c C:\Users\Kelvin\Documents\GitHub\ee2024\Lib_EaBaseBoard\Debug\libLib_EaBaseBoard.a(rgb.o)
 .debug_macinfo
                0x000477fd     0x85e4 C:\Users\Kelvin\Documents\GitHub\ee2024\Lib_EaBaseBoard\Debug\libLib_EaBaseBoard.a(temp.o)
 .debug_macinfo
                0x0004fde1     0x332a C:\Users\Kelvin\Documents\GitHub\ee2024\Lib_EaBaseBoard\Debug\libLib_EaBaseBoard.a(font5x7.o)
 .debug_macinfo
                0x0005310b     0x86b8 C:\Users\Kelvin\Documents\GitHub\ee2024\Lib_MCU\Debug\libLib_MCU.a(lpc17xx_gpio.o)
 .debug_macinfo
                0x0005b7c3     0xa5d8 C:\Users\Kelvin\Documents\GitHub\ee2024\Lib_MCU\Debug\libLib_MCU.a(lpc17xx_i2c.o)
 .debug_macinfo
                0x00065d9b     0x87d3 C:\Users\Kelvin\Documents\GitHub\ee2024\Lib_MCU\Debug\libLib_MCU.a(lpc17xx_pinsel.o)
 .debug_macinfo
                0x0006e56e     0xa8d0 C:\Users\Kelvin\Documents\GitHub\ee2024\Lib_MCU\Debug\libLib_MCU.a(lpc17xx_ssp.o)
 .debug_macinfo
                0x00078e3e     0xa4cd C:\Users\Kelvin\Documents\GitHub\ee2024\Lib_MCU\Debug\libLib_MCU.a(lpc17xx_timer.o)
 .debug_macinfo
                0x0008330b     0xb03f C:\Users\Kelvin\Documents\GitHub\ee2024\Lib_MCU\Debug\libLib_MCU.a(lpc17xx_uart.o)
 .debug_macinfo
                0x0008e34a     0x95f9 C:\Users\Kelvin\Documents\GitHub\ee2024\Lib_MCU\Debug\libLib_MCU.a(lpc17xx_clkpwr.o)
 .debug_macinfo
                0x00097943     0x3cc9 C:\Users\Kelvin\Documents\GitHub\ee2024\Lib_CMSISv1p30_LPC17xx\Debug\libCMSISv1p30_LPC17xx.a(core_cm3.o)
 .debug_macinfo
                0x0009b60c     0x83f8 C:\Users\Kelvin\Documents\GitHub\ee2024\Lib_CMSISv1p30_LPC17xx\Debug\libCMSISv1p30_LPC17xx.a(system_LPC17xx.o)

.debug_str      0x00000000     0x3156
 .debug_str     0x00000000      0x1c8 ./src/cr_startup_lpc17.o
                                0x202 (size before relaxing)
 .debug_str     0x000001c8      0xe62 ./src/main.o
                                0xfd1 (size before relaxing)
 .debug_str     0x0000102a      0x21b C:\Users\Kelvin\Documents\GitHub\ee2024\Lib_EaBaseBoard\Debug\libLib_EaBaseBoard.a(acc.o)
                                0x393 (size before relaxing)
 .debug_str     0x00001245       0x9b C:\Users\Kelvin\Documents\GitHub\ee2024\Lib_EaBaseBoard\Debug\libLib_EaBaseBoard.a(led7seg.o)
                                0x205 (size before relaxing)
 .debug_str     0x000012e0      0x17f C:\Users\Kelvin\Documents\GitHub\ee2024\Lib_EaBaseBoard\Debug\libLib_EaBaseBoard.a(light.o)
                                0x4f8 (size before relaxing)
 .debug_str     0x0000145f      0x19f C:\Users\Kelvin\Documents\GitHub\ee2024\Lib_EaBaseBoard\Debug\libLib_EaBaseBoard.a(oled.o)
                                0x3b0 (size before relaxing)
 .debug_str     0x000015fe      0x12c C:\Users\Kelvin\Documents\GitHub\ee2024\Lib_EaBaseBoard\Debug\libLib_EaBaseBoard.a(pca9532.o)
                                0x3ea (size before relaxing)
 .debug_str     0x0000172a       0x22 C:\Users\Kelvin\Documents\GitHub\ee2024\Lib_EaBaseBoard\Debug\libLib_EaBaseBoard.a(rgb.o)
                                0x144 (size before relaxing)
 .debug_str     0x0000174c       0x31 C:\Users\Kelvin\Documents\GitHub\ee2024\Lib_EaBaseBoard\Debug\libLib_EaBaseBoard.a(temp.o)
                                0x167 (size before relaxing)
 .debug_str     0x0000177d       0x11 C:\Users\Kelvin\Documents\GitHub\ee2024\Lib_EaBaseBoard\Debug\libLib_EaBaseBoard.a(font5x7.o)
                                 0xbb (size before relaxing)
 .debug_str     0x0000178e      0x374 C:\Users\Kelvin\Documents\GitHub\ee2024\Lib_MCU\Debug\libLib_MCU.a(lpc17xx_gpio.o)
                                0x46c (size before relaxing)
 .debug_str     0x00001b02      0x2f4 C:\Users\Kelvin\Documents\GitHub\ee2024\Lib_MCU\Debug\libLib_MCU.a(lpc17xx_i2c.o)
                                0x802 (size before relaxing)
 .debug_str     0x00001df6      0x214 C:\Users\Kelvin\Documents\GitHub\ee2024\Lib_MCU\Debug\libLib_MCU.a(lpc17xx_pinsel.o)
                                0x3a1 (size before relaxing)
 .debug_str     0x0000200a      0x209 C:\Users\Kelvin\Documents\GitHub\ee2024\Lib_MCU\Debug\libLib_MCU.a(lpc17xx_ssp.o)
                                0x47f (size before relaxing)
 .debug_str     0x00002213      0x290 C:\Users\Kelvin\Documents\GitHub\ee2024\Lib_MCU\Debug\libLib_MCU.a(lpc17xx_timer.o)
                                0x5b5 (size before relaxing)
 .debug_str     0x000024a3      0x929 C:\Users\Kelvin\Documents\GitHub\ee2024\Lib_MCU\Debug\libLib_MCU.a(lpc17xx_uart.o)
                                0xc55 (size before relaxing)
 .debug_str     0x00002dcc       0xcb C:\Users\Kelvin\Documents\GitHub\ee2024\Lib_MCU\Debug\libLib_MCU.a(lpc17xx_clkpwr.o)
                                0x39d (size before relaxing)
 .debug_str     0x00002e97      0x185 C:\Users\Kelvin\Documents\GitHub\ee2024\Lib_CMSISv1p30_LPC17xx\Debug\libCMSISv1p30_LPC17xx.a(core_cm3.o)
                                0x27c (size before relaxing)
 .debug_str     0x0000301c       0x39 C:\Users\Kelvin\Documents\GitHub\ee2024\Lib_CMSISv1p30_LPC17xx\Debug\libCMSISv1p30_LPC17xx.a(system_LPC17xx.o)
                                0x297 (size before relaxing)
 .debug_str     0x00003055       0xbc c:/nxp/lpcxpresso_6.1.4_194/lpcxpresso/tools/bin/../lib/gcc/arm-none-eabi/4.6.2/../../../../arm-none-eabi/lib/armv7-m\libcr_newlib_semihost.a(_cr_sbrk.o)
                                0x145 (size before relaxing)
 .debug_str     0x00003111       0x45 c:/nxp/lpcxpresso_6.1.4_194/lpcxpresso/tools/bin/../lib/gcc/arm-none-eabi/4.6.2/../../../../arm-none-eabi/lib/armv7-m\libcr_newlib_semihost.a(_cr_check_heap.o)
                                 0xd1 (size before relaxing)

.comment        0x00000000       0x9a
 .comment       0x00000000       0x70 ./src/cr_startup_lpc17.o
                                 0x71 (size before relaxing)
 .comment       0x00000000       0x71 ./src/main.o
 .comment       0x00000000       0x71 C:\Users\Kelvin\Documents\GitHub\ee2024\Lib_EaBaseBoard\Debug\libLib_EaBaseBoard.a(acc.o)
 .comment       0x00000000       0x71 C:\Users\Kelvin\Documents\GitHub\ee2024\Lib_EaBaseBoard\Debug\libLib_EaBaseBoard.a(led7seg.o)
 .comment       0x00000000       0x71 C:\Users\Kelvin\Documents\GitHub\ee2024\Lib_EaBaseBoard\Debug\libLib_EaBaseBoard.a(light.o)
 .comment       0x00000000       0x71 C:\Users\Kelvin\Documents\GitHub\ee2024\Lib_EaBaseBoard\Debug\libLib_EaBaseBoard.a(oled.o)
 .comment       0x00000000       0x71 C:\Users\Kelvin\Documents\GitHub\ee2024\Lib_EaBaseBoard\Debug\libLib_EaBaseBoard.a(pca9532.o)
 .comment       0x00000000       0x71 C:\Users\Kelvin\Documents\GitHub\ee2024\Lib_EaBaseBoard\Debug\libLib_EaBaseBoard.a(rgb.o)
 .comment       0x00000000       0x71 C:\Users\Kelvin\Documents\GitHub\ee2024\Lib_EaBaseBoard\Debug\libLib_EaBaseBoard.a(temp.o)
 .comment       0x00000000       0x71 C:\Users\Kelvin\Documents\GitHub\ee2024\Lib_EaBaseBoard\Debug\libLib_EaBaseBoard.a(font5x7.o)
 .comment       0x00000000       0x71 C:\Users\Kelvin\Documents\GitHub\ee2024\Lib_MCU\Debug\libLib_MCU.a(lpc17xx_gpio.o)
 .comment       0x00000000       0x71 C:\Users\Kelvin\Documents\GitHub\ee2024\Lib_MCU\Debug\libLib_MCU.a(lpc17xx_i2c.o)
 .comment       0x00000000       0x71 C:\Users\Kelvin\Documents\GitHub\ee2024\Lib_MCU\Debug\libLib_MCU.a(lpc17xx_pinsel.o)
 .comment       0x00000000       0x71 C:\Users\Kelvin\Documents\GitHub\ee2024\Lib_MCU\Debug\libLib_MCU.a(lpc17xx_ssp.o)
 .comment       0x00000000       0x71 C:\Users\Kelvin\Documents\GitHub\ee2024\Lib_MCU\Debug\libLib_MCU.a(lpc17xx_timer.o)
 .comment       0x00000000       0x71 C:\Users\Kelvin\Documents\GitHub\ee2024\Lib_MCU\Debug\libLib_MCU.a(lpc17xx_uart.o)
 .comment       0x00000000       0x71 C:\Users\Kelvin\Documents\GitHub\ee2024\Lib_MCU\Debug\libLib_MCU.a(lpc17xx_clkpwr.o)
 .comment       0x00000000       0x71 C:\Users\Kelvin\Documents\GitHub\ee2024\Lib_CMSISv1p30_LPC17xx\Debug\libCMSISv1p30_LPC17xx.a(core_cm3.o)
 .comment       0x00000000       0x71 C:\Users\Kelvin\Documents\GitHub\ee2024\Lib_CMSISv1p30_LPC17xx\Debug\libCMSISv1p30_LPC17xx.a(system_LPC17xx.o)
 .comment       0x00000070       0x2a c:/nxp/lpcxpresso_6.1.4_194/lpcxpresso/tools/bin/../lib/gcc/arm-none-eabi/4.6.2/../../../../arm-none-eabi/lib/armv7-m\libcr_newlib_semihost.a(_cr_sbrk.o)
                                 0x2b (size before relaxing)
 .comment       0x00000000       0x2b c:/nxp/lpcxpresso_6.1.4_194/lpcxpresso/tools/bin/../lib/gcc/arm-none-eabi/4.6.2/../../../../arm-none-eabi/lib/armv7-m\libcr_newlib_semihost.a(_cr_check_heap.o)

.ARM.attributes
                0x00000000       0x33
 .ARM.attributes
                0x00000000       0x33 ./src/cr_startup_lpc17.o
 .ARM.attributes
                0x00000033       0x33 ./src/main.o
 .ARM.attributes
                0x00000066       0x33 C:\Users\Kelvin\Documents\GitHub\ee2024\Lib_EaBaseBoard\Debug\libLib_EaBaseBoard.a(acc.o)
 .ARM.attributes
                0x00000099       0x33 C:\Users\Kelvin\Documents\GitHub\ee2024\Lib_EaBaseBoard\Debug\libLib_EaBaseBoard.a(led7seg.o)
 .ARM.attributes
                0x000000cc       0x33 C:\Users\Kelvin\Documents\GitHub\ee2024\Lib_EaBaseBoard\Debug\libLib_EaBaseBoard.a(light.o)
 .ARM.attributes
                0x000000ff       0x33 C:\Users\Kelvin\Documents\GitHub\ee2024\Lib_EaBaseBoard\Debug\libLib_EaBaseBoard.a(oled.o)
 .ARM.attributes
                0x00000132       0x33 C:\Users\Kelvin\Documents\GitHub\ee2024\Lib_EaBaseBoard\Debug\libLib_EaBaseBoard.a(pca9532.o)
 .ARM.attributes
                0x00000165       0x33 C:\Users\Kelvin\Documents\GitHub\ee2024\Lib_EaBaseBoard\Debug\libLib_EaBaseBoard.a(rgb.o)
 .ARM.attributes
                0x00000198       0x33 C:\Users\Kelvin\Documents\GitHub\ee2024\Lib_EaBaseBoard\Debug\libLib_EaBaseBoard.a(temp.o)
 .ARM.attributes
                0x000001cb       0x33 C:\Users\Kelvin\Documents\GitHub\ee2024\Lib_EaBaseBoard\Debug\libLib_EaBaseBoard.a(font5x7.o)
 .ARM.attributes
                0x000001fe       0x33 C:\Users\Kelvin\Documents\GitHub\ee2024\Lib_MCU\Debug\libLib_MCU.a(lpc17xx_gpio.o)
 .ARM.attributes
                0x00000231       0x33 C:\Users\Kelvin\Documents\GitHub\ee2024\Lib_MCU\Debug\libLib_MCU.a(lpc17xx_i2c.o)
 .ARM.attributes
                0x00000264       0x33 C:\Users\Kelvin\Documents\GitHub\ee2024\Lib_MCU\Debug\libLib_MCU.a(lpc17xx_pinsel.o)
 .ARM.attributes
                0x00000297       0x33 C:\Users\Kelvin\Documents\GitHub\ee2024\Lib_MCU\Debug\libLib_MCU.a(lpc17xx_ssp.o)
 .ARM.attributes
                0x000002ca       0x33 C:\Users\Kelvin\Documents\GitHub\ee2024\Lib_MCU\Debug\libLib_MCU.a(lpc17xx_timer.o)
 .ARM.attributes
                0x000002fd       0x33 C:\Users\Kelvin\Documents\GitHub\ee2024\Lib_MCU\Debug\libLib_MCU.a(lpc17xx_uart.o)
 .ARM.attributes
                0x00000330       0x33 C:\Users\Kelvin\Documents\GitHub\ee2024\Lib_MCU\Debug\libLib_MCU.a(lpc17xx_clkpwr.o)
 .ARM.attributes
                0x00000363       0x33 C:\Users\Kelvin\Documents\GitHub\ee2024\Lib_CMSISv1p30_LPC17xx\Debug\libCMSISv1p30_LPC17xx.a(core_cm3.o)
 .ARM.attributes
                0x00000396       0x33 C:\Users\Kelvin\Documents\GitHub\ee2024\Lib_CMSISv1p30_LPC17xx\Debug\libCMSISv1p30_LPC17xx.a(system_LPC17xx.o)
 .ARM.attributes
                0x000003c9       0x1d c:/nxp/lpcxpresso_6.1.4_194/lpcxpresso/tools/bin/../lib/gcc/arm-none-eabi/4.6.2/armv7-m\libgcc.a(_arm_addsubdf3.o)
 .ARM.attributes
                0x000003e6       0x1d c:/nxp/lpcxpresso_6.1.4_194/lpcxpresso/tools/bin/../lib/gcc/arm-none-eabi/4.6.2/armv7-m\libgcc.a(_arm_muldivdf3.o)
 .ARM.attributes
                0x00000403       0x1d c:/nxp/lpcxpresso_6.1.4_194/lpcxpresso/tools/bin/../lib/gcc/arm-none-eabi/4.6.2/armv7-m\libgcc.a(_aeabi_uldivmod.o)
 .ARM.attributes
                0x00000420       0x2d c:/nxp/lpcxpresso_6.1.4_194/lpcxpresso/tools/bin/../lib/gcc/arm-none-eabi/4.6.2/armv7-m\libgcc.a(bpabi.o)
 .ARM.attributes
                0x0000044d       0x1d c:/nxp/lpcxpresso_6.1.4_194/lpcxpresso/tools/bin/../lib/gcc/arm-none-eabi/4.6.2/armv7-m\libgcc.a(_dvmd_tls.o)
 .ARM.attributes
                0x0000046a       0x2d c:/nxp/lpcxpresso_6.1.4_194/lpcxpresso/tools/bin/../lib/gcc/arm-none-eabi/4.6.2/armv7-m\libgcc.a(_divdi3.o)
 .ARM.attributes
                0x00000497       0x2d c:/nxp/lpcxpresso_6.1.4_194/lpcxpresso/tools/bin/../lib/gcc/arm-none-eabi/4.6.2/armv7-m\libgcc.a(_udivdi3.o)
 .ARM.attributes
                0x000004c4       0x2d c:/nxp/lpcxpresso_6.1.4_194/lpcxpresso/tools/bin/../lib/gcc/arm-none-eabi/4.6.2/../../../../arm-none-eabi/lib/armv7-m\libc.a(lib_a-memset.o)
 .ARM.attributes
                0x000004f1       0x2d c:/nxp/lpcxpresso_6.1.4_194/lpcxpresso/tools/bin/../lib/gcc/arm-none-eabi/4.6.2/../../../../arm-none-eabi/lib/armv7-m\libc.a(lib_a-sprintf.o)
 .ARM.attributes
                0x0000051e       0x2d c:/nxp/lpcxpresso_6.1.4_194/lpcxpresso/tools/bin/../lib/gcc/arm-none-eabi/4.6.2/../../../../arm-none-eabi/lib/armv7-m\libc.a(lib_a-strcpy.o)
 .ARM.attributes
                0x0000054b       0x2d c:/nxp/lpcxpresso_6.1.4_194/lpcxpresso/tools/bin/../lib/gcc/arm-none-eabi/4.6.2/../../../../arm-none-eabi/lib/armv7-m\libc.a(lib_a-strlen.o)
 .ARM.attributes
                0x00000578       0x2d c:/nxp/lpcxpresso_6.1.4_194/lpcxpresso/tools/bin/../lib/gcc/arm-none-eabi/4.6.2/../../../../arm-none-eabi/lib/armv7-m\libc.a(lib_a-svfprintf.o)
 .ARM.attributes
                0x000005a5       0x2d c:/nxp/lpcxpresso_6.1.4_194/lpcxpresso/tools/bin/../lib/gcc/arm-none-eabi/4.6.2/../../../../arm-none-eabi/lib/armv7-m\libc.a(lib_a-dtoa.o)
 .ARM.attributes
                0x000005d2       0x2d c:/nxp/lpcxpresso_6.1.4_194/lpcxpresso/tools/bin/../lib/gcc/arm-none-eabi/4.6.2/../../../../arm-none-eabi/lib/armv7-m\libc.a(lib_a-impure.o)
 .ARM.attributes
                0x000005ff       0x2d c:/nxp/lpcxpresso_6.1.4_194/lpcxpresso/tools/bin/../lib/gcc/arm-none-eabi/4.6.2/../../../../arm-none-eabi/lib/armv7-m\libc.a(lib_a-locale.o)
 .ARM.attributes
                0x0000062c       0x2d c:/nxp/lpcxpresso_6.1.4_194/lpcxpresso/tools/bin/../lib/gcc/arm-none-eabi/4.6.2/../../../../arm-none-eabi/lib/armv7-m\libc.a(lib_a-mallocr.o)
 .ARM.attributes
                0x00000659       0x2d c:/nxp/lpcxpresso_6.1.4_194/lpcxpresso/tools/bin/../lib/gcc/arm-none-eabi/4.6.2/../../../../arm-none-eabi/lib/armv7-m\libc.a(lib_a-memchr.o)
 .ARM.attributes
                0x00000686       0x2d c:/nxp/lpcxpresso_6.1.4_194/lpcxpresso/tools/bin/../lib/gcc/arm-none-eabi/4.6.2/../../../../arm-none-eabi/lib/armv7-m\libc.a(lib_a-memcpy.o)
 .ARM.attributes
                0x000006b3       0x2d c:/nxp/lpcxpresso_6.1.4_194/lpcxpresso/tools/bin/../lib/gcc/arm-none-eabi/4.6.2/../../../../arm-none-eabi/lib/armv7-m\libc.a(lib_a-mlock.o)
 .ARM.attributes
                0x000006e0       0x2d c:/nxp/lpcxpresso_6.1.4_194/lpcxpresso/tools/bin/../lib/gcc/arm-none-eabi/4.6.2/../../../../arm-none-eabi/lib/armv7-m\libc.a(lib_a-mprec.o)
 .ARM.attributes
                0x0000070d       0x2d c:/nxp/lpcxpresso_6.1.4_194/lpcxpresso/tools/bin/../lib/gcc/arm-none-eabi/4.6.2/../../../../arm-none-eabi/lib/armv7-m\libc.a(lib_a-s_fpclassify.o)
 .ARM.attributes
                0x0000073a       0x2d c:/nxp/lpcxpresso_6.1.4_194/lpcxpresso/tools/bin/../lib/gcc/arm-none-eabi/4.6.2/../../../../arm-none-eabi/lib/armv7-m\libc.a(lib_a-sbrkr.o)
 .ARM.attributes
                0x00000767       0x2d c:/nxp/lpcxpresso_6.1.4_194/lpcxpresso/tools/bin/../lib/gcc/arm-none-eabi/4.6.2/../../../../arm-none-eabi/lib/armv7-m\libc.a(lib_a-strcmp.o)
 .ARM.attributes
                0x00000794       0x2d c:/nxp/lpcxpresso_6.1.4_194/lpcxpresso/tools/bin/../lib/gcc/arm-none-eabi/4.6.2/../../../../arm-none-eabi/lib/armv7-m\libc.a(lib_a-svfiprintf.o)
 .ARM.attributes
                0x000007c1       0x2d c:/nxp/lpcxpresso_6.1.4_194/lpcxpresso/tools/bin/../lib/gcc/arm-none-eabi/4.6.2/../../../../arm-none-eabi/lib/armv7-m\libc.a(lib_a-callocr.o)
 .ARM.attributes
                0x000007ee       0x2d c:/nxp/lpcxpresso_6.1.4_194/lpcxpresso/tools/bin/../lib/gcc/arm-none-eabi/4.6.2/../../../../arm-none-eabi/lib/armv7-m\libc.a(lib_a-freer.o)
 .ARM.attributes
                0x0000081b       0x2d c:/nxp/lpcxpresso_6.1.4_194/lpcxpresso/tools/bin/../lib/gcc/arm-none-eabi/4.6.2/../../../../arm-none-eabi/lib/armv7-m\libc.a(lib_a-memmove.o)
 .ARM.attributes
                0x00000848       0x2d c:/nxp/lpcxpresso_6.1.4_194/lpcxpresso/tools/bin/../lib/gcc/arm-none-eabi/4.6.2/../../../../arm-none-eabi/lib/armv7-m\libc.a(lib_a-reallocr.o)
 .ARM.attributes
                0x00000875       0x2d c:/nxp/lpcxpresso_6.1.4_194/lpcxpresso/tools/bin/../lib/gcc/arm-none-eabi/4.6.2/../../../../arm-none-eabi/lib/armv7-m\libc.a(lib_a-reent.o)
 .ARM.attributes
                0x000008a2       0x31 c:/nxp/lpcxpresso_6.1.4_194/lpcxpresso/tools/bin/../lib/gcc/arm-none-eabi/4.6.2/../../../../arm-none-eabi/lib/armv7-m\libcr_newlib_semihost.a(_cr_sbrk.o)
 .ARM.attributes
                0x000008d3       0x31 c:/nxp/lpcxpresso_6.1.4_194/lpcxpresso/tools/bin/../lib/gcc/arm-none-eabi/4.6.2/../../../../arm-none-eabi/lib/armv7-m\libcr_newlib_semihost.a(_cr_check_heap.o)
 .ARM.attributes
                0x00000904       0x1d c:/nxp/lpcxpresso_6.1.4_194/lpcxpresso/tools/bin/../lib/gcc/arm-none-eabi/4.6.2/armv7-m\libgcc.a(_arm_cmpdf2.o)
 .ARM.attributes
                0x00000921       0x1d c:/nxp/lpcxpresso_6.1.4_194/lpcxpresso/tools/bin/../lib/gcc/arm-none-eabi/4.6.2/armv7-m\libgcc.a(_arm_fixdfsi.o)
 .ARM.attributes
                0x0000093e       0x2d c:/nxp/lpcxpresso_6.1.4_194/lpcxpresso/tools/bin/../lib/gcc/arm-none-eabi/4.6.2/../../../../arm-none-eabi/lib/armv7-m\libc.a(lib_a-errno.o)

.debug_frame    0x00000000     0x2af8
 .debug_frame   0x00000000      0x120 ./src/cr_startup_lpc17.o
 .debug_frame   0x00000120      0x6c4 ./src/main.o
 .debug_frame   0x000007e4      0x12c C:\Users\Kelvin\Documents\GitHub\ee2024\Lib_EaBaseBoard\Debug\libLib_EaBaseBoard.a(acc.o)
 .debug_frame   0x00000910       0x68 C:\Users\Kelvin\Documents\GitHub\ee2024\Lib_EaBaseBoard\Debug\libLib_EaBaseBoard.a(led7seg.o)
 .debug_frame   0x00000978      0x208 C:\Users\Kelvin\Documents\GitHub\ee2024\Lib_EaBaseBoard\Debug\libLib_EaBaseBoard.a(light.o)
 .debug_frame   0x00000b80      0x1ec C:\Users\Kelvin\Documents\GitHub\ee2024\Lib_EaBaseBoard\Debug\libLib_EaBaseBoard.a(oled.o)
 .debug_frame   0x00000d6c      0x1a8 C:\Users\Kelvin\Documents\GitHub\ee2024\Lib_EaBaseBoard\Debug\libLib_EaBaseBoard.a(pca9532.o)
 .debug_frame   0x00000f14       0x4c C:\Users\Kelvin\Documents\GitHub\ee2024\Lib_EaBaseBoard\Debug\libLib_EaBaseBoard.a(rgb.o)
 .debug_frame   0x00000f60       0x50 C:\Users\Kelvin\Documents\GitHub\ee2024\Lib_EaBaseBoard\Debug\libLib_EaBaseBoard.a(temp.o)
 .debug_frame   0x00000fb0      0x2c4 C:\Users\Kelvin\Documents\GitHub\ee2024\Lib_MCU\Debug\libLib_MCU.a(lpc17xx_gpio.o)
 .debug_frame   0x00001274      0x2c8 C:\Users\Kelvin\Documents\GitHub\ee2024\Lib_MCU\Debug\libLib_MCU.a(lpc17xx_i2c.o)
 .debug_frame   0x0000153c       0xbc C:\Users\Kelvin\Documents\GitHub\ee2024\Lib_MCU\Debug\libLib_MCU.a(lpc17xx_pinsel.o)
 .debug_frame   0x000015f8      0x280 C:\Users\Kelvin\Documents\GitHub\ee2024\Lib_MCU\Debug\libLib_MCU.a(lpc17xx_ssp.o)
 .debug_frame   0x00001878      0x228 C:\Users\Kelvin\Documents\GitHub\ee2024\Lib_MCU\Debug\libLib_MCU.a(lpc17xx_timer.o)
 .debug_frame   0x00001aa0      0x44c C:\Users\Kelvin\Documents\GitHub\ee2024\Lib_MCU\Debug\libLib_MCU.a(lpc17xx_uart.o)
 .debug_frame   0x00001eec      0x10c C:\Users\Kelvin\Documents\GitHub\ee2024\Lib_MCU\Debug\libLib_MCU.a(lpc17xx_clkpwr.o)
 .debug_frame   0x00001ff8      0x280 C:\Users\Kelvin\Documents\GitHub\ee2024\Lib_CMSISv1p30_LPC17xx\Debug\libCMSISv1p30_LPC17xx.a(core_cm3.o)
 .debug_frame   0x00002278       0x48 C:\Users\Kelvin\Documents\GitHub\ee2024\Lib_CMSISv1p30_LPC17xx\Debug\libCMSISv1p30_LPC17xx.a(system_LPC17xx.o)
 .debug_frame   0x000022c0       0x50 c:/nxp/lpcxpresso_6.1.4_194/lpcxpresso/tools/bin/../lib/gcc/arm-none-eabi/4.6.2/armv7-m\libgcc.a(bpabi.o)
 .debug_frame   0x00002310       0x34 c:/nxp/lpcxpresso_6.1.4_194/lpcxpresso/tools/bin/../lib/gcc/arm-none-eabi/4.6.2/armv7-m\libgcc.a(_divdi3.o)
 .debug_frame   0x00002344       0x34 c:/nxp/lpcxpresso_6.1.4_194/lpcxpresso/tools/bin/../lib/gcc/arm-none-eabi/4.6.2/armv7-m\libgcc.a(_udivdi3.o)
 .debug_frame   0x00002378       0x2c c:/nxp/lpcxpresso_6.1.4_194/lpcxpresso/tools/bin/../lib/gcc/arm-none-eabi/4.6.2/../../../../arm-none-eabi/lib/armv7-m\libc.a(lib_a-memset.o)
 .debug_frame   0x000023a4       0x64 c:/nxp/lpcxpresso_6.1.4_194/lpcxpresso/tools/bin/../lib/gcc/arm-none-eabi/4.6.2/../../../../arm-none-eabi/lib/armv7-m\libc.a(lib_a-sprintf.o)
 .debug_frame   0x00002408       0x20 c:/nxp/lpcxpresso_6.1.4_194/lpcxpresso/tools/bin/../lib/gcc/arm-none-eabi/4.6.2/../../../../arm-none-eabi/lib/armv7-m\libc.a(lib_a-strcpy.o)
 .debug_frame   0x00002428       0x20 c:/nxp/lpcxpresso_6.1.4_194/lpcxpresso/tools/bin/../lib/gcc/arm-none-eabi/4.6.2/../../../../arm-none-eabi/lib/armv7-m\libc.a(lib_a-strlen.o)
 .debug_frame   0x00002448       0x3c c:/nxp/lpcxpresso_6.1.4_194/lpcxpresso/tools/bin/../lib/gcc/arm-none-eabi/4.6.2/../../../../arm-none-eabi/lib/armv7-m\libc.a(lib_a-svfprintf.o)
 .debug_frame   0x00002484       0x64 c:/nxp/lpcxpresso_6.1.4_194/lpcxpresso/tools/bin/../lib/gcc/arm-none-eabi/4.6.2/../../../../arm-none-eabi/lib/armv7-m\libc.a(lib_a-dtoa.o)
 .debug_frame   0x000024e8       0x98 c:/nxp/lpcxpresso_6.1.4_194/lpcxpresso/tools/bin/../lib/gcc/arm-none-eabi/4.6.2/../../../../arm-none-eabi/lib/armv7-m\libc.a(lib_a-locale.o)
 .debug_frame   0x00002580       0x38 c:/nxp/lpcxpresso_6.1.4_194/lpcxpresso/tools/bin/../lib/gcc/arm-none-eabi/4.6.2/../../../../arm-none-eabi/lib/armv7-m\libc.a(lib_a-mallocr.o)
 .debug_frame   0x000025b8       0x2c c:/nxp/lpcxpresso_6.1.4_194/lpcxpresso/tools/bin/../lib/gcc/arm-none-eabi/4.6.2/../../../../arm-none-eabi/lib/armv7-m\libc.a(lib_a-memchr.o)
 .debug_frame   0x000025e4       0x2c c:/nxp/lpcxpresso_6.1.4_194/lpcxpresso/tools/bin/../lib/gcc/arm-none-eabi/4.6.2/../../../../arm-none-eabi/lib/armv7-m\libc.a(lib_a-memcpy.o)
 .debug_frame   0x00002610       0x30 c:/nxp/lpcxpresso_6.1.4_194/lpcxpresso/tools/bin/../lib/gcc/arm-none-eabi/4.6.2/../../../../arm-none-eabi/lib/armv7-m\libc.a(lib_a-mlock.o)
 .debug_frame   0x00002640      0x228 c:/nxp/lpcxpresso_6.1.4_194/lpcxpresso/tools/bin/../lib/gcc/arm-none-eabi/4.6.2/../../../../arm-none-eabi/lib/armv7-m\libc.a(lib_a-mprec.o)
 .debug_frame   0x00002868       0x20 c:/nxp/lpcxpresso_6.1.4_194/lpcxpresso/tools/bin/../lib/gcc/arm-none-eabi/4.6.2/../../../../arm-none-eabi/lib/armv7-m\libc.a(lib_a-s_fpclassify.o)
 .debug_frame   0x00002888       0x2c c:/nxp/lpcxpresso_6.1.4_194/lpcxpresso/tools/bin/../lib/gcc/arm-none-eabi/4.6.2/../../../../arm-none-eabi/lib/armv7-m\libc.a(lib_a-sbrkr.o)
 .debug_frame   0x000028b4       0x30 c:/nxp/lpcxpresso_6.1.4_194/lpcxpresso/tools/bin/../lib/gcc/arm-none-eabi/4.6.2/../../../../arm-none-eabi/lib/armv7-m\libc.a(lib_a-strcmp.o)
 .debug_frame   0x000028e4       0x64 c:/nxp/lpcxpresso_6.1.4_194/lpcxpresso/tools/bin/../lib/gcc/arm-none-eabi/4.6.2/../../../../arm-none-eabi/lib/armv7-m\libc.a(lib_a-svfiprintf.o)
 .debug_frame   0x00002948       0x28 c:/nxp/lpcxpresso_6.1.4_194/lpcxpresso/tools/bin/../lib/gcc/arm-none-eabi/4.6.2/../../../../arm-none-eabi/lib/armv7-m\libc.a(lib_a-callocr.o)