Archive member included because of file (symbol)

C:\Users\Kelvin\Documents\GitHub\ee2024\Lib_EaBaseBoard\Debug\libLib_EaBaseBoard.a(acc.o)
                              ./src/main.o (acc_init)
C:\Users\Kelvin\Documents\GitHub\ee2024\Lib_EaBaseBoard\Debug\libLib_EaBaseBoard.a(joystick.o)
                              ./src/main.o (joystick_init)
C:\Users\Kelvin\Documents\GitHub\ee2024\Lib_EaBaseBoard\Debug\libLib_EaBaseBoard.a(led7seg.o)
                              ./src/main.o (led7seg_init)
C:\Users\Kelvin\Documents\GitHub\ee2024\Lib_EaBaseBoard\Debug\libLib_EaBaseBoard.a(light.o)
                              ./src/main.o (light_init)
C:\Users\Kelvin\Documents\GitHub\ee2024\Lib_EaBaseBoard\Debug\libLib_EaBaseBoard.a(oled.o)
                              ./src/main.o (oled_init)
C:\Users\Kelvin\Documents\GitHub\ee2024\Lib_EaBaseBoard\Debug\libLib_EaBaseBoard.a(pca9532.o)
                              ./src/main.o (pca9532_init)
C:\Users\Kelvin\Documents\GitHub\ee2024\Lib_EaBaseBoard\Debug\libLib_EaBaseBoard.a(rgb.o)
                              ./src/main.o (rgb_init)
C:\Users\Kelvin\Documents\GitHub\ee2024\Lib_EaBaseBoard\Debug\libLib_EaBaseBoard.a(temp.o)
                              ./src/main.o (temp_init)
C:\Users\Kelvin\Documents\GitHub\ee2024\Lib_EaBaseBoard\Debug\libLib_EaBaseBoard.a(font5x7.o)
                              C:\Users\Kelvin\Documents\GitHub\ee2024\Lib_EaBaseBoard\Debug\libLib_EaBaseBoard.a(oled.o) (font5x7)
C:\Users\Kelvin\Documents\GitHub\ee2024\Lib_MCU\Debug\libLib_MCU.a(lpc17xx_gpio.o)
                              ./src/main.o (GPIO_SetDir)
C:\Users\Kelvin\Documents\GitHub\ee2024\Lib_MCU\Debug\libLib_MCU.a(lpc17xx_i2c.o)
                              ./src/main.o (I2C_Init)
C:\Users\Kelvin\Documents\GitHub\ee2024\Lib_MCU\Debug\libLib_MCU.a(lpc17xx_pinsel.o)
                              ./src/main.o (PINSEL_ConfigPin)
C:\Users\Kelvin\Documents\GitHub\ee2024\Lib_MCU\Debug\libLib_MCU.a(lpc17xx_ssp.o)
                              ./src/main.o (SSP_Init)
C:\Users\Kelvin\Documents\GitHub\ee2024\Lib_MCU\Debug\libLib_MCU.a(lpc17xx_timer.o)
                              ./src/main.o (Timer0_Wait)
C:\Users\Kelvin\Documents\GitHub\ee2024\Lib_MCU\Debug\libLib_MCU.a(lpc17xx_clkpwr.o)
                              C:\Users\Kelvin\Documents\GitHub\ee2024\Lib_MCU\Debug\libLib_MCU.a(lpc17xx_i2c.o) (CLKPWR_SetPCLKDiv)
C:\Users\Kelvin\Documents\GitHub\ee2024\Lib_CMSISv1p30_LPC17xx\Debug\libCMSISv1p30_LPC17xx.a(system_LPC17xx.o)
                              ./src/main.o (SystemCoreClock)
c:/nxp/lpcxpresso_6.1.4_194/lpcxpresso/tools/bin/../lib/gcc/arm-none-eabi/4.6.2/armv7-m\libgcc.a(_arm_addsubdf3.o)
                              ./src/main.o (__aeabi_i2d)
c:/nxp/lpcxpresso_6.1.4_194/lpcxpresso/tools/bin/../lib/gcc/arm-none-eabi/4.6.2/armv7-m\libgcc.a(_arm_muldivdf3.o)
                              ./src/main.o (__aeabi_ddiv)
c:/nxp/lpcxpresso_6.1.4_194/lpcxpresso/tools/bin/../lib/gcc/arm-none-eabi/4.6.2/armv7-m\libgcc.a(_aeabi_uldivmod.o)
                              C:\Users\Kelvin\Documents\GitHub\ee2024\Lib_MCU\Debug\libLib_MCU.a(lpc17xx_timer.o) (__aeabi_uldivmod)
c:/nxp/lpcxpresso_6.1.4_194/lpcxpresso/tools/bin/../lib/gcc/arm-none-eabi/4.6.2/armv7-m\libgcc.a(bpabi.o)
                              c:/nxp/lpcxpresso_6.1.4_194/lpcxpresso/tools/bin/../lib/gcc/arm-none-eabi/4.6.2/armv7-m\libgcc.a(_aeabi_uldivmod.o) (__gnu_uldivmod_helper)
c:/nxp/lpcxpresso_6.1.4_194/lpcxpresso/tools/bin/../lib/gcc/arm-none-eabi/4.6.2/armv7-m\libgcc.a(_dvmd_tls.o)
                              c:/nxp/lpcxpresso_6.1.4_194/lpcxpresso/tools/bin/../lib/gcc/arm-none-eabi/4.6.2/armv7-m\libgcc.a(_aeabi_uldivmod.o) (__aeabi_ldiv0)
c:/nxp/lpcxpresso_6.1.4_194/lpcxpresso/tools/bin/../lib/gcc/arm-none-eabi/4.6.2/armv7-m\libgcc.a(_divdi3.o)
                              c:/nxp/lpcxpresso_6.1.4_194/lpcxpresso/tools/bin/../lib/gcc/arm-none-eabi/4.6.2/armv7-m\libgcc.a(bpabi.o) (__divdi3)
c:/nxp/lpcxpresso_6.1.4_194/lpcxpresso/tools/bin/../lib/gcc/arm-none-eabi/4.6.2/armv7-m\libgcc.a(_udivdi3.o)
                              c:/nxp/lpcxpresso_6.1.4_194/lpcxpresso/tools/bin/../lib/gcc/arm-none-eabi/4.6.2/armv7-m\libgcc.a(bpabi.o) (__udivdi3)
c:/nxp/lpcxpresso_6.1.4_194/lpcxpresso/tools/bin/../lib/gcc/arm-none-eabi/4.6.2/../../../../arm-none-eabi/lib/armv7-m\libc.a(lib_a-memset.o)
                              C:\Users\Kelvin\Documents\GitHub\ee2024\Lib_EaBaseBoard\Debug\libLib_EaBaseBoard.a(oled.o) (memset)
c:/nxp/lpcxpresso_6.1.4_194/lpcxpresso/tools/bin/../lib/gcc/arm-none-eabi/4.6.2/../../../../arm-none-eabi/lib/armv7-m\libc.a(lib_a-sprintf.o)
                              ./src/main.o (sprintf)
c:/nxp/lpcxpresso_6.1.4_194/lpcxpresso/tools/bin/../lib/gcc/arm-none-eabi/4.6.2/../../../../arm-none-eabi/lib/armv7-m\libc.a(lib_a-strcpy.o)
                              ./src/main.o (strcpy)
[...]
Memory Configuration

Name             Origin             Length             Attributes
MFlash512        0x00000000         0x00080000         xr
RamLoc32         0x10000000         0x00008000         xrw
RamAHB32         0x2007c000         0x00008000         xrw
*default*        0x00000000         0xffffffff

Linker script and memory map

LOAD ./src/cr_startup_lpc17.o
LOAD ./src/main.o
LOAD C:\Users\Kelvin\Documents\GitHub\ee2024\Lib_EaBaseBoard\Debug\libLib_EaBaseBoard.a
LOAD C:\Users\Kelvin\Documents\GitHub\ee2024\Lib_MCU\Debug\libLib_MCU.a
LOAD C:\Users\Kelvin\Documents\GitHub\ee2024\Lib_CMSISv1p30_LPC17xx\Debug\libCMSISv1p30_LPC17xx.a
START GROUP
LOAD c:/nxp/lpcxpresso_6.1.4_194/lpcxpresso/tools/bin/../lib/gcc/arm-none-eabi/4.6.2/armv7-m\libgcc.a
LOAD c:/nxp/lpcxpresso_6.1.4_194/lpcxpresso/tools/bin/../lib/gcc/arm-none-eabi/4.6.2/../../../../arm-none-eabi/lib/armv7-m\libc.a
LOAD c:/nxp/lpcxpresso_6.1.4_194/lpcxpresso/tools/bin/../lib/gcc/arm-none-eabi/4.6.2/../../../../arm-none-eabi/lib/armv7-m\libm.a
LOAD c:/nxp/lpcxpresso_6.1.4_194/lpcxpresso/tools/bin/../lib/gcc/arm-none-eabi/4.6.2/../../../../arm-none-eabi/lib/armv7-m\libcr_newlib_semihost.a
END GROUP
                0x00080000                __top_MFlash512 = 0x80000
                0x10008000                __top_RamLoc32 = 0x10008000
                0x20084000                __top_RamAHB32 = 0x20084000

.text           0x00000000     0x94cc
 FILL mask 0xff
                0x00000000                __vectors_start__ = ABSOLUTE (.)
 *(.isr_vector)
 .isr_vector    0x00000000       0xcc ./src/cr_startup_lpc17.o
                0x00000000                g_pfnVectors
                0x000000cc                . = ALIGN (0x4)
                0x000000cc                __section_table_start = .
                0x000000cc                __data_section_table = .
                0x000000cc        0x4 LONG 0x94d4 LOADADDR (.data)
                0x000000d0        0x4 LONG 0x10000000 ADDR (.data)
                0x000000d4        0x4 LONG 0x8d4 SIZEOF (.data)
                0x000000d8        0x4 LONG 0x94d4 LOADADDR (.data_RAM2)
                0x000000dc        0x4 LONG 0x2007c000 ADDR (.data_RAM2)
                0x000000e0        0x4 LONG 0x0 SIZEOF (.data_RAM2)
                0x000000e4                __data_section_table_end = .
                0x000000e4                __bss_section_table = .
                0x000000e4        0x4 LONG 0x100008d4 ADDR (.bss)
                0x000000e8        0x4 LONG 0x3bc SIZEOF (.bss)
                0x000000ec        0x4 LONG 0x2007c000 ADDR (.bss_RAM2)
                0x000000f0        0x4 LONG 0x0 SIZEOF (.bss_RAM2)
                0x000000f4                __bss_section_table_end = .
                0x000000f4                __section_table_end = .
 *(.after_vectors*)
 *(.text*)
 .text.ResetISR
                0x000000f4       0x68 ./src/cr_startup_lpc17.o
                0x000000f4                ResetISR
 .text.NMI_Handler
                0x0000015c        0x8 ./src/cr_startup_lpc17.o
                0x0000015c                NMI_Handler
 .text.HardFault_Handler
                0x00000164        0x8 ./src/cr_startup_lpc17.o
                0x00000164                HardFault_Handler
 .text.MemManage_Handler
                0x0000016c        0x8 ./src/cr_startup_lpc17.o
                0x0000016c                MemManage_Handler
 .text.BusFault_Handler
                0x00000174        0x8 ./src/cr_startup_lpc17.o
                0x00000174                BusFault_Handler
 .text.UsageFault_Handler
                0x0000017c        0x8 ./src/cr_startup_lpc17.o
                0x0000017c                UsageFault_Handler
 .text.SVCall_Handler
                0x00000184        0x8 ./src/cr_startup_lpc17.o
                0x00000184                SVCall_Handler
 .text.DebugMon_Handler
                0x0000018c        0x8 ./src/cr_startup_lpc17.o
                0x0000018c                DebugMon_Handler
 .text.PendSV_Handler
                0x00000194        0x8 ./src/cr_startup_lpc17.o
                0x00000194                PendSV_Handler
 .text.IntDefaultHandler
                0x0000019c        0x8 ./src/cr_startup_lpc17.o
                0x0000019c                TIMER2_IRQHandler
                0x0000019c                RIT_IRQHandler
                0x0000019c                I2C0_IRQHandler
                0x0000019c                USBActivity_IRQHandler
                0x0000019c                PWM1_IRQHandler
                0x0000019c                I2C1_IRQHandler
                0x0000019c                EINT2_IRQHandler
                0x0000019c                UART1_IRQHandler
                0x0000019c                CANActivity_IRQHandler
                0x0000019c                TIMER3_IRQHandler
                0x0000019c                UART0_IRQHandler
                0x0000019c                IntDefaultHandler
                0x0000019c                PLL0_IRQHandler
                0x0000019c                CAN_IRQHandler
                0x0000019c                PLL1_IRQHandler
                0x0000019c                SSP0_IRQHandler
                0x0000019c                I2S_IRQHandler
                0x0000019c                I2C2_IRQHandler
                0x0000019c                RTC_IRQHandler
                0x0000019c                TIMER0_IRQHandler
                0x0000019c                SPI_IRQHandler
                0x0000019c                EINT1_IRQHandler
                0x0000019c                TIMER1_IRQHandler
                0x0000019c                UART2_IRQHandler
                0x0000019c                ADC_IRQHandler
                0x0000019c                SSP1_IRQHandler
                0x0000019c                USB_IRQHandler
                0x0000019c                BOD_IRQHandler
                0x0000019c                WDT_IRQHandler
                0x0000019c                QEI_IRQHandler
                0x0000019c                EINT0_IRQHandler
                0x0000019c                DMA_IRQHandler
                0x0000019c                UART3_IRQHandler
                0x0000019c                MCPWM_IRQHandler
                0x0000019c                ENET_IRQHandler
 .text.NVIC_SetPriorityGrouping
                0x000001a4       0x50 ./src/main.o
 .text.NVIC_EnableIRQ
                0x000001f4       0x38 ./src/main.o
 .text.NVIC_SetPriority
                0x0000022c       0x5c ./src/main.o
 .text.NVIC_EncodePriority
                0x00000288       0x78 ./src/main.o
 .text.SysTick_Config
                0x00000300       0x64 ./src/main.o
 .text.i2c_init
                0x00000364       0x5c ./src/main.o
 .text.ssp_init
                0x000003c0       0x98 ./src/main.o
 .text.sw3_init
                0x00000458       0x64 ./src/main.o
 .text.SysTick_Handler
                0x000004bc       0x24 ./src/main.o
                0x000004bc                SysTick_Handler
 .text.getMsTicks
                0x000004e0       0x18 ./src/main.o
                0x000004e0                getMsTicks
 .text.init     0x000004f8      0x1d8 ./src/main.o
                0x000004f8                init
 .text.tickTime
                0x000006d0       0x8c ./src/main.o
                0x000006d0                tickTime
 .text.readAccelerometer
                0x0000075c       0x9c ./src/main.o
                0x0000075c                readAccelerometer
 .text.readLight
                0x000007f8       0x18 ./src/main.o
                0x000007f8                readLight
 .text.readTemp
                0x00000810       0x18 ./src/main.o
                0x00000810                readTemp
 .text.basicRead
                0x00000828       0x14 ./src/main.o
                0x00000828                basicRead
 .text.restrictedRead
                0x0000083c        0xc ./src/main.o
                0x0000083c                restrictedRead
 .text.readSensors
                0x00000848       0x58 ./src/main.o
                0x00000848                readSensors
 .text.updateMode
                0x000008a0      0x16c ./src/main.o
                0x000008a0                updateMode
 .text.basicPrint
                0x00000a0c      0x144 ./src/main.o
                0x00000a0c                basicPrint
 .text.restrictedPrint
                0x00000b50       0xe0 ./src/main.o
                0x00000b50                restrictedPrint
 .text.printResults
                0x00000c30       0x74 ./src/main.o
                0x00000c30                printResults
 .text.loop     0x00000ca4       0x20 ./src/main.o
                0x00000ca4                loop
 .text.main     0x00000cc4       0x14 ./src/main.o
                0x00000cc4                main
 .text.EINT3_IRQHandler
                0x00000cd8       0x94 ./src/main.o
                0x00000cd8                EINT3_IRQHandler
 .text.check_failed
                0x00000d6c        0xc ./src/main.o
                0x00000d6c                check_failed
 .text.I2CRead  0x00000d78       0x5c C:\Users\Kelvin\Documents\GitHub\ee2024\Lib_EaBaseBoard\Debug\libLib_EaBaseBoard.a(acc.o)
 .text.I2CWrite
                0x00000dd4       0x5c C:\Users\Kelvin\Documents\GitHub\ee2024\Lib_EaBaseBoard\Debug\libLib_EaBaseBoard.a(acc.o)
 .text.getStatus
                0x00000e30       0x3c C:\Users\Kelvin\Documents\GitHub\ee2024\Lib_EaBaseBoard\Debug\libLib_EaBaseBoard.a(acc.o)
 .text.setModeControl
                0x00000e6c       0x30 C:\Users\Kelvin\Documents\GitHub\ee2024\Lib_EaBaseBoard\Debug\libLib_EaBaseBoard.a(acc.o)
 .text.acc_init
                0x00000e9c       0x10 C:\Users\Kelvin\Documents\GitHub\ee2024\Lib_EaBaseBoard\Debug\libLib_EaBaseBoard.a(acc.o)
                0x00000e9c                acc_init
 .text.acc_read
                0x00000eac       0xbc C:\Users\Kelvin\Documents\GitHub\ee2024\Lib_EaBaseBoard\Debug\libLib_EaBaseBoard.a(acc.o)
                0x00000eac                acc_read
 .text.joystick_init
                0x00000f68       0x28 C:\Users\Kelvin\Documents\GitHub\ee2024\Lib_EaBaseBoard\Debug\libLib_EaBaseBoard.a(joystick.o)
                0x00000f68                joystick_init
 .text.led7seg_init
                0x00000f90       0x24 C:\Users\Kelvin\Documents\GitHub\ee2024\Lib_EaBaseBoard\Debug\libLib_EaBaseBoard.a(led7seg.o)
                0x00000f90                led7seg_init
 .text.led7seg_setChar
                0x00000fb4       0x88 C:\Users\Kelvin\Documents\GitHub\ee2024\Lib_EaBaseBoard\Debug\libLib_EaBaseBoard.a(led7seg.o)
                0x00000fb4                led7seg_setChar
 .text.I2CRead  0x0000103c       0x5c C:\Users\Kelvin\Documents\GitHub\ee2024\Lib_EaBaseBoard\Debug\libLib_EaBaseBoard.a(light.o)
 .text.I2CWrite
                0x00001098       0x5c C:\Users\Kelvin\Documents\GitHub\ee2024\Lib_EaBaseBoard\Debug\libLib_EaBaseBoard.a(light.o)
 .text.readCommandReg
                0x000010f4       0x3c C:\Users\Kelvin\Documents\GitHub\ee2024\Lib_EaBaseBoard\Debug\libLib_EaBaseBoard.a(light.o)
 .text.readControlReg
                0x00001130       0x3c C:\Users\Kelvin\Documents\GitHub\ee2024\Lib_EaBaseBoard\Debug\libLib_EaBaseBoard.a(light.o)
 .text.light_init
                0x0000116c        0xc C:\Users\Kelvin\Documents\GitHub\ee2024\Lib_EaBaseBoard\Debug\libLib_EaBaseBoard.a(light.o)
                0x0000116c                light_init
 .text.light_enable
                0x00001178       0x48 C:\Users\Kelvin\Documents\GitHub\ee2024\Lib_EaBaseBoard\Debug\libLib_EaBaseBoard.a(light.o)
                0x00001178                light_enable
 .text.light_read
                0x000011c0       0x90 C:\Users\Kelvin\Documents\GitHub\ee2024\Lib_EaBaseBoard\Debug\libLib_EaBaseBoard.a(light.o)
                0x000011c0                light_read
 .text.light_setWidth
                0x00001250       0xa4 C:\Users\Kelvin\Documents\GitHub\ee2024\Lib_EaBaseBoard\Debug\libLib_EaBaseBoard.a(light.o)
                0x00001250                light_setWidth
 .text.light_setRange
                0x000012f4       0xac C:\Users\Kelvin\Documents\GitHub\ee2024\Lib_EaBaseBoard\Debug\libLib_EaBaseBoard.a(light.o)
                0x000012f4                light_setRange
 .text.light_setHiThreshold
                0x000013a0       0x58 C:\Users\Kelvin\Documents\GitHub\ee2024\Lib_EaBaseBoard\Debug\libLib_EaBaseBoard.a(light.o)
                0x000013a0                light_setHiThreshold
 .text.light_setLoThreshold
                0x000013f8       0x58 C:\Users\Kelvin\Documents\GitHub\ee2024\Lib_EaBaseBoard\Debug\libLib_EaBaseBoard.a(light.o)
                0x000013f8                light_setLoThreshold
 .text.light_setIrqInCycles
                0x00001450       0x48 C:\Users\Kelvin\Documents\GitHub\ee2024\Lib_EaBaseBoard\Debug\libLib_EaBaseBoard.a(light.o)
                0x00001450                light_setIrqInCycles
 .text.light_clearIrqStatus
                0x00001498       0x3c C:\Users\Kelvin\Documents\GitHub\ee2024\Lib_EaBaseBoard\Debug\libLib_EaBaseBoard.a(light.o)
                0x00001498                light_clearIrqStatus
 .text.writeCommand
                0x000014d4       0x60 C:\Users\Kelvin\Documents\GitHub\ee2024\Lib_EaBaseBoard\Debug\libLib_EaBaseBoard.a(oled.o)
 .text.writeData
                0x00001534       0x60 C:\Users\Kelvin\Documents\GitHub\ee2024\Lib_EaBaseBoard\Debug\libLib_EaBaseBoard.a(oled.o)
 .text.writeDataLen
                0x00001594       0x8c C:\Users\Kelvin\Documents\GitHub\ee2024\Lib_EaBaseBoard\Debug\libLib_EaBaseBoard.a(oled.o)
 .text.runInitSequence
                0x00001620      0x118 C:\Users\Kelvin\Documents\GitHub\ee2024\Lib_EaBaseBoard\Debug\libLib_EaBaseBoard.a(oled.o)
 .text.oled_init
                0x00001738       0x9c C:\Users\Kelvin\Documents\GitHub\ee2024\Lib_EaBaseBoard\Debug\libLib_EaBaseBoard.a(oled.o)
                0x00001738                oled_init
 .text.oled_putPixel
                0x000017d4      0x188 C:\Users\Kelvin\Documents\GitHub\ee2024\Lib_EaBaseBoard\Debug\libLib_EaBaseBoard.a(oled.o)
                0x000017d4                oled_putPixel
 .text.oled_clearScreen
                0x0000195c       0x74 C:\Users\Kelvin\Documents\GitHub\ee2024\Lib_EaBaseBoard\Debug\libLib_EaBaseBoard.a(oled.o)
                0x0000195c                oled_clearScreen
 .text.oled_putChar
                0x000019d0       0xf0 C:\Users\Kelvin\Documents\GitHub\ee2024\Lib_EaBaseBoard\Debug\libLib_EaBaseBoard.a(oled.o)
                0x000019d0                oled_putChar
 .text.oled_putString
                0x00001ac0       0x54 C:\Users\Kelvin\Documents\GitHub\ee2024\Lib_EaBaseBoard\Debug\libLib_EaBaseBoard.a(oled.o)
                0x00001ac0                oled_putString
 .text.I2CWrite
                0x00001b14       0x5c C:\Users\Kelvin\Documents\GitHub\ee2024\Lib_EaBaseBoard\Debug\libLib_EaBaseBoard.a(pca9532.o)
 .text.setLsStates
                0x00001b70       0xc4 C:\Users\Kelvin\Documents\GitHub\ee2024\Lib_EaBaseBoard\Debug\libLib_EaBaseBoard.a(pca9532.o)
 .text.setLeds  0x00001c34       0xa0 C:\Users\Kelvin\Documents\GitHub\ee2024\Lib_EaBaseBoard\Debug\libLib_EaBaseBoard.a(pca9532.o)
 .text.pca9532_init
                0x00001cd4        0xc C:\Users\Kelvin\Documents\GitHub\ee2024\Lib_EaBaseBoard\Debug\libLib_EaBaseBoard.a(pca9532.o)
                0x00001cd4                pca9532_init
 .text.pca9532_setLeds
                0x00001ce0       0xa0 C:\Users\Kelvin\Documents\GitHub\ee2024\Lib_EaBaseBoard\Debug\libLib_EaBaseBoard.a(pca9532.o)
                0x00001ce0                pca9532_setLeds
 .text.rgb_init
                0x00001d80       0x38 C:\Users\Kelvin\Documents\GitHub\ee2024\Lib_EaBaseBoard\Debug\libLib_EaBaseBoard.a(rgb.o)
                0x00001d80                rgb_init
 .text.rgb_setLeds
                0x00001db8       0x80 C:\Users\Kelvin\Documents\GitHub\ee2024\Lib_EaBaseBoard\Debug\libLib_EaBaseBoard.a(rgb.o)
                0x00001db8                rgb_setLeds
 .text.temp_init
                0x00001e38       0x2c C:\Users\Kelvin\Documents\GitHub\ee2024\Lib_EaBaseBoard\Debug\libLib_EaBaseBoard.a(temp.o)
                0x00001e38                temp_init
 .text.temp_read
                0x00001e64      0x10c C:\Users\Kelvin\Documents\GitHub\ee2024\Lib_EaBaseBoard\Debug\libLib_EaBaseBoard.a(temp.o)
                0x00001e64                temp_read
 .text.GPIO_GetPointer
                0x00001f70       0x7c C:\Users\Kelvin\Documents\GitHub\ee2024\Lib_MCU\Debug\libLib_MCU.a(lpc17xx_gpio.o)
 .text.GPIO_SetDir
                0x00001fec       0x54 C:\Users\Kelvin\Documents\GitHub\ee2024\Lib_MCU\Debug\libLib_MCU.a(lpc17xx_gpio.o)
                0x00001fec                GPIO_SetDir
 .text.GPIO_SetValue
                0x00002040       0x2c C:\Users\Kelvin\Documents\GitHub\ee2024\Lib_MCU\Debug\libLib_MCU.a(lpc17xx_gpio.o)
                0x00002040                GPIO_SetValue
 .text.GPIO_ClearValue
                0x0000206c       0x2c C:\Users\Kelvin\Documents\GitHub\ee2024\Lib_MCU\Debug\libLib_MCU.a(lpc17xx_gpio.o)
                0x0000206c                GPIO_ClearValue
 .text.GPIO_ReadValue
                0x00002098       0x30 C:\Users\Kelvin\Documents\GitHub\ee2024\Lib_MCU\Debug\libLib_MCU.a(lpc17xx_gpio.o)
                0x00002098                GPIO_ReadValue
 .text.NVIC_EnableIRQ
                0x000020c8       0x38 C:\Users\Kelvin\Documents\GitHub\ee2024\Lib_MCU\Debug\libLib_MCU.a(lpc17xx_i2c.o)
 .text.NVIC_DisableIRQ
                0x00002100       0x3c C:\Users\Kelvin\Documents\GitHub\ee2024\Lib_MCU\Debug\libLib_MCU.a(lpc17xx_i2c.o)
 .text.I2C_getNum
                0x0000213c       0x54 C:\Users\Kelvin\Documents\GitHub\ee2024\Lib_MCU\Debug\libLib_MCU.a(lpc17xx_i2c.o)
 .text.I2C_Start
                0x00002190       0x44 C:\Users\Kelvin\Documents\GitHub\ee2024\Lib_MCU\Debug\libLib_MCU.a(lpc17xx_i2c.o)
 .text.I2C_Stop
                0x000021d4       0x38 C:\Users\Kelvin\Documents\GitHub\ee2024\Lib_MCU\Debug\libLib_MCU.a(lpc17xx_i2c.o)
 .text.I2C_SendByte
                0x0000220c       0x50 C:\Users\Kelvin\Documents\GitHub\ee2024\Lib_MCU\Debug\libLib_MCU.a(lpc17xx_i2c.o)
 .text.I2C_GetByte
                0x0000225c       0x5c C:\Users\Kelvin\Documents\GitHub\ee2024\Lib_MCU\Debug\libLib_MCU.a(lpc17xx_i2c.o)
 .text.I2C_IntCmd
                0x000022b8       0xa8 C:\Users\Kelvin\Documents\GitHub\ee2024\Lib_MCU\Debug\libLib_MCU.a(lpc17xx_i2c.o)
                0x000022b8                I2C_IntCmd
 .text.I2C_MasterHandler
                0x00002360      0x408 C:\Users\Kelvin\Documents\GitHub\ee2024\Lib_MCU\Debug\libLib_MCU.a(lpc17xx_i2c.o)
                0x00002360                I2C_MasterHandler
 .text.I2C_SetClock
                0x00002768       0xc8 C:\Users\Kelvin\Documents\GitHub\ee2024\Lib_MCU\Debug\libLib_MCU.a(lpc17xx_i2c.o)
                0x00002768                I2C_SetClock
 .text.I2C_Init
                0x00002830       0xd8 C:\Users\Kelvin\Documents\GitHub\ee2024\Lib_MCU\Debug\libLib_MCU.a(lpc17xx_i2c.o)
                0x00002830                I2C_Init
 .text.I2C_Cmd  0x00002908       0x84 C:\Users\Kelvin\Documents\GitHub\ee2024\Lib_MCU\Debug\libLib_MCU.a(lpc17xx_i2c.o)
                0x00002908                I2C_Cmd
 .text.I2C_MasterTransferData
                0x0000298c      0x390 C:\Users\Kelvin\Documents\GitHub\ee2024\Lib_MCU\Debug\libLib_MCU.a(lpc17xx_i2c.o)
                0x0000298c                I2C_MasterTransferData
 .text.PINSEL_SetPinFunc
                0x00002d1c       0x9c C:\Users\Kelvin\Documents\GitHub\ee2024\Lib_MCU\Debug\libLib_MCU.a(lpc17xx_pinsel.o)
                0x00002d1c                PINSEL_SetPinFunc
 .text.PINSEL_SetResistorMode
                0x00002db8       0x9c C:\Users\Kelvin\Documents\GitHub\ee2024\Lib_MCU\Debug\libLib_MCU.a(lpc17xx_pinsel.o)
                0x00002db8                PINSEL_SetResistorMode
 .text.PINSEL_SetOpenDrainMode
                0x00002e54       0x7c C:\Users\Kelvin\Documents\GitHub\ee2024\Lib_MCU\Debug\libLib_MCU.a(lpc17xx_pinsel.o)
                0x00002e54                PINSEL_SetOpenDrainMode
 .text.PINSEL_ConfigPin
                0x00002ed0       0x54 C:\Users\Kelvin\Documents\GitHub\ee2024\Lib_MCU\Debug\libLib_MCU.a(lpc17xx_pinsel.o)
                0x00002ed0                PINSEL_ConfigPin
 .text.SSP_getNum
                0x00002f24       0x40 C:\Users\Kelvin\Documents\GitHub\ee2024\Lib_MCU\Debug\libLib_MCU.a(lpc17xx_ssp.o)
 .text.SSP_IntHandler
                0x00002f64      0x338 C:\Users\Kelvin\Documents\GitHub\ee2024\Lib_MCU\Debug\libLib_MCU.a(lpc17xx_ssp.o)
                0x00002f64                SSP_IntHandler
 .text.SSP_SetClock
                0x0000329c       0xf8 C:\Users\Kelvin\Documents\GitHub\ee2024\Lib_MCU\Debug\libLib_MCU.a(lpc17xx_ssp.o)
                0x0000329c                SSP_SetClock
 .text.SSP_Init
                0x00003394      0x10c C:\Users\Kelvin\Documents\GitHub\ee2024\Lib_MCU\Debug\libLib_MCU.a(lpc17xx_ssp.o)
                0x00003394                SSP_Init
 .text.SSP_ConfigStructInit
                0x000034a0       0x48 C:\Users\Kelvin\Documents\GitHub\ee2024\Lib_MCU\Debug\libLib_MCU.a(lpc17xx_ssp.o)
                0x000034a0                SSP_ConfigStructInit
 .text.SSP_Cmd  0x000034e8       0x7c C:\Users\Kelvin\Documents\GitHub\ee2024\Lib_MCU\Debug\libLib_MCU.a(lpc17xx_ssp.o)
                0x000034e8                SSP_Cmd
 .text.SSP_SendData
                0x00003564       0x48 C:\Users\Kelvin\Documents\GitHub\ee2024\Lib_MCU\Debug\libLib_MCU.a(lpc17xx_ssp.o)
                0x00003564                SSP_SendData
 .text.SSP_ReceiveData
                0x000035ac       0x44 C:\Users\Kelvin\Documents\GitHub\ee2024\Lib_MCU\Debug\libLib_MCU.a(lpc17xx_ssp.o)
                0x000035ac                SSP_ReceiveData
 .text.SSP_ReadWrite
                0x000035f0      0x440 C:\Users\Kelvin\Documents\GitHub\ee2024\Lib_MCU\Debug\libLib_MCU.a(lpc17xx_ssp.o)
                0x000035f0                SSP_ReadWrite
 .text.TIM_GetPClock
                0x00003a30       0x68 C:\Users\Kelvin\Documents\GitHub\ee2024\Lib_MCU\Debug\libLib_MCU.a(lpc17xx_timer.o)
                0x00003a30                TIM_GetPClock
 .text.TIM_ConverUSecToVal
                0x00003a98       0x64 C:\Users\Kelvin\Documents\GitHub\ee2024\Lib_MCU\Debug\libLib_MCU.a(lpc17xx_timer.o)
                0x00003a98                TIM_ConverUSecToVal
 .text.TIM_ConverPtrToTimeNum
                0x00003afc       0x6c C:\Users\Kelvin\Documents\GitHub\ee2024\Lib_MCU\Debug\libLib_MCU.a(lpc17xx_timer.o)
                0x00003afc                TIM_ConverPtrToTimeNum
 .text.TIM_GetIntStatus
                0x00003b68       0xb4 C:\Users\Kelvin\Documents\GitHub\ee2024\Lib_MCU\Debug\libLib_MCU.a(lpc17xx_timer.o)
                0x00003b68                TIM_GetIntStatus
 .text.TIM_ClearIntPending
                0x00003c1c       0xa0 C:\Users\Kelvin\Documents\GitHub\ee2024\Lib_MCU\Debug\libLib_MCU.a(lpc17xx_timer.o)
                0x00003c1c                TIM_ClearIntPending
 .text.TIM_Init
                0x00003cbc      0x1bc C:\Users\Kelvin\Documents\GitHub\ee2024\Lib_MCU\Debug\libLib_MCU.a(lpc17xx_timer.o)
                0x00003cbc                TIM_Init
 .text.TIM_Cmd  0x00003e78       0x78 C:\Users\Kelvin\Documents\GitHub\ee2024\Lib_MCU\Debug\libLib_MCU.a(lpc17xx_timer.o)
                0x00003e78                TIM_Cmd
 .text.TIM_ConfigMatch
                0x00003ef0      0x19c C:\Users\Kelvin\Documents\GitHub\ee2024\Lib_MCU\Debug\libLib_MCU.a(lpc17xx_timer.o)
                0x00003ef0                TIM_ConfigMatch
 .text.Timer0_Wait
                0x0000408c       0x8c C:\Users\Kelvin\Documents\GitHub\ee2024\Lib_MCU\Debug\libLib_MCU.a(lpc17xx_timer.o)
                0x0000408c                Timer0_Wait
 .text.CLKPWR_SetPCLKDiv
                0x00004118       0xcc C:\Users\Kelvin\Documents\GitHub\ee2024\Lib_MCU\Debug\libLib_MCU.a(lpc17xx_clkpwr.o)
                0x00004118                CLKPWR_SetPCLKDiv
 .text.CLKPWR_GetPCLKSEL
                0x000041e4       0x54 C:\Users\Kelvin\Documents\GitHub\ee2024\Lib_MCU\Debug\libLib_MCU.a(lpc17xx_clkpwr.o)
                0x000041e4                CLKPWR_GetPCLKSEL
 .text.CLKPWR_GetPCLK
                0x00004238       0x74 C:\Users\Kelvin\Documents\GitHub\ee2024\Lib_MCU\Debug\libLib_MCU.a(lpc17xx_clkpwr.o)
                0x00004238                CLKPWR_GetPCLK
 .text.CLKPWR_ConfigPPWR
                0x000042ac       0x78 C:\Users\Kelvin\Documents\GitHub\ee2024\Lib_MCU\Debug\libLib_MCU.a(lpc17xx_clkpwr.o)
                0x000042ac                CLKPWR_ConfigPPWR
 .text.SystemInit
                0x00004324      0x22c C:\Users\Kelvin\Documents\GitHub\ee2024\Lib_CMSISv1p30_LPC17xx\Debug\libCMSISv1p30_LPC17xx.a(system_LPC17xx.o)
                0x00004324                SystemInit
 .text          0x00004550      0x370 c:/nxp/lpcxpresso_6.1.4_194/lpcxpresso/tools/bin/../lib/gcc/arm-none-eabi/4.6.2/armv7-m\libgcc.a(_arm_addsubdf3.o)
                0x00004550                __aeabi_drsub
                0x00004558                __aeabi_dsub
                0x00004558                __subdf3
                0x0000455c                __aeabi_dadd
                0x0000455c                __adddf3
                0x000047d4                __floatunsidf
                0x000047d4                __aeabi_ui2d
                0x000047f4                __floatsidf
                0x000047f4                __aeabi_i2d
                0x00004818                __aeabi_f2d
                0x00004818                __extendsfdf2
                0x00004854                __floatundidf
                0x00004854                __aeabi_ul2d
                0x00004864                __floatdidf
                0x00004864                __aeabi_l2d
 .text          0x000048c0      0x424 c:/nxp/lpcxpresso_6.1.4_194/lpcxpresso/tools/bin/../lib/gcc/arm-none-eabi/4.6.2/armv7-m\libgcc.a(_arm_muldivdf3.o)
                0x000048c0                __aeabi_dmul
                0x000048c0                __muldf3
                0x00004b14                __divdf3
                0x00004b14                __aeabi_ddiv
 .text          0x00004ce4       0x2c c:/nxp/lpcxpresso_6.1.4_194/lpcxpresso/tools/bin/../lib/gcc/arm-none-eabi/4.6.2/armv7-m\libgcc.a(_aeabi_uldivmod.o)
                0x00004ce4                __aeabi_uldivmod
 .text          0x00004d10       0x5c c:/nxp/lpcxpresso_6.1.4_194/lpcxpresso/tools/bin/../lib/gcc/arm-none-eabi/4.6.2/armv7-m\libgcc.a(bpabi.o)
                0x00004d10                __gnu_ldivmod_helper
                0x00004d40                __gnu_uldivmod_helper
 .text          0x00004d6c        0x4 c:/nxp/lpcxpresso_6.1.4_194/lpcxpresso/tools/bin/../lib/gcc/arm-none-eabi/4.6.2/armv7-m\libgcc.a(_dvmd_tls.o)
                0x00004d6c                __aeabi_idiv0
                0x00004d6c                __aeabi_ldiv0
 .text          0x00004d70      0x2c8 c:/nxp/lpcxpresso_6.1.4_194/lpcxpresso/tools/bin/../lib/gcc/arm-none-eabi/4.6.2/armv7-m\libgcc.a(_divdi3.o)
                0x00004d70                __divdi3
 .text          0x00005038      0x298 c:/nxp/lpcxpresso_6.1.4_194/lpcxpresso/tools/bin/../lib/gcc/arm-none-eabi/4.6.2/armv7-m\libgcc.a(_udivdi3.o)
                0x00005038                __udivdi3
 .text.memset   0x000052d0       0x90 c:/nxp/lpcxpresso_6.1.4_194/lpcxpresso/tools/bin/../lib/gcc/arm-none-eabi/4.6.2/../../../../arm-none-eabi/lib/armv7-m\libc.a(lib_a-memset.o)
                0x000052d0                memset
 .text.sprintf  0x00005360       0x50 c:/nxp/lpcxpresso_6.1.4_194/lpcxpresso/tools/bin/../lib/gcc/arm-none-eabi/4.6.2/../../../../arm-none-eabi/lib/armv7-m\libc.a(lib_a-sprintf.o)
                0x00005360                sprintf
 .text.strcpy   0x000053b0       0xbc c:/nxp/lpcxpresso_6.1.4_194/lpcxpresso/tools/bin/../lib/gcc/arm-none-eabi/4.6.2/../../../../arm-none-eabi/lib/armv7-m\libc.a(lib_a-strcpy.o)
                0x000053b0                strcpy
 .text._svfprintf_r
                0x0000546c     0x1408 c:/nxp/lpcxpresso_6.1.4_194/lpcxpresso/tools/bin/../lib/gcc/arm-none-eabi/4.6.2/../../../../arm-none-eabi/lib/armv7-m\libc.a(lib_a-svfprintf.o)
                0x0000546c                _svfprintf_r
 .text.quorem   0x00006874      0x150 c:/nxp/lpcxpresso_6.1.4_194/lpcxpresso/tools/bin/../lib/gcc/arm-none-eabi/4.6.2/../../../../arm-none-eabi/lib/armv7-m\libc.a(lib_a-dtoa.o)
 *fill*         0x000069c4        0x4 00
 .text._dtoa_r  0x000069c8      0xe60 c:/nxp/lpcxpresso_6.1.4_194/lpcxpresso/tools/bin/../lib/gcc/arm-none-eabi/4.6.2/../../../../arm-none-eabi/lib/armv7-m\libc.a(lib_a-dtoa.o)
                0x000069c8                _dtoa_r
 .text._localeconv_r
                0x00007828        0xc c:/nxp/lpcxpresso_6.1.4_194/lpcxpresso/tools/bin/../lib/gcc/arm-none-eabi/4.6.2/../../../../arm-none-eabi/lib/armv7-m\libc.a(lib_a-locale.o)
                0x00007828                _localeconv_r
 .text._malloc_r
                0x00007834      0x528 c:/nxp/lpcxpresso_6.1.4_194/lpcxpresso/tools/bin/../lib/gcc/arm-none-eabi/4.6.2/../../../../arm-none-eabi/lib/armv7-m\libc.a(lib_a-mallocr.o)
                0x00007834                _malloc_r
 .text.memchr   0x00007d5c       0x84 c:/nxp/lpcxpresso_6.1.4_194/lpcxpresso/tools/bin/../lib/gcc/arm-none-eabi/4.6.2/../../../../arm-none-eabi/lib/armv7-m\libc.a(lib_a-memchr.o)
                0x00007d5c                memchr
 .text.memcpy   0x00007de0       0x84 c:/nxp/lpcxpresso_6.1.4_194/lpcxpresso/tools/bin/../lib/gcc/arm-none-eabi/4.6.2/../../../../arm-none-eabi/lib/armv7-m\libc.a(lib_a-memcpy.o)
                0x00007de0                memcpy
 .text.__malloc_lock
                0x00007e64        0x4 c:/nxp/lpcxpresso_6.1.4_194/lpcxpresso/tools/bin/../lib/gcc/arm-none-eabi/4.6.2/../../../../arm-none-eabi/lib/armv7-m\libc.a(lib_a-mlock.o)
                0x00007e64                __malloc_lock
 .text.__malloc_unlock
                0x00007e68        0x4 c:/nxp/lpcxpresso_6.1.4_194/lpcxpresso/tools/bin/../lib/gcc/arm-none-eabi/4.6.2/../../../../arm-none-eabi/lib/armv7-m\libc.a(lib_a-mlock.o)
                0x00007e68                __malloc_unlock
 .text._Balloc  0x00007e6c       0x4c c:/nxp/lpcxpresso_6.1.4_194/lpcxpresso/tools/bin/../lib/gcc/arm-none-eabi/4.6.2/../../../../arm-none-eabi/lib/armv7-m\libc.a(lib_a-mprec.o)
                0x00007e6c                _Balloc
 .text._Bfree   0x00007eb8       0x14 c:/nxp/lpcxpresso_6.1.4_194/lpcxpresso/tools/bin/../lib/gcc/arm-none-eabi/4.6.2/../../../../arm-none-eabi/lib/armv7-m\libc.a(lib_a-mprec.o)
                0x00007eb8                _Bfree
 .text.__multadd
                0x00007ecc       0x84 c:/nxp/lpcxpresso_6.1.4_194/lpcxpresso/tools/bin/../lib/gcc/arm-none-eabi/4.6.2/../../../../arm-none-eabi/lib/armv7-m\libc.a(lib_a-mprec.o)
                0x00007ecc                __multadd
 .text.__hi0bits
                0x00007f50       0x3c c:/nxp/lpcxpresso_6.1.4_194/lpcxpresso/tools/bin/../lib/gcc/arm-none-eabi/4.6.2/../../../../arm-none-eabi/lib/armv7-m\libc.a(lib_a-mprec.o)
                0x00007f50                __hi0bits
 .text.__lo0bits
                0x00007f8c       0x5c c:/nxp/lpcxpresso_6.1.4_194/lpcxpresso/tools/bin/../lib/gcc/arm-none-eabi/4.6.2/../../../../arm-none-eabi/lib/armv7-m\libc.a(lib_a-mprec.o)
                0x00007f8c                __lo0bits
 .text.__i2b    0x00007fe8       0x14 c:/nxp/lpcxpresso_6.1.4_194/lpcxpresso/tools/bin/../lib/gcc/arm-none-eabi/4.6.2/../../../../arm-none-eabi/lib/armv7-m\libc.a(lib_a-mprec.o)
                0x00007fe8                __i2b
 .text.__multiply
                0x00007ffc      0x144 c:/nxp/lpcxpresso_6.1.4_194/lpcxpresso/tools/bin/../lib/gcc/arm-none-eabi/4.6.2/../../../../arm-none-eabi/lib/armv7-m\libc.a(lib_a-mprec.o)
                0x00007ffc                __multiply
 .text.__pow5mult
                0x00008140       0x98 c:/nxp/lpcxpresso_6.1.4_194/lpcxpresso/tools/bin/../lib/gcc/arm-none-eabi/4.6.2/../../../../arm-none-eabi/lib/armv7-m\libc.a(lib_a-mprec.o)
                0x00008140                __pow5mult
 .text.__lshift
                0x000081d8       0xc0 c:/nxp/lpcxpresso_6.1.4_194/lpcxpresso/tools/bin/../lib/gcc/arm-none-eabi/4.6.2/../../../../arm-none-eabi/lib/armv7-m\libc.a(lib_a-mprec.o)
                0x000081d8                __lshift
 .text.__mcmp   0x00008298       0x3c c:/nxp/lpcxpresso_6.1.4_194/lpcxpresso/tools/bin/../lib/gcc/arm-none-eabi/4.6.2/../../../../arm-none-eabi/lib/armv7-m\libc.a(lib_a-mprec.o)
                0x00008298                __mcmp
 .text.__mdiff  0x000082d4       0xd8 c:/nxp/lpcxpresso_6.1.4_194/lpcxpresso/tools/bin/../lib/gcc/arm-none-eabi/4.6.2/../../../../arm-none-eabi/lib/armv7-m\libc.a(lib_a-mprec.o)
                0x000082d4                __mdiff
 .text.__d2b    0x000083ac       0xcc c:/nxp/lpcxpresso_6.1.4_194/lpcxpresso/tools/bin/../lib/gcc/arm-none-eabi/4.6.2/../../../../arm-none-eabi/lib/armv7-m\libc.a(lib_a-mprec.o)
                0x000083ac                __d2b
 .text.__fpclassifyd
                0x00008478       0x68 c:/nxp/lpcxpresso_6.1.4_194/lpcxpresso/tools/bin/../lib/gcc/arm-none-eabi/4.6.2/../../../../arm-none-eabi/lib/armv7-m\libc.a(lib_a-s_fpclassify.o)
                0x00008478                __fpclassifyd
 .text._sbrk_r  0x000084e0       0x24 c:/nxp/lpcxpresso_6.1.4_194/lpcxpresso/tools/bin/../lib/gcc/arm-none-eabi/4.6.2/../../../../arm-none-eabi/lib/armv7-m\libc.a(lib_a-sbrkr.o)
                0x000084e0                _sbrk_r
 .text.strlen   0x00008504       0x60 c:/nxp/lpcxpresso_6.1.4_194/lpcxpresso/tools/bin/../lib/gcc/arm-none-eabi/4.6.2/../../../../arm-none-eabi/lib/armv7-m\libc.a(lib_a-strlen.o)
                0x00008504                strlen
 .text.__ssprint_r
                0x00008564       0xf8 c:/nxp/lpcxpresso_6.1.4_194/lpcxpresso/tools/bin/../lib/gcc/arm-none-eabi/4.6.2/../../../../arm-none-eabi/lib/armv7-m\libc.a(lib_a-svfiprintf.o)
                0x00008564                __ssprint_r
 .text._calloc_r
                0x0000865c       0x60 c:/nxp/lpcxpresso_6.1.4_194/lpcxpresso/tools/bin/../lib/gcc/arm-none-eabi/4.6.2/../../../../arm-none-eabi/lib/armv7-m\libc.a(lib_a-callocr.o)
                0x0000865c                _calloc_r
 .text._malloc_trim_r
                0x000086bc       0xa0 c:/nxp/lpcxpresso_6.1.4_194/lpcxpresso/tools/bin/../lib/gcc/arm-none-eabi/4.6.2/../../../../arm-none-eabi/lib/armv7-m\libc.a(lib_a-freer.o)
                0x000086bc                _malloc_trim_r
 .text._free_r  0x0000875c      0x190 c:/nxp/lpcxpresso_6.1.4_194/lpcxpresso/tools/bin/../lib/gcc/arm-none-eabi/4.6.2/../../../../arm-none-eabi/lib/armv7-m\libc.a(lib_a-freer.o)
                0x0000875c                _free_r
 .text.memmove  0x000088ec       0xb0 c:/nxp/lpcxpresso_6.1.4_194/lpcxpresso/tools/bin/../lib/gcc/arm-none-eabi/4.6.2/../../../../arm-none-eabi/lib/armv7-m\libc.a(lib_a-memmove.o)
                0x000088ec                memmove
 .text._realloc_r
                0x0000899c      0x3f4 c:/nxp/lpcxpresso_6.1.4_194/lpcxpresso/tools/bin/../lib/gcc/arm-none-eabi/4.6.2/../../../../arm-none-eabi/lib/armv7-m\libc.a(lib_a-reallocr.o)
                0x0000899c                _realloc_r
 .text._sbrk    0x00008d90       0x3c c:/nxp/lpcxpresso_6.1.4_194/lpcxpresso/tools/bin/../lib/gcc/arm-none-eabi/4.6.2/../../../../arm-none-eabi/lib/armv7-m\libcr_newlib_semihost.a(_cr_sbrk.o)
                0x00008d90                _sbrk
 .text.__check_heap_overflow
                0x00008dcc       0x2c c:/nxp/lpcxpresso_6.1.4_194/lpcxpresso/tools/bin/../lib/gcc/arm-none-eabi/4.6.2/../../../../arm-none-eabi/lib/armv7-m\libcr_newlib_semihost.a(_cr_check_heap.o)
                0x00008dcc                __check_heap_overflow
 .text          0x00008df8      0x110 c:/nxp/lpcxpresso_6.1.4_194/lpcxpresso/tools/bin/../lib/gcc/arm-none-eabi/4.6.2/armv7-m\libgcc.a(_arm_cmpdf2.o)
                0x00008df8                __gtdf2
                0x00008df8                __gedf2
                0x00008e00                __ltdf2
                0x00008e00                __ledf2
                0x00008e08                __nedf2
                0x00008e08                __eqdf2
                0x00008e08                __cmpdf2
                0x00008e84                __aeabi_cdrcmple
                0x00008e94                __aeabi_cdcmpeq
                0x00008e94                __aeabi_cdcmple
                0x00008ea4                __aeabi_dcmpeq
                0x00008eb8                __aeabi_dcmplt
                0x00008ecc                __aeabi_dcmple
                0x00008ee0                __aeabi_dcmpge
                0x00008ef4                __aeabi_dcmpgt
 .text          0x00008f08       0x50 c:/nxp/lpcxpresso_6.1.4_194/lpcxpresso/tools/bin/../lib/gcc/arm-none-eabi/4.6.2/armv7-m\libgcc.a(_arm_fixdfsi.o)
                0x00008f08                __aeabi_d2iz
                0x00008f08                __fixdfsi
 .text.__errno  0x00008f58        0xc c:/nxp/lpcxpresso_6.1.4_194/lpcxpresso/tools/bin/../lib/gcc/arm-none-eabi/4.6.2/../../../../arm-none-eabi/lib/armv7-m\libc.a(lib_a-errno.o)
                0x00008f58                __errno
 *(.rodata .rodata.* .constdata .constdata.*)
 .rodata        0x00008f64       0x94 ./src/main.o
 .rodata        0x00008ff8        0x8 C:\Users\Kelvin\Documents\GitHub\ee2024\Lib_EaBaseBoard\Debug\libLib_EaBaseBoard.a(oled.o)
 .rodata        0x00009000      0x300 C:\Users\Kelvin\Documents\GitHub\ee2024\Lib_EaBaseBoard\Debug\libLib_EaBaseBoard.a(font5x7.o)
                0x00009000                font5x7
 .rodata        0x00009300       0x18 C:\Users\Kelvin\Documents\GitHub\ee2024\Lib_MCU\Debug\libLib_MCU.a(lpc17xx_i2c.o)
 .rodata        0x00009318       0x18 C:\Users\Kelvin\Documents\GitHub\ee2024\Lib_MCU\Debug\libLib_MCU.a(lpc17xx_ssp.o)
 .rodata        0x00009330       0x18 C:\Users\Kelvin\Documents\GitHub\ee2024\Lib_MCU\Debug\libLib_MCU.a(lpc17xx_timer.o)
 .rodata.zeroes.6590
                0x00009348       0x10 c:/nxp/lpcxpresso_6.1.4_194/lpcxpresso/tools/bin/../lib/gcc/arm-none-eabi/4.6.2/../../../../arm-none-eabi/lib/armv7-m\libc.a(lib_a-svfprintf.o)
 .rodata.str1.4
                0x00009358       0x42 c:/nxp/lpcxpresso_6.1.4_194/lpcxpresso/tools/bin/../lib/gcc/arm-none-eabi/4.6.2/../../../../arm-none-eabi/lib/armv7-m\libc.a(lib_a-svfprintf.o)
                                 0x44 (size before relaxing)
 *fill*         0x0000939a        0x2 00
 .rodata.blanks.6589
                0x0000939c       0x10 c:/nxp/lpcxpresso_6.1.4_194/lpcxpresso/tools/bin/../lib/gcc/arm-none-eabi/4.6.2/../../../../arm-none-eabi/lib/armv7-m\libc.a(lib_a-svfprintf.o)
 .rodata.str1.4
                0x000093ac       0x10 c:/nxp/lpcxpresso_6.1.4_194/lpcxpresso/tools/bin/../lib/gcc/arm-none-eabi/4.6.2/../../../../arm-none-eabi/lib/armv7-m\libc.a(lib_a-dtoa.o)
                                 0x14 (size before relaxing)
 .rodata.str1.4
                0x000093bc        0x2 c:/nxp/lpcxpresso_6.1.4_194/lpcxpresso/tools/bin/../lib/gcc/arm-none-eabi/4.6.2/../../../../arm-none-eabi/lib/armv7-m\libc.a(lib_a-impure.o)
                                  0x4 (size before relaxing)
 *fill*         0x000093be        0x2 00
 .rodata.str1.4
                0x000093c0        0xc c:/nxp/lpcxpresso_6.1.4_194/lpcxpresso/tools/bin/../lib/gcc/arm-none-eabi/4.6.2/../../../../arm-none-eabi/lib/armv7-m\libc.a(lib_a-locale.o)
                                 0x14 (size before relaxing)
 *fill*         0x000093cc        0x4 00
 .rodata.__mprec_tens
                0x000093d0       0xc8 c:/nxp/lpcxpresso_6.1.4_194/lpcxpresso/tools/bin/../lib/gcc/arm-none-eabi/4.6.2/../../../../arm-none-eabi/lib/armv7-m\libc.a(lib_a-mprec.o)
                0x000093d0                __mprec_tens
 .rodata.__mprec_bigtens
                0x00009498       0x28 c:/nxp/lpcxpresso_6.1.4_194/lpcxpresso/tools/bin/../lib/gcc/arm-none-eabi/4.6.2/../../../../arm-none-eabi/lib/armv7-m\libc.a(lib_a-mprec.o)
                0x00009498                __mprec_bigtens
 .rodata.p05.5111
                0x000094c0        0xc c:/nxp/lpcxpresso_6.1.4_194/lpcxpresso/tools/bin/../lib/gcc/arm-none-eabi/4.6.2/../../../../arm-none-eabi/lib/armv7-m\libc.a(lib_a-mprec.o)
                0x000094cc                . = ALIGN (0x4)

.glue_7         0x000094cc        0x0
 .glue_7        0x00000000        0x0 linker stubs

.glue_7t        0x000094cc        0x0
 .glue_7t       0x00000000        0x0 linker stubs

.vfp11_veneer   0x000094cc        0x0
 .vfp11_veneer  0x00000000        0x0 linker stubs

.v4_bx          0x000094cc        0x0
 .v4_bx         0x00000000        0x0 linker stubs

.ARM.extab
 *(.ARM.extab* .gnu.linkonce.armextab.*)
                0x000094cc                __exidx_start = .

.ARM.exidx      0x000094cc        0x8
 *(.ARM.exidx* .gnu.linkonce.armexidx.*)
 .ARM.exidx     0x000094cc        0x8 c:/nxp/lpcxpresso_6.1.4_194/lpcxpresso/tools/bin/../lib/gcc/arm-none-eabi/4.6.2/armv7-m\libgcc.a(_divdi3.o)
 .ARM.exidx     0x000094d4        0x0 c:/nxp/lpcxpresso_6.1.4_194/lpcxpresso/tools/bin/../lib/gcc/arm-none-eabi/4.6.2/armv7-m\libgcc.a(_udivdi3.o)
                                  0x8 (size before relaxing)
                0x000094d4                __exidx_end = .
                0x000094d4                _etext = .

.data_RAM2      0x2007c000        0x0 load address 0x000094d4
 FILL mask 0xff
 *(.data.$RAM2*)
 *(.data.$RamAHB32*)
                0x2007c000                . = ALIGN (0x4)

.uninit_RESERVED
                0x10000000        0x0
 *(.bss.$RESERVED*)
                0x10000000                . = ALIGN (0x4)
                0x10000000                _end_uninit_RESERVED = .

.data           0x10000000      0x8d4 load address 0x000094d4
 FILL mask 0xff
                0x10000000                _data = .
 *(vtable)
 *(.data*)
 .data          0x10000000       0x50 C:\Users\Kelvin\Documents\GitHub\ee2024\Lib_EaBaseBoard\Debug\libLib_EaBaseBoard.a(led7seg.o)
 .data          0x10000050        0x8 C:\Users\Kelvin\Documents\GitHub\ee2024\Lib_EaBaseBoard\Debug\libLib_EaBaseBoard.a(light.o)
 .data          0x10000058        0x4 C:\Users\Kelvin\Documents\GitHub\ee2024\Lib_CMSISv1p30_LPC17xx\Debug\libCMSISv1p30_LPC17xx.a(system_LPC17xx.o)
                0x10000058                SystemCoreClock
 *fill*         0x1000005c        0x4 00
 .data.impure_data
                0x10000060      0x428 c:/nxp/lpcxpresso_6.1.4_194/lpcxpresso/tools/bin/../lib/gcc/arm-none-eabi/4.6.2/../../../../arm-none-eabi/lib/armv7-m\libc.a(lib_a-impure.o)
 .data._impure_ptr
                0x10000488        0x4 c:/nxp/lpcxpresso_6.1.4_194/lpcxpresso/tools/bin/../lib/gcc/arm-none-eabi/4.6.2/../../../../arm-none-eabi/lib/armv7-m\libc.a(lib_a-impure.o)
                0x10000488                _impure_ptr
 .data.lconv    0x1000048c       0x38 c:/nxp/lpcxpresso_6.1.4_194/lpcxpresso/tools/bin/../lib/gcc/arm-none-eabi/4.6.2/../../../../arm-none-eabi/lib/armv7-m\libc.a(lib_a-locale.o)
 .data.__malloc_av_
                0x100004c4      0x408 c:/nxp/lpcxpresso_6.1.4_194/lpcxpresso/tools/bin/../lib/gcc/arm-none-eabi/4.6.2/../../../../arm-none-eabi/lib/armv7-m\libc.a(lib_a-mallocr.o)
                0x100004c4                __malloc_av_
 .data.__malloc_trim_threshold
                0x100008cc        0x4 c:/nxp/lpcxpresso_6.1.4_194/lpcxpresso/tools/bin/../lib/gcc/arm-none-eabi/4.6.2/../../../../arm-none-eabi/lib/armv7-m\libc.a(lib_a-mallocr.o)
                0x100008cc                __malloc_trim_threshold
 .data.__malloc_sbrk_base
                0x100008d0        0x4 c:/nxp/lpcxpresso_6.1.4_194/lpcxpresso/tools/bin/../lib/gcc/arm-none-eabi/4.6.2/../../../../arm-none-eabi/lib/armv7-m\libc.a(lib_a-mallocr.o)
                0x100008d0                __malloc_sbrk_base
                0x100008d4                . = ALIGN (0x4)
                0x100008d4                _edata = .

.bss_RAM2       0x2007c000        0x0
 *(.bss.$RAM2*)
 *(.bss.$RamAHB32*)
                0x2007c000                . = ALIGN (0x4)

.bss            0x100008d4      0x3bc
                0x100008d4                _bss = .
 *(.bss*)
 .bss           0x100008d4       0x38 ./src/main.o
                0x100008d4                xoff
                0x100008d8                yoff
                0x100008dc                zoff
                0x100008e0                temp
                0x100008e4                light
                0x100008e8                msTicks
                0x100008ec                x
                0x100008ed                y
                0x100008ee                z
                0x100008ef                mode
 .bss           0x1000090c      0x300 C:\Users\Kelvin\Documents\GitHub\ee2024\Lib_EaBaseBoard\Debug\libLib_EaBaseBoard.a(oled.o)
 .bss           0x10000c0c        0x6 C:\Users\Kelvin\Documents\GitHub\ee2024\Lib_EaBaseBoard\Debug\libLib_EaBaseBoard.a(pca9532.o)
 *fill*         0x10000c12        0x2 00
 .bss           0x10000c14        0x4 C:\Users\Kelvin\Documents\GitHub\ee2024\Lib_EaBaseBoard\Debug\libLib_EaBaseBoard.a(temp.o)
 .bss           0x10000c18       0x24 C:\Users\Kelvin\Documents\GitHub\ee2024\Lib_MCU\Debug\libLib_MCU.a(lpc17xx_i2c.o)
 .bss           0x10000c3c       0x18 C:\Users\Kelvin\Documents\GitHub\ee2024\Lib_MCU\Debug\libLib_MCU.a(lpc17xx_ssp.o)
 .bss.__malloc_max_total_mem
                0x10000c54        0x4 c:/nxp/lpcxpresso_6.1.4_194/lpcxpresso/tools/bin/../lib/gcc/arm-none-eabi/4.6.2/../../../../arm-none-eabi/lib/armv7-m\libc.a(lib_a-mallocr.o)
                0x10000c54                __malloc_max_total_mem
 .bss.__malloc_max_sbrked_mem
                0x10000c58        0x4 c:/nxp/lpcxpresso_6.1.4_194/lpcxpresso/tools/bin/../lib/gcc/arm-none-eabi/4.6.2/../../../../arm-none-eabi/lib/armv7-m\libc.a(lib_a-mallocr.o)
                0x10000c58                __malloc_max_sbrked_mem
 .bss.__malloc_top_pad
                0x10000c5c        0x4 c:/nxp/lpcxpresso_6.1.4_194/lpcxpresso/tools/bin/../lib/gcc/arm-none-eabi/4.6.2/../../../../arm-none-eabi/lib/armv7-m\libc.a(lib_a-mallocr.o)
                0x10000c5c                __malloc_top_pad
 .bss.__malloc_current_mallinfo
                0x10000c60       0x28 c:/nxp/lpcxpresso_6.1.4_194/lpcxpresso/tools/bin/../lib/gcc/arm-none-eabi/4.6.2/../../../../arm-none-eabi/lib/armv7-m\libc.a(lib_a-mallocr.o)
                0x10000c60                __malloc_current_mallinfo
 *(COMMON)
 COMMON         0x10000c88        0x4 c:/nxp/lpcxpresso_6.1.4_194/lpcxpresso/tools/bin/../lib/gcc/arm-none-eabi/4.6.2/../../../../arm-none-eabi/lib/armv7-m\libc.a(lib_a-reent.o)
                0x10000c88                errno
 COMMON         0x10000c8c        0x4 c:/nxp/lpcxpresso_6.1.4_194/lpcxpresso/tools/bin/../lib/gcc/arm-none-eabi/4.6.2/../../../../arm-none-eabi/lib/armv7-m\libcr_newlib_semihost.a(_cr_sbrk.o)
                0x10000c8c                __end_of_heap
                0x10000c90                . = ALIGN (0x4)
                0x10000c90                _ebss = .
                0x10000c90                PROVIDE (end, .)

.noinit_RAM2    0x2007c000        0x0
 *(.noinit.$RAM2*)
 *(.noinit.$RamAHB32*)
                0x2007c000                . = ALIGN (0x4)

.noinit         0x10000c90        0x0
                0x10000c90                _noinit = .
 *(.noinit*)
                0x10000c90                . = ALIGN (0x4)
                0x10000c90                _end_noinit = .
                0x10000c90                PROVIDE (_pvHeapStart, .)
                0x10008000                PROVIDE (_vStackTop, (__top_RamLoc32 - 0x0))
OUTPUT(STAR-T.axf elf32-littlearm)

.debug_info     0x00000000     0x6d20
 .debug_info    0x00000000      0x209 ./src/cr_startup_lpc17.o
 .debug_info    0x00000209      0xee3 ./src/main.o
 .debug_info    0x000010ec      0x53d C:\Users\Kelvin\Documents\GitHub\ee2024\Lib_EaBaseBoard\Debug\libLib_EaBaseBoard.a(acc.o)
 .debug_info    0x00001629      0x10f C:\Users\Kelvin\Documents\GitHub\ee2024\Lib_EaBaseBoard\Debug\libLib_EaBaseBoard.a(joystick.o)
 .debug_info    0x00001738      0x282 C:\Users\Kelvin\Documents\GitHub\ee2024\Lib_EaBaseBoard\Debug\libLib_EaBaseBoard.a(led7seg.o)
 .debug_info    0x000019ba      0x763 C:\Users\Kelvin\Documents\GitHub\ee2024\Lib_EaBaseBoard\Debug\libLib_EaBaseBoard.a(light.o)
 .debug_info    0x0000211d      0x97d C:\Users\Kelvin\Documents\GitHub\ee2024\Lib_EaBaseBoard\Debug\libLib_EaBaseBoard.a(oled.o)
 .debug_info    0x00002a9a      0x642 C:\Users\Kelvin\Documents\GitHub\ee2024\Lib_EaBaseBoard\Debug\libLib_EaBaseBoard.a(pca9532.o)
 .debug_info    0x000030dc       0xe4 C:\Users\Kelvin\Documents\GitHub\ee2024\Lib_EaBaseBoard\Debug\libLib_EaBaseBoard.a(rgb.o)
 .debug_info    0x000031c0      0x154 C:\Users\Kelvin\Documents\GitHub\ee2024\Lib_EaBaseBoard\Debug\libLib_EaBaseBoard.a(temp.o)
 .debug_info    0x00003314       0x65 C:\Users\Kelvin\Documents\GitHub\ee2024\Lib_EaBaseBoard\Debug\libLib_EaBaseBoard.a(font5x7.o)
 .debug_info    0x00003379      0xb95 C:\Users\Kelvin\Documents\GitHub\ee2024\Lib_MCU\Debug\libLib_MCU.a(lpc17xx_gpio.o)
 .debug_info    0x00003f0e      0xcc3 C:\Users\Kelvin\Documents\GitHub\ee2024\Lib_MCU\Debug\libLib_MCU.a(lpc17xx_i2c.o)
 .debug_info    0x00004bd1      0x4b1 C:\Users\Kelvin\Documents\GitHub\ee2024\Lib_MCU\Debug\libLib_MCU.a(lpc17xx_pinsel.o)
 .debug_info    0x00005082      0x867 C:\Users\Kelvin\Documents\GitHub\ee2024\Lib_MCU\Debug\libLib_MCU.a(lpc17xx_ssp.o)
 .debug_info    0x000058e9      0x8e4 C:\Users\Kelvin\Documents\GitHub\ee2024\Lib_MCU\Debug\libLib_MCU.a(lpc17xx_timer.o)
 .debug_info    0x000061cd      0x641 C:\Users\Kelvin\Documents\GitHub\ee2024\Lib_MCU\Debug\libLib_MCU.a(lpc17xx_clkpwr.o)
 .debug_info    0x0000680e      0x357 C:\Users\Kelvin\Documents\GitHub\ee2024\Lib_CMSISv1p30_LPC17xx\Debug\libCMSISv1p30_LPC17xx.a(system_LPC17xx.o)
 .debug_info    0x00006b65      0x106 c:/nxp/lpcxpresso_6.1.4_194/lpcxpresso/tools/bin/../lib/gcc/arm-none-eabi/4.6.2/../../../../arm-none-eabi/lib/armv7-m\libcr_newlib_semihost.a(_cr_sbrk.o)
 .debug_info    0x00006c6b       0xb5 c:/nxp/lpcxpresso_6.1.4_194/lpcxpresso/tools/bin/../lib/gcc/arm-none-eabi/4.6.2/../../../../arm-none-eabi/lib/armv7-m\libcr_newlib_semihost.a(_cr_check_heap.o)

.debug_abbrev   0x00000000     0x1941
 .debug_abbrev  0x00000000       0xb4 ./src/cr_startup_lpc17.o
 .debug_abbrev  0x000000b4      0x2b2 ./src/main.o
 .debug_abbrev  0x00000366      0x15c C:\Users\Kelvin\Documents\GitHub\ee2024\Lib_EaBaseBoard\Debug\libLib_EaBaseBoard.a(acc.o)
 .debug_abbrev  0x000004c2       0x90 C:\Users\Kelvin\Documents\GitHub\ee2024\Lib_EaBaseBoard\Debug\libLib_EaBaseBoard.a(joystick.o)
 .debug_abbrev  0x00000552      0x155 C:\Users\Kelvin\Documents\GitHub\ee2024\Lib_EaBaseBoard\Debug\libLib_EaBaseBoard.a(led7seg.o)
 .debug_abbrev  0x000006a7      0x1bd C:\Users\Kelvin\Documents\GitHub\ee2024\Lib_EaBaseBoard\Debug\libLib_EaBaseBoard.a(light.o)
 .debug_abbrev  0x00000864      0x1f1 C:\Users\Kelvin\Documents\GitHub\ee2024\Lib_EaBaseBoard\Debug\libLib_EaBaseBoard.a(oled.o)
 .debug_abbrev  0x00000a55      0x1aa C:\Users\Kelvin\Documents\GitHub\ee2024\Lib_EaBaseBoard\Debug\libLib_EaBaseBoard.a(pca9532.o)
 .debug_abbrev  0x00000bff       0x8e C:\Users\Kelvin\Documents\GitHub\ee2024\Lib_EaBaseBoard\Debug\libLib_EaBaseBoard.a(rgb.o)
 .debug_abbrev  0x00000c8d       0xc2 C:\Users\Kelvin\Documents\GitHub\ee2024\Lib_EaBaseBoard\Debug\libLib_EaBaseBoard.a(temp.o)
 .debug_abbrev  0x00000d4f       0x4b C:\Users\Kelvin\Documents\GitHub\ee2024\Lib_EaBaseBoard\Debug\libLib_EaBaseBoard.a(font5x7.o)
 .debug_abbrev  0x00000d9a      0x185 C:\Users\Kelvin\Documents\GitHub\ee2024\Lib_MCU\Debug\libLib_MCU.a(lpc17xx_gpio.o)
 .debug_abbrev  0x00000f1f      0x24a C:\Users\Kelvin\Documents\GitHub\ee2024\Lib_MCU\Debug\libLib_MCU.a(lpc17xx_i2c.o)
 .debug_abbrev  0x00001169      0x10a C:\Users\Kelvin\Documents\GitHub\ee2024\Lib_MCU\Debug\libLib_MCU.a(lpc17xx_pinsel.o)
 .debug_abbrev  0x00001273      0x1d3 C:\Users\Kelvin\Documents\GitHub\ee2024\Lib_MCU\Debug\libLib_MCU.a(lpc17xx_ssp.o)
 .debug_abbrev  0x00001446      0x19f C:\Users\Kelvin\Documents\GitHub\ee2024\Lib_MCU\Debug\libLib_MCU.a(lpc17xx_timer.o)
 .debug_abbrev  0x000015e5      0x174 C:\Users\Kelvin\Documents\GitHub\ee2024\Lib_MCU\Debug\libLib_MCU.a(lpc17xx_clkpwr.o)
 .debug_abbrev  0x00001759       0xce C:\Users\Kelvin\Documents\GitHub\ee2024\Lib_CMSISv1p30_LPC17xx\Debug\libCMSISv1p30_LPC17xx.a(system_LPC17xx.o)
 .debug_abbrev  0x00001827       0xa8 c:/nxp/lpcxpresso_6.1.4_194/lpcxpresso/tools/bin/../lib/gcc/arm-none-eabi/4.6.2/../../../../arm-none-eabi/lib/armv7-m\libcr_newlib_semihost.a(_cr_sbrk.o)
 .debug_abbrev  0x000018cf       0x72 c:/nxp/lpcxpresso_6.1.4_194/lpcxpresso/tools/bin/../lib/gcc/arm-none-eabi/4.6.2/../../../../arm-none-eabi/lib/armv7-m\libcr_newlib_semihost.a(_cr_check_heap.o)

.debug_loc      0x00000000     0x29ac
 .debug_loc     0x00000000      0x1f0 ./src/cr_startup_lpc17.o
 .debug_loc     0x000001f0      0x514 ./src/main.o
 .debug_loc     0x00000704      0x1f0 C:\Users\Kelvin\Documents\GitHub\ee2024\Lib_EaBaseBoard\Debug\libLib_EaBaseBoard.a(acc.o)
 .debug_loc     0x000008f4       0x64 C:\Users\Kelvin\Documents\GitHub\ee2024\Lib_EaBaseBoard\Debug\libLib_EaBaseBoard.a(joystick.o)
 .debug_loc     0x00000958       0x64 C:\Users\Kelvin\Documents\GitHub\ee2024\Lib_EaBaseBoard\Debug\libLib_EaBaseBoard.a(led7seg.o)
 .debug_loc     0x000009bc      0x378 C:\Users\Kelvin\Documents\GitHub\ee2024\Lib_EaBaseBoard\Debug\libLib_EaBaseBoard.a(light.o)
 .debug_loc     0x00000d34      0x33e C:\Users\Kelvin\Documents\GitHub\ee2024\Lib_EaBaseBoard\Debug\libLib_EaBaseBoard.a(oled.o)
 .debug_loc     0x00001072      0x2d0 C:\Users\Kelvin\Documents\GitHub\ee2024\Lib_EaBaseBoard\Debug\libLib_EaBaseBoard.a(pca9532.o)
 .debug_loc     0x00001342       0x64 C:\Users\Kelvin\Documents\GitHub\ee2024\Lib_EaBaseBoard\Debug\libLib_EaBaseBoard.a(rgb.o)
 .debug_loc     0x000013a6       0x70 C:\Users\Kelvin\Documents\GitHub\ee2024\Lib_EaBaseBoard\Debug\libLib_EaBaseBoard.a(temp.o)
 .debug_loc     0x00001416      0x4d0 C:\Users\Kelvin\Documents\GitHub\ee2024\Lib_MCU\Debug\libLib_MCU.a(lpc17xx_gpio.o)
 .debug_loc     0x000018e6      0x4e4 C:\Users\Kelvin\Documents\GitHub\ee2024\Lib_MCU\Debug\libLib_MCU.a(lpc17xx_i2c.o)
 .debug_loc     0x00001dca      0x150 C:\Users\Kelvin\Documents\GitHub\ee2024\Lib_MCU\Debug\libLib_MCU.a(lpc17xx_pinsel.o)
 .debug_loc     0x00001f1a      0x448 C:\Users\Kelvin\Documents\GitHub\ee2024\Lib_MCU\Debug\libLib_MCU.a(lpc17xx_ssp.o)
 .debug_loc     0x00002362      0x3b8 C:\Users\Kelvin\Documents\GitHub\ee2024\Lib_MCU\Debug\libLib_MCU.a(lpc17xx_timer.o)
 .debug_loc     0x0000271a      0x1bc C:\Users\Kelvin\Documents\GitHub\ee2024\Lib_MCU\Debug\libLib_MCU.a(lpc17xx_clkpwr.o)
 .debug_loc     0x000028d6       0x58 C:\Users\Kelvin\Documents\GitHub\ee2024\Lib_CMSISv1p30_LPC17xx\Debug\libCMSISv1p30_LPC17xx.a(system_LPC17xx.o)
 .debug_loc     0x0000292e       0x55 c:/nxp/lpcxpresso_6.1.4_194/lpcxpresso/tools/bin/../lib/gcc/arm-none-eabi/4.6.2/../../../../arm-none-eabi/lib/armv7-m\libcr_newlib_semihost.a(_cr_sbrk.o)
 .debug_loc     0x00002983       0x29 c:/nxp/lpcxpresso_6.1.4_194/lpcxpresso/tools/bin/../lib/gcc/arm-none-eabi/4.6.2/../../../../arm-none-eabi/lib/armv7-m\libcr_newlib_semihost.a(_cr_check_heap.o)

.debug_aranges  0x00000000      0x800
 .debug_aranges
                0x00000000       0x70 ./src/cr_startup_lpc17.o
 .debug_aranges
                0x00000070       0xe8 ./src/main.o
 .debug_aranges
                0x00000158       0x60 C:\Users\Kelvin\Documents\GitHub\ee2024\Lib_EaBaseBoard\Debug\libLib_EaBaseBoard.a(acc.o)
 .debug_aranges
                0x000001b8       0x28 C:\Users\Kelvin\Documents\GitHub\ee2024\Lib_EaBaseBoard\Debug\libLib_EaBaseBoard.a(joystick.o)
 .debug_aranges
                0x000001e0       0x28 C:\Users\Kelvin\Documents\GitHub\ee2024\Lib_EaBaseBoard\Debug\libLib_EaBaseBoard.a(led7seg.o)
 .debug_aranges
                0x00000208       0x98 C:\Users\Kelvin\Documents\GitHub\ee2024\Lib_EaBaseBoard\Debug\libLib_EaBaseBoard.a(light.o)
 .debug_aranges
                0x000002a0       0x90 C:\Users\Kelvin\Documents\GitHub\ee2024\Lib_EaBaseBoard\Debug\libLib_EaBaseBoard.a(oled.o)
 .debug_aranges
                0x00000330       0x80 C:\Users\Kelvin\Documents\GitHub\ee2024\Lib_EaBaseBoard\Debug\libLib_EaBaseBoard.a(pca9532.o)
 .debug_aranges
                0x000003b0       0x28 C:\Users\Kelvin\Documents\GitHub\ee2024\Lib_EaBaseBoard\Debug\libLib_EaBaseBoard.a(rgb.o)
 .debug_aranges
                0x000003d8       0x28 C:\Users\Kelvin\Documents\GitHub\ee2024\Lib_EaBaseBoard\Debug\libLib_EaBaseBoard.a(temp.o)
 .debug_aranges
                0x00000400       0xc8 C:\Users\Kelvin\Documents\GitHub\ee2024\Lib_MCU\Debug\libLib_MCU.a(lpc17xx_gpio.o)
 .debug_aranges
                0x000004c8       0xd0 C:\Users\Kelvin\Documents\GitHub\ee2024\Lib_MCU\Debug\libLib_MCU.a(lpc17xx_i2c.o)
 .debug_aranges
                0x00000598       0x48 C:\Users\Kelvin\Documents\GitHub\ee2024\Lib_MCU\Debug\libLib_MCU.a(lpc17xx_pinsel.o)
 .debug_aranges
                0x000005e0       0xb8 C:\Users\Kelvin\Documents\GitHub\ee2024\Lib_MCU\Debug\libLib_MCU.a(lpc17xx_ssp.o)
 .debug_aranges
                0x00000698       0xa0 C:\Users\Kelvin\Documents\GitHub\ee2024\Lib_MCU\Debug\libLib_MCU.a(lpc17xx_timer.o)
 .debug_aranges
                0x00000738       0x60 C:\Users\Kelvin\Documents\GitHub\ee2024\Lib_MCU\Debug\libLib_MCU.a(lpc17xx_clkpwr.o)
 .debug_aranges
                0x00000798       0x28 C:\Users\Kelvin\Documents\GitHub\ee2024\Lib_CMSISv1p30_LPC17xx\Debug\libCMSISv1p30_LPC17xx.a(system_LPC17xx.o)
 .debug_aranges
                0x000007c0       0x20 c:/nxp/lpcxpresso_6.1.4_194/lpcxpresso/tools/bin/../lib/gcc/arm-none-eabi/4.6.2/../../../../arm-none-eabi/lib/armv7-m\libcr_newlib_semihost.a(_cr_sbrk.o)
 .debug_aranges
                0x000007e0       0x20 c:/nxp/lpcxpresso_6.1.4_194/lpcxpresso/tools/bin/../lib/gcc/arm-none-eabi/4.6.2/../../../../arm-none-eabi/lib/armv7-m\libcr_newlib_semihost.a(_cr_check_heap.o)

.debug_ranges   0x00000000      0x6d0
 .debug_ranges  0x00000000       0x60 ./src/cr_startup_lpc17.o
 .debug_ranges  0x00000060       0xd8 ./src/main.o
 .debug_ranges  0x00000138       0x50 C:\Users\Kelvin\Documents\GitHub\ee2024\Lib_EaBaseBoard\Debug\libLib_EaBaseBoard.a(acc.o)
 .debug_ranges  0x00000188       0x18 C:\Users\Kelvin\Documents\GitHub\ee2024\Lib_EaBaseBoard\Debug\libLib_EaBaseBoard.a(joystick.o)
 .debug_ranges  0x000001a0       0x18 C:\Users\Kelvin\Documents\GitHub\ee2024\Lib_EaBaseBoard\Debug\libLib_EaBaseBoard.a(led7seg.o)
 .debug_ranges  0x000001b8       0x88 C:\Users\Kelvin\Documents\GitHub\ee2024\Lib_EaBaseBoard\Debug\libLib_EaBaseBoard.a(light.o)
 .debug_ranges  0x00000240       0x80 C:\Users\Kelvin\Documents\GitHub\ee2024\Lib_EaBaseBoard\Debug\libLib_EaBaseBoard.a(oled.o)
 .debug_ranges  0x000002c0       0x70 C:\Users\Kelvin\Documents\GitHub\ee2024\Lib_EaBaseBoard\Debug\libLib_EaBaseBoard.a(pca9532.o)
 .debug_ranges  0x00000330       0x18 C:\Users\Kelvin\Documents\GitHub\ee2024\Lib_EaBaseBoard\Debug\libLib_EaBaseBoard.a(rgb.o)
 .debug_ranges  0x00000348       0x18 C:\Users\Kelvin\Documents\GitHub\ee2024\Lib_EaBaseBoard\Debug\libLib_EaBaseBoard.a(temp.o)
 .debug_ranges  0x00000360       0xb8 C:\Users\Kelvin\Documents\GitHub\ee2024\Lib_MCU\Debug\libLib_MCU.a(lpc17xx_gpio.o)
 .debug_ranges  0x00000418       0xc0 C:\Users\Kelvin\Documents\GitHub\ee2024\Lib_MCU\Debug\libLib_MCU.a(lpc17xx_i2c.o)
 .debug_ranges  0x000004d8       0x38 C:\Users\Kelvin\Documents\GitHub\ee2024\Lib_MCU\Debug\libLib_MCU.a(lpc17xx_pinsel.o)
 .debug_ranges  0x00000510       0xa8 C:\Users\Kelvin\Documents\GitHub\ee2024\Lib_MCU\Debug\libLib_MCU.a(lpc17xx_ssp.o)
 .debug_ranges  0x000005b8       0x90 C:\Users\Kelvin\Documents\GitHub\ee2024\Lib_MCU\Debug\libLib_MCU.a(lpc17xx_timer.o)
 .debug_ranges  0x00000648       0x50 C:\Users\Kelvin\Documents\GitHub\ee2024\Lib_MCU\Debug\libLib_MCU.a(lpc17xx_clkpwr.o)
 .debug_ranges  0x00000698       0x18 C:\Users\Kelvin\Documents\GitHub\ee2024\Lib_CMSISv1p30_LPC17xx\Debug\libCMSISv1p30_LPC17xx.a(system_LPC17xx.o)
 .debug_ranges  0x000006b0       0x10 c:/nxp/lpcxpresso_6.1.4_194/lpcxpresso/tools/bin/../lib/gcc/arm-none-eabi/4.6.2/../../../../arm-none-eabi/lib/armv7-m\libcr_newlib_semihost.a(_cr_sbrk.o)
 .debug_ranges  0x000006c0       0x10 c:/nxp/lpcxpresso_6.1.4_194/lpcxpresso/tools/bin/../lib/gcc/arm-none-eabi/4.6.2/../../../../arm-none-eabi/lib/armv7-m\libcr_newlib_semihost.a(_cr_check_heap.o)

.debug_line     0x00000000     0x629d
 .debug_line    0x00000000      0x363 ./src/cr_startup_lpc17.o
 .debug_line    0x00000363      0xa24 ./src/main.o
 .debug_line    0x00000d87      0x4d3 C:\Users\Kelvin\Documents\GitHub\ee2024\Lib_EaBaseBoard\Debug\libLib_EaBaseBoard.a(acc.o)
 .debug_line    0x0000125a      0x43e C:\Users\Kelvin\Documents\GitHub\ee2024\Lib_EaBaseBoard\Debug\libLib_EaBaseBoard.a(joystick.o)
 .debug_line    0x00001698      0x44e C:\Users\Kelvin\Documents\GitHub\ee2024\Lib_EaBaseBoard\Debug\libLib_EaBaseBoard.a(led7seg.o)
 .debug_line    0x00001ae6      0x57f C:\Users\Kelvin\Documents\GitHub\ee2024\Lib_EaBaseBoard\Debug\libLib_EaBaseBoard.a(light.o)
 .debug_line    0x00002065      0x758 C:\Users\Kelvin\Documents\GitHub\ee2024\Lib_EaBaseBoard\Debug\libLib_EaBaseBoard.a(oled.o)
 .debug_line    0x000027bd      0x56a C:\Users\Kelvin\Documents\GitHub\ee2024\Lib_EaBaseBoard\Debug\libLib_EaBaseBoard.a(pca9532.o)
 .debug_line    0x00002d27      0x42b C:\Users\Kelvin\Documents\GitHub\ee2024\Lib_EaBaseBoard\Debug\libLib_EaBaseBoard.a(rgb.o)
 .debug_line    0x00003152      0x44c C:\Users\Kelvin\Documents\GitHub\ee2024\Lib_EaBaseBoard\Debug\libLib_EaBaseBoard.a(temp.o)
 .debug_line    0x0000359e       0x7d C:\Users\Kelvin\Documents\GitHub\ee2024\Lib_EaBaseBoard\Debug\libLib_EaBaseBoard.a(font5x7.o)
 .debug_line    0x0000361b      0x5d4 C:\Users\Kelvin\Documents\GitHub\ee2024\Lib_MCU\Debug\libLib_MCU.a(lpc17xx_gpio.o)
 .debug_line    0x00003bef      0x8ef C:\Users\Kelvin\Documents\GitHub\ee2024\Lib_MCU\Debug\libLib_MCU.a(lpc17xx_i2c.o)
 .debug_line    0x000044de      0x453 C:\Users\Kelvin\Documents\GitHub\ee2024\Lib_MCU\Debug\libLib_MCU.a(lpc17xx_pinsel.o)
 .debug_line    0x00004931      0x822 C:\Users\Kelvin\Documents\GitHub\ee2024\Lib_MCU\Debug\libLib_MCU.a(lpc17xx_ssp.o)
 .debug_line    0x00005153      0x780 C:\Users\Kelvin\Documents\GitHub\ee2024\Lib_MCU\Debug\libLib_MCU.a(lpc17xx_timer.o)
 .debug_line    0x000058d3      0x4b4 C:\Users\Kelvin\Documents\GitHub\ee2024\Lib_MCU\Debug\libLib_MCU.a(lpc17xx_clkpwr.o)
 .debug_line    0x00005d87      0x402 C:\Users\Kelvin\Documents\GitHub\ee2024\Lib_CMSISv1p30_LPC17xx\Debug\libCMSISv1p30_LPC17xx.a(system_LPC17xx.o)
 .debug_line    0x00006189       0xc0 c:/nxp/lpcxpresso_6.1.4_194/lpcxpresso/tools/bin/../lib/gcc/arm-none-eabi/4.6.2/../../../../arm-none-eabi/lib/armv7-m\libcr_newlib_semihost.a(_cr_sbrk.o)
 .debug_line    0x00006249       0x54 c:/nxp/lpcxpresso_6.1.4_194/lpcxpresso/tools/bin/../lib/gcc/arm-none-eabi/4.6.2/../../../../arm-none-eabi/lib/armv7-m\libcr_newlib_semihost.a(_cr_check_heap.o)

.debug_macinfo  0x00000000    0x9ba13
 .debug_macinfo
                0x00000000     0x2c15 ./src/cr_startup_lpc17.o
 .debug_macinfo
                0x00002c15     0xca92 ./src/main.o
 .debug_macinfo
                0x0000f6a7     0x8f1b C:\Users\Kelvin\Documents\GitHub\ee2024\Lib_EaBaseBoard\Debug\libLib_EaBaseBoard.a(acc.o)
 .debug_macinfo
                0x000185c2     0x858b C:\Users\Kelvin\Documents\GitHub\ee2024\Lib_EaBaseBoard\Debug\libLib_EaBaseBoard.a(joystick.o)
 .debug_macinfo
                0x00020b4d     0x96a3 C:\Users\Kelvin\Documents\GitHub\ee2024\Lib_EaBaseBoard\Debug\libLib_EaBaseBoard.a(led7seg.o)
 .debug_macinfo
                0x0002a1f0     0x8e3a C:\Users\Kelvin\Documents\GitHub\ee2024\Lib_EaBaseBoard\Debug\libLib_EaBaseBoard.a(light.o)
 .debug_macinfo
                0x0003302a     0xa143 C:\Users\Kelvin\Documents\GitHub\ee2024\Lib_EaBaseBoard\Debug\libLib_EaBaseBoard.a(oled.o)
 .debug_macinfo
                0x0003d16d     0x8e59 C:\Users\Kelvin\Documents\GitHub\ee2024\Lib_EaBaseBoard\Debug\libLib_EaBaseBoard.a(pca9532.o)
 .debug_macinfo
                0x00045fc6     0x854c C:\Users\Kelvin\Documents\GitHub\ee2024\Lib_EaBaseBoard\Debug\libLib_EaBaseBoard.a(rgb.o)
 .debug_macinfo
                0x0004e512     0x85e6 C:\Users\Kelvin\Documents\GitHub\ee2024\Lib_EaBaseBoard\Debug\libLib_EaBaseBoard.a(temp.o)
 .debug_macinfo
                0x00056af8     0x332a C:\Users\Kelvin\Documents\GitHub\ee2024\Lib_EaBaseBoard\Debug\libLib_EaBaseBoard.a(font5x7.o)
 .debug_macinfo
                0x00059e22     0x86b8 C:\Users\Kelvin\Documents\GitHub\ee2024\Lib_MCU\Debug\libLib_MCU.a(lpc17xx_gpio.o)
 .debug_macinfo
                0x000624da     0xa5d8 C:\Users\Kelvin\Documents\GitHub\ee2024\Lib_MCU\Debug\libLib_MCU.a(lpc17xx_i2c.o)
 .debug_macinfo
                0x0006cab2     0x87d3 C:\Users\Kelvin\Documents\GitHub\ee2024\Lib_MCU\Debug\libLib_MCU.a(lpc17xx_pinsel.o)
 .debug_macinfo
                0x00075285     0xa8d0 C:\Users\Kelvin\Documents\GitHub\ee2024\Lib_MCU\Debug\libLib_MCU.a(lpc17xx_ssp.o)
 .debug_macinfo
                0x0007fb55     0xa4cd C:\Users\Kelvin\Documents\GitHub\ee2024\Lib_MCU\Debug\libLib_MCU.a(lpc17xx_timer.o)
 .debug_macinfo
                0x0008a022     0x95f9 C:\Users\Kelvin\Documents\GitHub\ee2024\Lib_MCU\Debug\libLib_MCU.a(lpc17xx_clkpwr.o)
 .debug_macinfo
                0x0009361b     0x83f8 C:\Users\Kelvin\Documents\GitHub\ee2024\Lib_CMSISv1p30_LPC17xx\Debug\libCMSISv1p30_LPC17xx.a(system_LPC17xx.o)

.debug_str      0x00000000     0x2328
 .debug_str     0x00000000      0x1c0 ./src/cr_startup_lpc17.o
                                0x1fa (size before relaxing)
 .debug_str     0x000001c0      0x7a4 ./src/main.o
                                0x8f7 (size before relaxing)
 .debug_str     0x00000964      0x21b C:\Users\Kelvin\Documents\GitHub\ee2024\Lib_EaBaseBoard\Debug\libLib_EaBaseBoard.a(acc.o)
                                0x393 (size before relaxing)
 .debug_str     0x00000b7f       0x3a C:\Users\Kelvin\Documents\GitHub\ee2024\Lib_EaBaseBoard\Debug\libLib_EaBaseBoard.a(joystick.o)
                                0x164 (size before relaxing)
 .debug_str     0x00000bb9       0x95 C:\Users\Kelvin\Documents\GitHub\ee2024\Lib_EaBaseBoard\Debug\libLib_EaBaseBoard.a(led7seg.o)
                                0x1ff (size before relaxing)
 .debug_str     0x00000c4e      0x17f C:\Users\Kelvin\Documents\GitHub\ee2024\Lib_EaBaseBoard\Debug\libLib_EaBaseBoard.a(light.o)
                                0x4f8 (size before relaxing)
 .debug_str     0x00000dcd      0x1b2 C:\Users\Kelvin\Documents\GitHub\ee2024\Lib_EaBaseBoard\Debug\libLib_EaBaseBoard.a(oled.o)
                                0x3b0 (size before relaxing)
 .debug_str     0x00000f7f      0x12c C:\Users\Kelvin\Documents\GitHub\ee2024\Lib_EaBaseBoard\Debug\libLib_EaBaseBoard.a(pca9532.o)
                                0x3ea (size before relaxing)
 .debug_str     0x000010ab       0x22 C:\Users\Kelvin\Documents\GitHub\ee2024\Lib_EaBaseBoard\Debug\libLib_EaBaseBoard.a(rgb.o)
                                0x144 (size before relaxing)
 .debug_str     0x000010cd       0x31 C:\Users\Kelvin\Documents\GitHub\ee2024\Lib_EaBaseBoard\Debug\libLib_EaBaseBoard.a(temp.o)
                                0x167 (size before relaxing)
 .debug_str     0x000010fe       0x11 C:\Users\Kelvin\Documents\GitHub\ee2024\Lib_EaBaseBoard\Debug\libLib_EaBaseBoard.a(font5x7.o)
                                 0xbb (size before relaxing)
 .debug_str     0x0000110f      0x374 C:\Users\Kelvin\Documents\GitHub\ee2024\Lib_MCU\Debug\libLib_MCU.a(lpc17xx_gpio.o)
                                0x46c (size before relaxing)
 .debug_str     0x00001483      0x304 C:\Users\Kelvin\Documents\GitHub\ee2024\Lib_MCU\Debug\libLib_MCU.a(lpc17xx_i2c.o)
                                0x802 (size before relaxing)
 .debug_str     0x00001787      0x214 C:\Users\Kelvin\Documents\GitHub\ee2024\Lib_MCU\Debug\libLib_MCU.a(lpc17xx_pinsel.o)
                                0x3a1 (size before relaxing)
 .debug_str     0x0000199b      0x211 C:\Users\Kelvin\Documents\GitHub\ee2024\Lib_MCU\Debug\libLib_MCU.a(lpc17xx_ssp.o)
                                0x47f (size before relaxing)
 .debug_str     0x00001bac      0x43d C:\Users\Kelvin\Documents\GitHub\ee2024\Lib_MCU\Debug\libLib_MCU.a(lpc17xx_timer.o)
                                0x5b5 (size before relaxing)
 .debug_str     0x00001fe9      0x1c0 C:\Users\Kelvin\Documents\GitHub\ee2024\Lib_MCU\Debug\libLib_MCU.a(lpc17xx_clkpwr.o)
                                0x39d (size before relaxing)
 .debug_str     0x000021a9       0x7e C:\Users\Kelvin\Documents\GitHub\ee2024\Lib_CMSISv1p30_LPC17xx\Debug\libCMSISv1p30_LPC17xx.a(system_LPC17xx.o)
                                0x297 (size before relaxing)
 .debug_str     0x00002227       0xbc c:/nxp/lpcxpresso_6.1.4_194/lpcxpresso/tools/bin/../lib/gcc/arm-none-eabi/4.6.2/../../../../arm-none-eabi/lib/armv7-m\libcr_newlib_semihost.a(_cr_sbrk.o)
                                0x145 (size before relaxing)
 .debug_str     0x000022e3       0x45 c:/nxp/lpcxpresso_6.1.4_194/lpcxpresso/tools/bin/../lib/gcc/arm-none-eabi/4.6.2/../../../../arm-none-eabi/lib/armv7-m\libcr_newlib_semihost.a(_cr_check_heap.o)
                                 0xd1 (size before relaxing)

.comment        0x00000000       0x9a
 .comment       0x00000000       0x70 ./src/cr_startup_lpc17.o
                                 0x71 (size before relaxing)
 .comment       0x00000000       0x71 ./src/main.o
 .comment       0x00000000       0x71 C:\Users\Kelvin\Documents\GitHub\ee2024\Lib_EaBaseBoard\Debug\libLib_EaBaseBoard.a(acc.o)
 .comment       0x00000000       0x71 C:\Users\Kelvin\Documents\GitHub\ee2024\Lib_EaBaseBoard\Debug\libLib_EaBaseBoard.a(joystick.o)
 .comment       0x00000000       0x71 C:\Users\Kelvin\Documents\GitHub\ee2024\Lib_EaBaseBoard\Debug\libLib_EaBaseBoard.a(led7seg.o)
 .comment       0x00000000       0x71 C:\Users\Kelvin\Documents\GitHub\ee2024\Lib_EaBaseBoard\Debug\libLib_EaBaseBoard.a(light.o)
 .comment       0x00000000       0x71 C:\Users\Kelvin\Documents\GitHub\ee2024\Lib_EaBaseBoard\Debug\libLib_EaBaseBoard.a(oled.o)
 .comment       0x00000000       0x71 C:\Users\Kelvin\Documents\GitHub\ee2024\Lib_EaBaseBoard\Debug\libLib_EaBaseBoard.a(pca9532.o)
 .comment       0x00000000       0x71 C:\Users\Kelvin\Documents\GitHub\ee2024\Lib_EaBaseBoard\Debug\libLib_EaBaseBoard.a(rgb.o)
 .comment       0x00000000       0x71 C:\Users\Kelvin\Documents\GitHub\ee2024\Lib_EaBaseBoard\Debug\libLib_EaBaseBoard.a(temp.o)
 .comment       0x00000000       0x71 C:\Users\Kelvin\Documents\GitHub\ee2024\Lib_EaBaseBoard\Debug\libLib_EaBaseBoard.a(font5x7.o)
 .comment       0x00000000       0x71 C:\Users\Kelvin\Documents\GitHub\ee2024\Lib_MCU\Debug\libLib_MCU.a(lpc17xx_gpio.o)
 .comment       0x00000000       0x71 C:\Users\Kelvin\Documents\GitHub\ee2024\Lib_MCU\Debug\libLib_MCU.a(lpc17xx_i2c.o)
 .comment       0x00000000       0x71 C:\Users\Kelvin\Documents\GitHub\ee2024\Lib_MCU\Debug\libLib_MCU.a(lpc17xx_pinsel.o)
 .comment       0x00000000       0x71 C:\Users\Kelvin\Documents\GitHub\ee2024\Lib_MCU\Debug\libLib_MCU.a(lpc17xx_ssp.o)
 .comment       0x00000000       0x71 C:\Users\Kelvin\Documents\GitHub\ee2024\Lib_MCU\Debug\libLib_MCU.a(lpc17xx_timer.o)
 .comment       0x00000000       0x71 C:\Users\Kelvin\Documents\GitHub\ee2024\Lib_MCU\Debug\libLib_MCU.a(lpc17xx_clkpwr.o)
 .comment       0x00000000       0x71 C:\Users\Kelvin\Documents\GitHub\ee2024\Lib_CMSISv1p30_LPC17xx\Debug\libCMSISv1p30_LPC17xx.a(system_LPC17xx.o)
 .comment       0x00000070       0x2a c:/nxp/lpcxpresso_6.1.4_194/lpcxpresso/tools/bin/../lib/gcc/arm-none-eabi/4.6.2/../../../../arm-none-eabi/lib/armv7-m\libcr_newlib_semihost.a(_cr_sbrk.o)
                                 0x2b (size before relaxing)
 .comment       0x00000000       0x2b c:/nxp/lpcxpresso_6.1.4_194/lpcxpresso/tools/bin/../lib/gcc/arm-none-eabi/4.6.2/../../../../arm-none-eabi/lib/armv7-m\libcr_newlib_semihost.a(_cr_check_heap.o)

.ARM.attributes
                0x00000000       0x33
 .ARM.attributes
                0x00000000       0x33 ./src/cr_startup_lpc17.o
 .ARM.attributes
                0x00000033       0x33 ./src/main.o
 .ARM.attributes
                0x00000066       0x33 C:\Users\Kelvin\Documents\GitHub\ee2024\Lib_EaBaseBoard\Debug\libLib_EaBaseBoard.a(acc.o)
 .ARM.attributes
                0x00000099       0x33 C:\Users\Kelvin\Documents\GitHub\ee2024\Lib_EaBaseBoard\Debug\libLib_EaBaseBoard.a(joystick.o)
 .ARM.attributes
                0x000000cc       0x33 C:\Users\Kelvin\Documents\GitHub\ee2024\Lib_EaBaseBoard\Debug\libLib_EaBaseBoard.a(led7seg.o)
 .ARM.attributes
                0x000000ff       0x33 C:\Users\Kelvin\Documents\GitHub\ee2024\Lib_EaBaseBoard\Debug\libLib_EaBaseBoard.a(light.o)
 .ARM.attributes
                0x00000132       0x33 C:\Users\Kelvin\Documents\GitHub\ee2024\Lib_EaBaseBoard\Debug\libLib_EaBaseBoard.a(oled.o)
 .ARM.attributes
                0x00000165       0x33 C:\Users\Kelvin\Documents\GitHub\ee2024\Lib_EaBaseBoard\Debug\libLib_EaBaseBoard.a(pca9532.o)
 .ARM.attributes
                0x00000198       0x33 C:\Users\Kelvin\Documents\GitHub\ee2024\Lib_EaBaseBoard\Debug\libLib_EaBaseBoard.a(rgb.o)
 .ARM.attributes
                0x000001cb       0x33 C:\Users\Kelvin\Documents\GitHub\ee2024\Lib_EaBaseBoard\Debug\libLib_EaBaseBoard.a(temp.o)
 .ARM.attributes
                0x000001fe       0x33 C:\Users\Kelvin\Documents\GitHub\ee2024\Lib_EaBaseBoard\Debug\libLib_EaBaseBoard.a(font5x7.o)
 .ARM.attributes
                0x00000231       0x33 C:\Users\Kelvin\Documents\GitHub\ee2024\Lib_MCU\Debug\libLib_MCU.a(lpc17xx_gpio.o)
 .ARM.attributes
                0x00000264       0x33 C:\Users\Kelvin\Documents\GitHub\ee2024\Lib_MCU\Debug\libLib_MCU.a(lpc17xx_i2c.o)
 .ARM.attributes
                0x00000297       0x33 C:\Users\Kelvin\Documents\GitHub\ee2024\Lib_MCU\Debug\libLib_MCU.a(lpc17xx_pinsel.o)
 .ARM.attributes
                0x000002ca       0x33 C:\Users\Kelvin\Documents\GitHub\ee2024\Lib_MCU\Debug\libLib_MCU.a(lpc17xx_ssp.o)
 .ARM.attributes
                0x000002fd       0x33 C:\Users\Kelvin\Documents\GitHub\ee2024\Lib_MCU\Debug\libLib_MCU.a(lpc17xx_timer.o)
 .ARM.attributes
                0x00000330       0x33 C:\Users\Kelvin\Documents\GitHub\ee2024\Lib_MCU\Debug\libLib_MCU.a(lpc17xx_clkpwr.o)
 .ARM.attributes
                0x00000363       0x33 C:\Users\Kelvin\Documents\GitHub\ee2024\Lib_CMSISv1p30_LPC17xx\Debug\libCMSISv1p30_LPC17xx.a(system_LPC17xx.o)
 .ARM.attributes
                0x00000396       0x1d c:/nxp/lpcxpresso_6.1.4_194/lpcxpresso/tools/bin/../lib/gcc/arm-none-eabi/4.6.2/armv7-m\libgcc.a(_arm_addsubdf3.o)
 .ARM.attributes
                0x000003b3       0x1d c:/nxp/lpcxpresso_6.1.4_194/lpcxpresso/tools/bin/../lib/gcc/arm-none-eabi/4.6.2/armv7-m\libgcc.a(_arm_muldivdf3.o)
 .ARM.attributes
                0x000003d0       0x1d c:/nxp/lpcxpresso_6.1.4_194/lpcxpresso/tools/bin/../lib/gcc/arm-none-eabi/4.6.2/armv7-m\libgcc.a(_aeabi_uldivmod.o)
 .ARM.attributes
                0x000003ed       0x2d c:/nxp/lpcxpresso_6.1.4_194/lpcxpresso/tools/bin/../lib/gcc/arm-none-eabi/4.6.2/armv7-m\libgcc.a(bpabi.o)
 .ARM.attributes
                0x0000041a       0x1d c:/nxp/lpcxpresso_6.1.4_194/lpcxpresso/tools/bin/../lib/gcc/arm-none-eabi/4.6.2/armv7-m\libgcc.a(_dvmd_tls.o)
 .ARM.attributes
                0x00000437       0x2d c:/nxp/lpcxpresso_6.1.4_194/lpcxpresso/tools/bin/../lib/gcc/arm-none-eabi/4.6.2/armv7-m\libgcc.a(_divdi3.o)
 .ARM.attributes
                0x00000464       0x2d c:/nxp/lpcxpresso_6.1.4_194/lpcxpresso/tools/bin/../lib/gcc/arm-none-eabi/4.6.2/armv7-m\libgcc.a(_udivdi3.o)
 .ARM.attributes
                0x00000491       0x2d c:/nxp/lpcxpresso_6.1.4_194/lpcxpresso/tools/bin/../lib/gcc/arm-none-eabi/4.6.2/../../../../arm-none-eabi/lib/armv7-m\libc.a(lib_a-memset.o)
 .ARM.attributes
                0x000004be       0x2d c:/nxp/lpcxpresso_6.1.4_194/lpcxpresso/tools/bin/../lib/gcc/arm-none-eabi/4.6.2/../../../../arm-none-eabi/lib/armv7-m\libc.a(lib_a-sprintf.o)
 .ARM.attributes
                0x000004eb       0x2d c:/nxp/lpcxpresso_6.1.4_194/lpcxpresso/tools/bin/../lib/gcc/arm-none-eabi/4.6.2/../../../../arm-none-eabi/lib/armv7-m\libc.a(lib_a-strcpy.o)
 .ARM.attributes
                0x00000518       0x2d c:/nxp/lpcxpresso_6.1.4_194/lpcxpresso/tools/bin/../lib/gcc/arm-none-eabi/4.6.2/../../../../arm-none-eabi/lib/armv7-m\libc.a(lib_a-svfprintf.o)
 .ARM.attributes
                0x00000545       0x2d c:/nxp/lpcxpresso_6.1.4_194/lpcxpresso/tools/bin/../lib/gcc/arm-none-eabi/4.6.2/../../../../arm-none-eabi/lib/armv7-m\libc.a(lib_a-dtoa.o)
 .ARM.attributes
                0x00000572       0x2d c:/nxp/lpcxpresso_6.1.4_194/lpcxpresso/tools/bin/../lib/gcc/arm-none-eabi/4.6.2/../../../../arm-none-eabi/lib/armv7-m\libc.a(lib_a-impure.o)
 .ARM.attributes
                0x0000059f       0x2d c:/nxp/lpcxpresso_6.1.4_194/lpcxpresso/tools/bin/../lib/gcc/arm-none-eabi/4.6.2/../../../../arm-none-eabi/lib/armv7-m\libc.a(lib_a-locale.o)
 .ARM.attributes
                0x000005cc       0x2d c:/nxp/lpcxpresso_6.1.4_194/lpcxpresso/tools/bin/../lib/gcc/arm-none-eabi/4.6.2/../../../../arm-none-eabi/lib/armv7-m\libc.a(lib_a-mallocr.o)
 .ARM.attributes
                0x000005f9       0x2d c:/nxp/lpcxpresso_6.1.4_194/lpcxpresso/tools/bin/../lib/gcc/arm-none-eabi/4.6.2/../../../../arm-none-eabi/lib/armv7-m\libc.a(lib_a-memchr.o)
 .ARM.attributes
                0x00000626       0x2d c:/nxp/lpcxpresso_6.1.4_194/lpcxpresso/tools/bin/../lib/gcc/arm-none-eabi/4.6.2/../../../../arm-none-eabi/lib/armv7-m\libc.a(lib_a-memcpy.o)
 .ARM.attributes
                0x00000653       0x2d c:/nxp/lpcxpresso_6.1.4_194/lpcxpresso/tools/bin/../lib/gcc/arm-none-eabi/4.6.2/../../../../arm-none-eabi/lib/armv7-m\libc.a(lib_a-mlock.o)
 .ARM.attributes
                0x00000680       0x2d c:/nxp/lpcxpresso_6.1.4_194/lpcxpresso/tools/bin/../lib/gcc/arm-none-eabi/4.6.2/../../../../arm-none-eabi/lib/armv7-m\libc.a(lib_a-mprec.o)
 .ARM.attributes
                0x000006ad       0x2d c:/nxp/lpcxpresso_6.1.4_194/lpcxpresso/tools/bin/../lib/gcc/arm-none-eabi/4.6.2/../../../../arm-none-eabi/lib/armv7-m\libc.a(lib_a-s_fpclassify.o)
 .ARM.attributes
                0x000006da       0x2d c:/nxp/lpcxpresso_6.1.4_194/lpcxpresso/tools/bin/../lib/gcc/arm-none-eabi/4.6.2/../../../../arm-none-eabi/lib/armv7-m\libc.a(lib_a-sbrkr.o)
 .ARM.attributes
                0x00000707       0x2d c:/nxp/lpcxpresso_6.1.4_194/lpcxpresso/tools/bin/../lib/gcc/arm-none-eabi/4.6.2/../../../../arm-none-eabi/lib/armv7-m\libc.a(lib_a-strcmp.o)
 .ARM.attributes
                0x00000734       0x2d c:/nxp/lpcxpresso_6.1.4_194/lpcxpresso/tools/bin/../lib/gcc/arm-none-eabi/4.6.2/../../../../arm-none-eabi/lib/armv7-m\libc.a(lib_a-strlen.o)
 .ARM.attributes
                0x00000761       0x2d c:/nxp/lpcxpresso_6.1.4_194/lpcxpresso/tools/bin/../lib/gcc/arm-none-eabi/4.6.2/../../../../arm-none-eabi/lib/armv7-m\libc.a(lib_a-svfiprintf.o)
 .ARM.attributes
                0x0000078e       0x2d c:/nxp/lpcxpresso_6.1.4_194/lpcxpresso/tools/bin/../lib/gcc/arm-none-eabi/4.6.2/../../../../arm-none-eabi/lib/armv7-m\libc.a(lib_a-callocr.o)
 .ARM.attributes
                0x000007bb       0x2d c:/nxp/lpcxpresso_6.1.4_194/lpcxpresso/tools/bin/../lib/gcc/arm-none-eabi/4.6.2/../../../../arm-none-eabi/lib/armv7-m\libc.a(lib_a-freer.o)
 .ARM.attributes
                0x000007e8       0x2d c:/nxp/lpcxpresso_6.1.4_194/lpcxpresso/tools/bin/../lib/gcc/arm-none-eabi/4.6.2/../../../../arm-none-eabi/lib/armv7-m\libc.a(lib_a-memmove.o)
 .ARM.attributes
                0x00000815       0x2d c:/nxp/lpcxpresso_6.1.4_194/lpcxpresso/tools/bin/../lib/gcc/arm-none-eabi/4.6.2/../../../../arm-none-eabi/lib/armv7-m\libc.a(lib_a-reallocr.o)
 .ARM.attributes
                0x00000842       0x2d c:/nxp/lpcxpresso_6.1.4_194/lpcxpresso/tools/bin/../lib/gcc/arm-none-eabi/4.6.2/../../../../arm-none-eabi/lib/armv7-m\libc.a(lib_a-reent.o)
 .ARM.attributes
                0x0000086f       0x31 c:/nxp/lpcxpresso_6.1.4_194/lpcxpresso/tools/bin/../lib/gcc/arm-none-eabi/4.6.2/../../../../arm-none-eabi/lib/armv7-m\libcr_newlib_semihost.a(_cr_sbrk.o)
 .ARM.attributes
                0x000008a0       0x31 c:/nxp/lpcxpresso_6.1.4_194/lpcxpresso/tools/bin/../lib/gcc/arm-none-eabi/4.6.2/../../../../arm-none-eabi/lib/armv7-m\libcr_newlib_semihost.a(_cr_check_heap.o)
 .ARM.attributes
                0x000008d1       0x1d c:/nxp/lpcxpresso_6.1.4_194/lpcxpresso/tools/bin/../lib/gcc/arm-none-eabi/4.6.2/armv7-m\libgcc.a(_arm_cmpdf2.o)
 .ARM.attributes
                0x000008ee       0x1d c:/nxp/lpcxpresso_6.1.4_194/lpcxpresso/tools/bin/../lib/gcc/arm-none-eabi/4.6.2/armv7-m\libgcc.a(_arm_fixdfsi.o)
 .ARM.attributes
                0x0000090b       0x2d c:/nxp/lpcxpresso_6.1.4_194/lpcxpresso/tools/bin/../lib/gcc/arm-none-eabi/4.6.2/../../../../arm-none-eabi/lib/armv7-m\libc.a(lib_a-errno.o)

.debug_frame    0x00000000     0x2094
 .debug_frame   0x00000000      0x120 ./src/cr_startup_lpc17.o
 .debug_frame   0x00000120      0x2fc ./src/main.o
 .debug_frame   0x0000041c      0x12c C:\Users\Kelvin\Documents\GitHub\ee2024\Lib_EaBaseBoard\Debug\libLib_EaBaseBoard.a(acc.o)
 .debug_frame   0x00000548       0x4c C:\Users\Kelvin\Documents\GitHub\ee2024\Lib_EaBaseBoard\Debug\libLib_EaBaseBoard.a(joystick.o)
 .debug_frame   0x00000594       0x4c C:\Users\Kelvin\Documents\GitHub\ee2024\Lib_EaBaseBoard\Debug\libLib_EaBaseBoard.a(led7seg.o)
 .debug_frame   0x000005e0      0x208 C:\Users\Kelvin\Documents\GitHub\ee2024\Lib_EaBaseBoard\Debug\libLib_EaBaseBoard.a(light.o)
 .debug_frame   0x000007e8      0x1ec C:\Users\Kelvin\Documents\GitHub\ee2024\Lib_EaBaseBoard\Debug\libLib_EaBaseBoard.a(oled.o)
 .debug_frame   0x000009d4      0x1a8 C:\Users\Kelvin\Documents\GitHub\ee2024\Lib_EaBaseBoard\Debug\libLib_EaBaseBoard.a(pca9532.o)
 .debug_frame   0x00000b7c       0x4c C:\Users\Kelvin\Documents\GitHub\ee2024\Lib_EaBaseBoard\Debug\libLib_EaBaseBoard.a(rgb.o)
 .debug_frame   0x00000bc8       0x50 C:\Users\Kelvin\Documents\GitHub\ee2024\Lib_EaBaseBoard\Debug\libLib_EaBaseBoard.a(temp.o)
 .debug_frame   0x00000c18      0x2c4 C:\Users\Kelvin\Documents\GitHub\ee2024\Lib_MCU\Debug\libLib_MCU.a(lpc17xx_gpio.o)
 .debug_frame   0x00000edc      0x2c8 C:\Users\Kelvin\Documents\GitHub\ee2024\Lib_MCU\Debug\libLib_MCU.a(lpc17xx_i2c.o)
 .debug_frame   0x000011a4       0xbc C:\Users\Kelvin\Documents\GitHub\ee2024\Lib_MCU\Debug\libLib_MCU.a(lpc17xx_pinsel.o)
 .debug_frame   0x00001260      0x280 C:\Users\Kelvin\Documents\GitHub\ee2024\Lib_MCU\Debug\libLib_MCU.a(lpc17xx_ssp.o)
 .debug_frame   0x000014e0      0x228 C:\Users\Kelvin\Documents\GitHub\ee2024\Lib_MCU\Debug\libLib_MCU.a(lpc17xx_timer.o)
 .debug_frame   0x00001708      0x10c C:\Users\Kelvin\Documents\GitHub\ee2024\Lib_MCU\Debug\libLib_MCU.a(lpc17xx_clkpwr.o)
 .debug_frame   0x00001814       0x48 C:\Users\Kelvin\Documents\GitHub\ee2024\Lib_CMSISv1p30_LPC17xx\Debug\libCMSISv1p30_LPC17xx.a(system_LPC17xx.o)
 .debug_frame   0x0000185c       0x50 c:/nxp/lpcxpresso_6.1.4_194/lpcxpresso/tools/bin/../lib/gcc/arm-none-eabi/4.6.2/armv7-m\libgcc.a(bpabi.o)
 .debug_frame   0x000018ac       0x34 c:/nxp/lpcxpresso_6.1.4_194/lpcxpresso/tools/bin/../lib/gcc/arm-none-eabi/4.6.2/armv7-m\libgcc.a(_divdi3.o)
 .debug_frame   0x000018e0       0x34 c:/nxp/lpcxpresso_6.1.4_194/lpcxpresso/tools/bin/../lib/gcc/arm-none-eabi/4.6.2/armv7-m\libgcc.a(_udivdi3.o)
 .debug_frame   0x00001914       0x2c c:/nxp/lpcxpresso_6.1.4_194/lpcxpresso/tools/bin/../lib/gcc/arm-none-eabi/4.6.2/../../../../arm-none-eabi/lib/armv7-m\libc.a(lib_a-memset.o)
 .debug_frame   0x00001940       0x64 c:/nxp/lpcxpresso_6.1.4_194/lpcxpresso/tools/bin/../lib/gcc/arm-none-eabi/4.6.2/../../../../arm-none-eabi/lib/armv7-m\libc.a(lib_a-sprintf.o)
 .debug_frame   0x000019a4       0x20 c:/nxp/lpcxpresso_6.1.4_194/lpcxpresso/tools/bin/../lib/gcc/arm-none-eabi/4.6.2/../../../../arm-none-eabi/lib/armv7-m\libc.a(lib_a-strcpy.o)
 .debug_frame   0x000019c4       0x3c c:/nxp/lpcxpresso_6.1.4_194/lpcxpresso/tools/bin/../lib/gcc/arm-none-eabi/4.6.2/../../../../arm-none-eabi/lib/armv7-m\libc.a(lib_a-svfprintf.o)
 .debug_frame   0x00001a00       0x64 c:/nxp/lpcxpresso_6.1.4_194/lpcxpresso/tools/bin/../lib/gcc/arm-none-eabi/4.6.2/../../../../arm-none-eabi/lib/armv7-m\libc.a(lib_a-dtoa.o)
 .debug_frame   0x00001a64       0x98 c:/nxp/lpcxpresso_6.1.4_194/lpcxpresso/tools/bin/../lib/gcc/arm-none-eabi/4.6.2/../../../../arm-none-eabi/lib/armv7-m\libc.a(lib_a-locale.o)
 .debug_frame   0x00001afc       0x38 c:/nxp/lpcxpresso_6.1.4_194/lpcxpresso/tools/bin/../lib/gcc/arm-none-eabi/4.6.2/../../../../arm-none-eabi/lib/armv7-m\libc.a(lib_a-mallocr.o)
 .debug_frame   0x00001b34       0x2c c:/nxp/lpcxpresso_6.1.4_194/lpcxpresso/tools/bin/../lib/gcc/arm-none-eabi/4.6.2/../../../../arm-none-eabi/lib/armv7-m\libc.a(lib_a-memchr.o)
 .debug_frame   0x00001b60       0x2c c:/nxp/lpcxpresso_6.1.4_194/lpcxpresso/tools/bin/../lib/gcc/arm-none-eabi/4.6.2/../../../../arm-none-eabi/lib/armv7-m\libc.a(lib_a-memcpy.o)
 .debug_frame   0x00001b8c       0x30 c:/nxp/lpcxpresso_6.1.4_194/lpcxpresso/tools/bin/../lib/gcc/arm-none-eabi/4.6.2/../../../../arm-none-eabi/lib/armv7-m\libc.a(lib_a-mlock.o)
 .debug_frame   0x00001bbc      0x228 c:/nxp/lpcxpresso_6.1.4_194/lpcxpresso/tools/bin/../lib/gcc/arm-none-eabi/4.6.2/../../../../arm-none-eabi/lib/armv7-m\libc.a(lib_a-mprec.o)
 .debug_frame   0x00001de4       0x20 c:/nxp/lpcxpresso_6.1.4_194/lpcxpresso/tools/bin/../lib/gcc/arm-none-eabi/4.6.2/../../../../arm-none-eabi/lib/armv7-m\libc.a(lib_a-s_fpclassify.o)
 .debug_frame   0x00001e04       0x2c c:/nxp/lpcxpresso_6.1.4_194/lpcxpresso/tools/bin/../lib/gcc/arm-none-eabi/4.6.2/../../../../arm-none-eabi/lib/armv7-m\libc.a(lib_a-sbrkr.o)
 .debug_frame   0x00001e30       0x30 c:/nxp/lpcxpresso_6.1.4_194/lpcxpresso/tools/bin/../lib/gcc/arm-none-eabi/4.6.2/../../../../arm-none-eabi/lib/armv7-m\libc.a(lib_a-strcmp.o)
 .debug_frame   0x00001e60       0x20 c:/nxp/lpcxpresso_6.1.4_194/lpcxpresso/tools/bin/../lib/gcc/arm-none-eabi/4.6.2/../../../../arm-none-eabi/lib/armv7-m\libc.a(lib_a-strlen.o)
 .debug_frame   0x00001e80       0x64 c:/nxp/lpcxpresso_6.1.4_194/lpcxpresso/tools/bin/../lib/gcc/arm-none-eabi/4.6.2/../../../../arm-none-eabi/lib/armv7-m\libc.a(lib_a-svfiprintf.o)
 .debug_frame   0x00001ee4       0x28 c:/nxp/lpcxpresso_6.1.4_194/lpcxpresso/tools/bin/../lib/gcc/arm-none-eabi/4.6.2/../../../../arm-none-eabi/lib/armv7-m\libc.a(lib_a-callocr.o)
 .debug_frame   0x00001f0c       0x50 c:/nxp/lpcxpresso_6.1.4_194/lpcxpresso/tools/bin/../lib/gcc/arm-none-eabi/4.6.2/../../../../arm-none-eabi/lib/armv7-m\libc.a(lib_a-freer.o)
 .debug_frame   0x00001f5c       0x2c c:/nxp/lpcxpresso_6.1.4_194/lpcxpresso/tools/bin/../lib/gcc/arm-none-eabi/4.6.2/../../../../arm-none-eabi/lib/armv7-m\libc.a(lib_a-memmove.o)
 .debug_frame   0x00001f88       0x38 c:/nxp/lpcxpresso_6.1.4_194/lpcxpresso/tools/bin/../lib/gcc/arm-none-eabi/4.6.2/../../../../arm-none-eabi/lib/armv7-m\libc.a(lib_a-reallocr.o)
 .debug_frame   0x00001fc0       0x68 c:/nxp/lpcxpresso_6.1.4_194/lpcxpresso/tools/bin/../lib/gcc/arm-none-eabi/4.6.2/../../../../arm-none-eabi/lib/armv7-m\libc.a(lib_a-reent.o)
 .debug_frame   0x00002028       0x2c c:/nxp/lpcxpresso_6.1.4_194/lpcxpresso/tools/bin/../lib/gcc/arm-none-eabi/4.6.2/../../../../arm-none-eabi/lib/armv7-m\libcr_newlib_semihost.a(_cr_sbrk.o)
 .debug_frame   0x00002054       0x20 c:/nxp/lpcxpresso_6.1.4_194/lpcxpresso/tools/bin/../lib/gcc/arm-none-eabi/4.6.2/../../../../arm-none-eabi/lib/armv7-m\libcr_newlib_semihost.a(_cr_check_heap.o)
 .debug_frame   0x00002074       0x20 c:/nxp/lpcxpresso_6.1.4_194/lpcxpresso/tools/bin/../lib/gcc/arm-none-eabi/4.6.2/../../../../arm-none-eabi/lib/armv7-m\libc.a(lib_a-errno.o)

.debug_pubnames
                0x00000000       0x68
 .debug_pubnames
                0x00000000       0x2e c:/nxp/lpcxpresso_6.1.4_194/lpcxpresso/tools/bin/../lib/gcc/arm-none-eabi/4.6.2/../../../../arm-none-eabi/lib/armv7-m\libcr_newlib_semihost.a(_cr_sbrk.o)
 .debug_pubnames
                0x0000002e       0x3a c:/nxp/lpcxpresso_6.1.4_194/lpcxpresso/tools/bin/../lib/gcc/arm-none-eabi/4.6.2/../../../../arm-none-eabi/lib/armv7-m\libcr_newlib_semihost.a(_cr_check_heap.o)

.debug_pubtypes
                0x00000000       0x1d
 .debug_pubtypes
                0x00000000       0x1d c:/nxp/lpcxpresso_6.1.4_194/lpcxpresso/tools/bin/../lib/gcc/arm-none-eabi/4.6.2/../../../../arm-none-eabi/lib/armv7-m\libcr_newlib_semihost.a(_cr_sbrk.o)
